Component: ARM Compiler 5.06 update 4 (build 422) Tool: armlink [4d35d2]

==============================================================================

Section Cross References

    main.o(.text) refers to misc.o(.text) for NVIC_PriorityGroupConfig
    main.o(.text) refers to delay.o(.text) for delay_init
    main.o(.text) refers to usart.o(.text) for uart_init
    main.o(.text) refers to led.o(.text) for LED_Init
    main.o(.text) refers to key.o(.text) for KEY_Init
    main.o(.text) refers to timer.o(.text) for TIM3_Init
    main.o(.text) refers to iap.o(.text) for Iap_Write
    system_stm32f4xx.o(.text) refers to system_stm32f4xx.o(.data) for SystemCoreClock
    led.o(.text) refers to stm32f4xx_rcc.o(.text) for RCC_AHB1PeriphClockCmd
    led.o(.text) refers to stm32f4xx_gpio.o(.text) for GPIO_Init
    led.o(.text) refers to led.o(.data) for LEDValue
    key.o(.text) refers to stm32f4xx_rcc.o(.text) for RCC_AHB1PeriphClockCmd
    key.o(.text) refers to stm32f4xx_gpio.o(.text) for GPIO_Init
    key.o(.text) refers to delay.o(.text) for delay_ms
    key.o(.text) refers to key.o(.data) for key_up
    stmflash.o(.text) refers to stm32f4xx_flash.o(.text) for FLASH_Unlock
    timer.o(.text) refers to stm32f4xx_rcc.o(.text) for RCC_APB1PeriphClockCmd
    timer.o(.text) refers to stm32f4xx_tim.o(.text) for TIM_TimeBaseInit
    timer.o(.text) refers to misc.o(.text) for NVIC_Init
    timer.o(.text) refers to system_stm32f4xx.o(.data) for SystemCoreClock
    timer.o(.text) refers to iap.o(.data) for MotorBackAdValue
    delay.o(.text) refers to misc.o(.text) for SysTick_CLKSourceConfig
    delay.o(.text) refers to delay.o(.data) for fac_us
    usart.o(.rev16_text) refers (Special) to use_no_semi_2.o(.text) for __use_no_semihosting
    usart.o(.revsh_text) refers (Special) to use_no_semi_2.o(.text) for __use_no_semihosting
    usart.o(.text) refers (Special) to use_no_semi_2.o(.text) for __use_no_semihosting
    usart.o(.text) refers to stm32f4xx_rcc.o(.text) for RCC_AHB1PeriphClockCmd
    usart.o(.text) refers to stm32f4xx_gpio.o(.text) for GPIO_PinAFConfig
    usart.o(.text) refers to stm32f4xx_usart.o(.text) for USART_Init
    usart.o(.text) refers to misc.o(.text) for NVIC_Init
    usart.o(.text) refers to stm32f4xx_dma.o(.text) for DMA_Init
    usart.o(.text) refers to usart.o(.bss) for USART_RX_BUF
    usart.o(.text) refers to usart.o(.data) for ValidDataLength
    usart.o(.bss) refers (Special) to use_no_semi_2.o(.text) for __use_no_semihosting
    usart.o(.data) refers (Special) to use_no_semi_2.o(.text) for __use_no_semihosting
    startup_stm32f429_439xx.o(STACK) refers (Special) to heapauxi.o(.text) for __use_two_region_memory
    startup_stm32f429_439xx.o(HEAP) refers (Special) to heapauxi.o(.text) for __use_two_region_memory
    startup_stm32f429_439xx.o(RESET) refers (Special) to heapauxi.o(.text) for __use_two_region_memory
    startup_stm32f429_439xx.o(RESET) refers to startup_stm32f429_439xx.o(STACK) for __initial_sp
    startup_stm32f429_439xx.o(RESET) refers to startup_stm32f429_439xx.o(.text) for Reset_Handler
    startup_stm32f429_439xx.o(RESET) refers to stm32f4xx_it.o(.text) for NMI_Handler
    startup_stm32f429_439xx.o(RESET) refers to timer.o(.text) for TIM3_IRQHandler
    startup_stm32f429_439xx.o(RESET) refers to usart.o(.text) for USART1_IRQHandler
    startup_stm32f429_439xx.o(.text) refers (Special) to heapauxi.o(.text) for __use_two_region_memory
    startup_stm32f429_439xx.o(.text) refers to system_stm32f4xx.o(.text) for SystemInit
    startup_stm32f429_439xx.o(.text) refers to __main.o(!!!main) for __main
    startup_stm32f429_439xx.o(.text) refers to startup_stm32f429_439xx.o(HEAP) for Heap_Mem
    startup_stm32f429_439xx.o(.text) refers to startup_stm32f429_439xx.o(STACK) for Stack_Mem
    stm32f4xx_gpio.o(.text) refers to stm32f4xx_rcc.o(.text) for RCC_AHB1PeriphResetCmd
    stm32f4xx_rcc.o(.text) refers to stm32f4xx_rcc.o(.data) for APBAHBPrescTable
    stm32f4xx_syscfg.o(.text) refers to stm32f4xx_rcc.o(.text) for RCC_APB2PeriphResetCmd
    stm32f4xx_usart.o(.text) refers to stm32f4xx_rcc.o(.text) for RCC_APB2PeriphResetCmd
    stm32f4xx_dma2d.o(.text) refers to stm32f4xx_rcc.o(.text) for RCC_AHB1PeriphResetCmd
    stm32f4xx_tim.o(.text) refers to stm32f4xx_rcc.o(.text) for RCC_APB2PeriphResetCmd
    iap.o(.text) refers to sys.o(.emb_text) for MSR_MSP
    iap.o(.text) refers to noretval__2printf.o(.text) for __2printf
    iap.o(.text) refers to usart.o(.text) for Usart_SendData
    iap.o(.text) refers to iap.o(.data) for jump2app
    iap.o(.text) refers to stm32f4xx_tim.o(.text) for TIM_Cmd
    iap.o(.text) refers to rt_memclr.o(.text) for __aeabi_memclr
    iap.o(.text) refers to usart.o(.bss) for USART_RX_BUF
    iap.o(.text) refers to usart.o(.data) for RecFlag
    use_no_semi_2.o(.text) refers (Special) to use_no_semi.o(.text) for __use_no_semihosting_swi
    __2printf.o(.text) refers to _printf_char_file.o(.text) for _printf_char_file
[...]
    libinit.o(.ARM.Collect$$libinit$$00000000) refers (Special) to libinit2.o(.ARM.Collect$$libinit$$00000033) for __rt_lib_init_return
    libinit.o(.ARM.Collect$$libinit$$00000000) refers (Special) to libinit2.o(.ARM.Collect$$libinit$$0000001D) for __rt_lib_init_signal_1
    libinit.o(.ARM.Collect$$libinit$$00000000) refers (Special) to libinit2.o(.ARM.Collect$$libinit$$00000025) for __rt_lib_init_stdio_1
    libinit.o(.ARM.Collect$$libinit$$00000000) refers (Special) to libinit2.o(.ARM.Collect$$libinit$$0000000C) for __rt_lib_init_user_alloc_1
    libspace.o(.text) refers to libspace.o(.bss) for __libspace_start
    rtexit.o(.ARM.Collect$$rtexit$$00000000) refers (Special) to rtexit2.o(.ARM.Collect$$rtexit$$00000004) for __rt_exit_exit
    rtexit.o(.ARM.Collect$$rtexit$$00000000) refers (Special) to rtexit2.o(.ARM.Collect$$rtexit$$00000003) for __rt_exit_ls
    rtexit.o(.ARM.Collect$$rtexit$$00000000) refers (Special) to rtexit2.o(.ARM.Collect$$rtexit$$00000002) for __rt_exit_prels_1
    rtexit.o(.ARM.exidx) refers (Special) to rtexit2.o(.ARM.Collect$$rtexit$$00000004) for __rt_exit_exit
    rtexit.o(.ARM.exidx) refers (Special) to rtexit2.o(.ARM.Collect$$rtexit$$00000003) for __rt_exit_ls
    rtexit.o(.ARM.exidx) refers (Special) to rtexit2.o(.ARM.Collect$$rtexit$$00000002) for __rt_exit_prels_1
    rtexit.o(.ARM.exidx) refers to rtexit.o(.ARM.Collect$$rtexit$$00000000) for .ARM.Collect$$rtexit$$00000000
    libinit2.o(.ARM.Collect$$libinit$$00000001) refers to fpinit.o(x$fpl$fpinit) for _fp_init
    libinit2.o(.ARM.Collect$$libinit$$00000010) refers to libinit2.o(.ARM.Collect$$libinit$$0000000F) for .ARM.Collect$$libinit$$0000000F
    libinit2.o(.ARM.Collect$$libinit$$00000012) refers to libinit2.o(.ARM.Collect$$libinit$$0000000F) for .ARM.Collect$$libinit$$0000000F
    libinit2.o(.ARM.Collect$$libinit$$00000014) refers to libinit2.o(.ARM.Collect$$libinit$$0000000F) for .ARM.Collect$$libinit$$0000000F
    libinit2.o(.ARM.Collect$$libinit$$00000016) refers to libinit2.o(.ARM.Collect$$libinit$$0000000F) for .ARM.Collect$$libinit$$0000000F
    libinit2.o(.ARM.Collect$$libinit$$00000018) refers to libinit2.o(.ARM.Collect$$libinit$$0000000F) for .ARM.Collect$$libinit$$0000000F
    libinit2.o(.ARM.Collect$$libinit$$00000026) refers to argv_veneer.o(.emb_text) for __ARM_argv_veneer
    libinit2.o(.ARM.Collect$$libinit$$00000027) refers to argv_veneer.o(.emb_text) for __ARM_argv_veneer
    rtexit2.o(.ARM.Collect$$rtexit$$00000003) refers to libshutdown.o(.ARM.Collect$$libshutdown$$00000000) for __rt_lib_shutdown
    rtexit2.o(.ARM.Collect$$rtexit$$00000004) refers to usart.o(.text) for _sys_exit
    rtexit2.o(.ARM.exidx) refers to rtexit2.o(.ARM.Collect$$rtexit$$00000001) for .ARM.Collect$$rtexit$$00000001
    rtexit2.o(.ARM.exidx) refers to rtexit2.o(.ARM.Collect$$rtexit$$00000003) for .ARM.Collect$$rtexit$$00000003
    rtexit2.o(.ARM.exidx) refers to rtexit2.o(.ARM.Collect$$rtexit$$00000004) for .ARM.Collect$$rtexit$$00000004
    argv_veneer.o(.emb_text) refers to no_argv.o(.text) for __ARM_get_argv
    _get_argv_nomalloc.o(.text) refers (Special) to hrguard.o(.text) for __heap_region$guard
    _get_argv_nomalloc.o(.text) refers to defsig_rtmem_outer.o(.text) for __rt_SIGRTMEM
    _get_argv_nomalloc.o(.text) refers to sys_command.o(.text) for _sys_command_string
    libshutdown.o(.ARM.Collect$$libshutdown$$00000000) refers (Special) to libshutdown2.o(.ARM.Collect$$libshutdown$$00000002) for __rt_lib_shutdown_cpp_1
    libshutdown.o(.ARM.Collect$$libshutdown$$00000000) refers (Special) to libshutdown2.o(.ARM.Collect$$libshutdown$$00000007) for __rt_lib_shutdown_fp_trap_1
    libshutdown.o(.ARM.Collect$$libshutdown$$00000000) refers (Special) to libshutdown2.o(.ARM.Collect$$libshutdown$$0000000F) for __rt_lib_shutdown_heap_1
    libshutdown.o(.ARM.Collect$$libshutdown$$00000000) refers (Special) to libshutdown2.o(.ARM.Collect$$libshutdown$$00000010) for __rt_lib_shutdown_return
    libshutdown.o(.ARM.Collect$$libshutdown$$00000000) refers (Special) to libshutdown2.o(.ARM.Collect$$libshutdown$$0000000A) for __rt_lib_shutdown_signal_1
    libshutdown.o(.ARM.Collect$$libshutdown$$00000000) refers (Special) to libshutdown2.o(.ARM.Collect$$libshutdown$$00000004) for __rt_lib_shutdown_stdio_1
    libshutdown.o(.ARM.Collect$$libshutdown$$00000000) refers (Special) to libshutdown2.o(.ARM.Collect$$libshutdown$$0000000C) for __rt_lib_shutdown_user_alloc_1
    sys_command.o(.text) refers (Special) to use_no_semi.o(.text) for __I$use$semihosting
    sys_command.o(.text) refers (Special) to indicate_semi.o(.text) for __semihosting_library_function
    defsig_rtmem_outer.o(.text) refers to defsig_rtmem_inner.o(.text) for __rt_SIGRTMEM_inner
    defsig_rtmem_outer.o(.text) refers to defsig_exit.o(.text) for __sig_exit
    defsig_rtmem_formal.o(.text) refers to rt_raise.o(.text) for __rt_raise
    rt_raise.o(.text) refers to __raise.o(.text) for __raise
    rt_raise.o(.text) refers to usart.o(.text) for _sys_exit
    defsig_exit.o(.text) refers to usart.o(.text) for _sys_exit
    defsig_rtmem_inner.o(.text) refers to defsig_general.o(.text) for __default_signal_display
    __raise.o(.text) refers to defsig.o(CL$$defsig) for __default_signal_handler
    defsig_general.o(.text) refers to sys_wrch.o(.text) for _ttywrch
    sys_wrch.o(.text) refers (Special) to use_no_semi.o(.text) for __I$use$semihosting
    sys_wrch.o(.text) refers (Special) to indicate_semi.o(.text) for __semihosting_library_function
    defsig.o(CL$$defsig) refers to defsig_rtmem_inner.o(.text) for __rt_SIGRTMEM_inner
    defsig_abrt_inner.o(.text) refers to defsig_general.o(.text) for __default_signal_display
    defsig_fpe_inner.o(.text) refers to defsig_general.o(.text) for __default_signal_display
    defsig_rtred_inner.o(.text) refers to defsig_general.o(.text) for __default_signal_display
    defsig_stak_inner.o(.text) refers to defsig_general.o(.text) for __default_signal_display
    defsig_pvfn_inner.o(.text) refers to defsig_general.o(.text) for __default_signal_display
    defsig_cppl_inner.o(.text) refers to defsig_general.o(.text) for __default_signal_display
    defsig_segv_inner.o(.text) refers to defsig_general.o(.text) for __default_signal_display
    defsig_other.o(.text) refers to defsig_general.o(.text) for __default_signal_display


==============================================================================

Removing Unused input sections from the image.

    Removing main.o(.rev16_text), (4 bytes).
    Removing main.o(.revsh_text), (4 bytes).
    Removing stm32f4xx_it.o(.rev16_text), (4 bytes).
    Removing stm32f4xx_it.o(.revsh_text), (4 bytes).
    Removing system_stm32f4xx.o(.rev16_text), (4 bytes).
    Removing system_stm32f4xx.o(.revsh_text), (4 bytes).
    Removing led.o(.rev16_text), (4 bytes).
    Removing led.o(.revsh_text), (4 bytes).
    Removing key.o(.rev16_text), (4 bytes).
    Removing key.o(.revsh_text), (4 bytes).
    Removing stmflash.o(.rev16_text), (4 bytes).
    Removing stmflash.o(.revsh_text), (4 bytes).
    Removing stmflash.o(.text), (348 bytes).
    Removing timer.o(.rev16_text), (4 bytes).
    Removing timer.o(.revsh_text), (4 bytes).
    Removing delay.o(.rev16_text), (4 bytes).
    Removing delay.o(.revsh_text), (4 bytes).
    Removing sys.o(.rev16_text), (4 bytes).
    Removing sys.o(.revsh_text), (4 bytes).
    Removing usart.o(.rev16_text), (4 bytes).
    Removing usart.o(.revsh_text), (4 bytes).
    Removing misc.o(.rev16_text), (4 bytes).
    Removing misc.o(.revsh_text), (4 bytes).
    Removing stm32f4xx_gpio.o(.rev16_text), (4 bytes).
    Removing stm32f4xx_gpio.o(.revsh_text), (4 bytes).
    Removing stm32f4xx_rcc.o(.rev16_text), (4 bytes).
    Removing stm32f4xx_rcc.o(.revsh_text), (4 bytes).
    Removing stm32f4xx_syscfg.o(.rev16_text), (4 bytes).
    Removing stm32f4xx_syscfg.o(.revsh_text), (4 bytes).
    Removing stm32f4xx_syscfg.o(.text), (148 bytes).
    Removing stm32f4xx_usart.o(.rev16_text), (4 bytes).
    Removing stm32f4xx_usart.o(.revsh_text), (4 bytes).
    Removing stm32f4xx_flash.o(.rev16_text), (4 bytes).
    Removing stm32f4xx_flash.o(.revsh_text), (4 bytes).
    Removing stm32f4xx_flash.o(.text), (1688 bytes).
    Removing stm32f4xx_dma.o(.rev16_text), (4 bytes).
    Removing stm32f4xx_dma.o(.revsh_text), (4 bytes).
    Removing stm32f4xx_dma2d.o(.rev16_text), (4 bytes).
    Removing stm32f4xx_dma2d.o(.revsh_text), (4 bytes).
    Removing stm32f4xx_dma2d.o(.text), (948 bytes).
    Removing stm32f4xx_crc.o(.rev16_text), (4 bytes).
    Removing stm32f4xx_crc.o(.revsh_text), (4 bytes).
    Removing stm32f4xx_crc.o(.text), (72 bytes).
    Removing stm32f4xx_tim.o(.rev16_text), (4 bytes).
    Removing stm32f4xx_tim.o(.revsh_text), (4 bytes).
    Removing iap.o(.rev16_text), (4 bytes).
    Removing iap.o(.revsh_text), (4 bytes).

47 unused section(s) (total 3372 bytes) removed from the image.

==============================================================================

Image Symbol Table

    Local Symbols

    Symbol Name                              Value     Ov Type        Size  Object(Section)

    ../clib/angel/boardlib.s                 0x00000000   Number         0  boardinit2.o ABSOLUTE
    ../clib/angel/boardlib.s                 0x00000000   Number         0  boardinit3.o ABSOLUTE
    ../clib/angel/boardlib.s                 0x00000000   Number         0  boardshut.o ABSOLUTE
    ../clib/angel/boardlib.s                 0x00000000   Number         0  boardinit1.o ABSOLUTE
    ../clib/angel/handlers.s                 0x00000000   Number         0  __scatter_zi.o ABSOLUTE
    ../clib/angel/handlers.s                 0x00000000   Number         0  __scatter_copy.o ABSOLUTE
    ../clib/angel/kernel.s                   0x00000000   Number         0  __rtentry2.o ABSOLUTE
    ../clib/angel/kernel.s                   0x00000000   Number         0  rtexit2.o ABSOLUTE
    ../clib/angel/kernel.s                   0x00000000   Number         0  __rtentry4.o ABSOLUTE
    ../clib/angel/kernel.s                   0x00000000   Number         0  __rtentry.o ABSOLUTE
    ../clib/angel/kernel.s                   0x00000000   Number         0  rtexit.o ABSOLUTE
    ../clib/angel/rt.s                       0x00000000   Number         0  rt_raise.o ABSOLUTE
    ../clib/angel/scatter.s                  0x00000000   Number         0  __scatter.o ABSOLUTE
    ../clib/angel/startup.s                  0x00000000   Number         0  __main.o ABSOLUTE
    ../clib/angel/sys.s                      0x00000000   Number         0  use_no_semi_2.o ABSOLUTE
    ../clib/angel/sys.s                      0x00000000   Number         0  use_no_semi.o ABSOLUTE
    ../clib/angel/sys.s                      0x00000000   Number         0  indicate_semi.o ABSOLUTE
    ../clib/angel/sys.s                      0x00000000   Number         0  libspace.o ABSOLUTE
    ../clib/angel/sys.s                      0x00000000   Number         0  sys_stackheap_outer.o ABSOLUTE
    ../clib/angel/sysapp.c                   0x00000000   Number         0  sys_command.o ABSOLUTE
    ../clib/angel/sysapp.c                   0x00000000   Number         0  sys_wrch.o ABSOLUTE
    ../clib/armsys.c                         0x00000000   Number         0  argv_veneer.o ABSOLUTE
    ../clib/armsys.c                         0x00000000   Number         0  no_argv.o ABSOLUTE
    ../clib/armsys.c                         0x00000000   Number         0  _get_argv_nomalloc.o ABSOLUTE
    ../clib/armsys.c                         0x00000000   Number         0  argv_veneer.o ABSOLUTE
    ../clib/heapalloc.c                      0x00000000   Number         0  hrguard.o ABSOLUTE
    ../clib/heapaux.c                        0x00000000   Number         0  heapauxi.o ABSOLUTE
    ../clib/libinit.s                        0x00000000   Number         0  libshutdown2.o ABSOLUTE
    ../clib/libinit.s                        0x00000000   Number         0  libinit.o ABSOLUTE
    ../clib/libinit.s                        0x00000000   Number         0  libinit2.o ABSOLUTE
    ../clib/libinit.s                        0x00000000   Number         0  libshutdown.o ABSOLUTE
    ../clib/memcpset.s                       0x00000000   Number         0  rt_memclr_w.o ABSOLUTE
    ../clib/memcpset.s                       0x00000000   Number         0  rt_memclr.o ABSOLUTE
    ../clib/printf.c                         0x00000000   Number         0  noretval__2printf.o ABSOLUTE
    ../clib/printf.c                         0x00000000   Number         0  __2printf.o ABSOLUTE
    ../clib/printf.c                         0x00000000   Number         0  __printf_nopercent.o ABSOLUTE
    ../clib/printf.c                         0x00000000   Number         0  _printf_char_file.o ABSOLUTE
    ../clib/printf.c                         0x00000000   Number         0  _printf_char_common.o ABSOLUTE
    ../clib/signal.c                         0x00000000   Number         0  defsig_rtmem_outer.o ABSOLUTE
    ../clib/signal.c                         0x00000000   Number         0  defsig_segv_inner.o ABSOLUTE
    ../clib/signal.c                         0x00000000   Number         0  defsig_other.o ABSOLUTE
    ../clib/signal.c                         0x00000000   Number         0  defsig_general.o ABSOLUTE
    ../clib/signal.c                         0x00000000   Number         0  defsig_abrt_inner.o ABSOLUTE
    ../clib/signal.c                         0x00000000   Number         0  defsig_rtmem_formal.o ABSOLUTE
    ../clib/signal.c                         0x00000000   Number         0  defsig_exit.o ABSOLUTE
    ../clib/signal.c                         0x00000000   Number         0  defsig_rtmem_inner.o ABSOLUTE
    ../clib/signal.c                         0x00000000   Number         0  __raise.o ABSOLUTE
    ../clib/signal.c                         0x00000000   Number         0  defsig_fpe_inner.o ABSOLUTE
    ../clib/signal.c                         0x00000000   Number         0  defsig_rtred_inner.o ABSOLUTE
    ../clib/signal.c                         0x00000000   Number         0  defsig_stak_inner.o ABSOLUTE
    ../clib/signal.c                         0x00000000   Number         0  defsig_pvfn_inner.o ABSOLUTE
    ../clib/signal.c                         0x00000000   Number         0  defsig_cppl_inner.o ABSOLUTE
    ../clib/signal.s                         0x00000000   Number         0  defsig.o ABSOLUTE
    ../clib/stdio.c                          0x00000000   Number         0  ferror.o ABSOLUTE
    ../clib/stdio.c                          0x00000000   Number         0  ferror_locked.o ABSOLUTE
    ../clib/stdlib.c                         0x00000000   Number         0  exit.o ABSOLUTE
    ../fplib/fpinit.s                        0x00000000   Number         0  fpinit.o ABSOLUTE
    ..\CORE\startup_stm32f429_439xx.s        0x00000000   Number         0  startup_stm32f429_439xx.o ABSOLUTE
    ..\FWLIB\src\misc.c                      0x00000000   Number         0  misc.o ABSOLUTE
    ..\FWLIB\src\stm32f4xx_crc.c             0x00000000   Number         0  stm32f4xx_crc.o ABSOLUTE
    ..\FWLIB\src\stm32f4xx_dma.c             0x00000000   Number         0  stm32f4xx_dma.o ABSOLUTE
    ..\FWLIB\src\stm32f4xx_dma2d.c           0x00000000   Number         0  stm32f4xx_dma2d.o ABSOLUTE
    ..\FWLIB\src\stm32f4xx_flash.c           0x00000000   Number         0  stm32f4xx_flash.o ABSOLUTE
    ..\FWLIB\src\stm32f4xx_gpio.c            0x00000000   Number         0  stm32f4xx_gpio.o ABSOLUTE
    ..\FWLIB\src\stm32f4xx_rcc.c             0x00000000   Number         0  stm32f4xx_rcc.o ABSOLUTE
    ..\FWLIB\src\stm32f4xx_syscfg.c          0x00000000   Number         0  stm32f4xx_syscfg.o ABSOLUTE
    ..\FWLIB\src\stm32f4xx_tim.c             0x00000000   Number         0  stm32f4xx_tim.o ABSOLUTE
    ..\FWLIB\src\stm32f4xx_usart.c           0x00000000   Number         0  stm32f4xx_usart.o ABSOLUTE
    ..\HARDWARE\KEY\key.c                    0x00000000   Number         0  key.o ABSOLUTE
    ..\HARDWARE\LED\led.c                    0x00000000   Number         0  led.o ABSOLUTE
    ..\HARDWARE\STMFLASH\stmflash.c          0x00000000   Number         0  stmflash.o ABSOLUTE
    ..\HARDWARE\TIM\timer.c                  0x00000000   Number         0  timer.o ABSOLUTE
    ..\IAP\iap.c                             0x00000000   Number         0  iap.o ABSOLUTE
    ..\SYSTEM\delay\delay.c                  0x00000000   Number         0  delay.o ABSOLUTE
    ..\SYSTEM\sys\sys.c                      0x00000000   Number         0  sys.o ABSOLUTE
    ..\SYSTEM\usart\usart.c                  0x00000000   Number         0  usart.o ABSOLUTE
    ..\\FWLIB\\src\\misc.c                   0x00000000   Number         0  misc.o ABSOLUTE
    ..\\FWLIB\\src\\stm32f4xx_crc.c          0x00000000   Number         0  stm32f4xx_crc.o ABSOLUTE
    ..\\FWLIB\\src\\stm32f4xx_dma.c          0x00000000   Number         0  stm32f4xx_dma.o ABSOLUTE
    ..\\FWLIB\\src\\stm32f4xx_dma2d.c        0x00000000   Number         0  stm32f4xx_dma2d.o ABSOLUTE
    ..\\FWLIB\\src\\stm32f4xx_flash.c        0x00000000   Number         0  stm32f4xx_flash.o ABSOLUTE
    ..\\FWLIB\\src\\stm32f4xx_gpio.c         0x00000000   Number         0  stm32f4xx_gpio.o ABSOLUTE
    ..\\FWLIB\\src\\stm32f4xx_rcc.c          0x00000000   Number         0  stm32f4xx_rcc.o ABSOLUTE
    ..\\FWLIB\\src\\stm32f4xx_syscfg.c       0x00000000   Number         0  stm32f4xx_syscfg.o ABSOLUTE
    ..\\FWLIB\\src\\stm32f4xx_tim.c          0x00000000   Number         0  stm32f4xx_tim.o ABSOLUTE
    ..\\FWLIB\\src\\stm32f4xx_usart.c        0x00000000   Number         0  stm32f4xx_usart.o ABSOLUTE
    ..\\HARDWARE\\KEY\\key.c                 0x00000000   Number         0  key.o ABSOLUTE
    ..\\HARDWARE\\LED\\led.c                 0x00000000   Number         0  led.o ABSOLUTE
    ..\\HARDWARE\\STMFLASH\\stmflash.c       0x00000000   Number         0  stmflash.o ABSOLUTE
    ..\\HARDWARE\\TIM\\timer.c               0x00000000   Number         0  timer.o ABSOLUTE
    ..\\IAP\\iap.c                           0x00000000   Number         0  iap.o ABSOLUTE
    ..\\SYSTEM\\delay\\delay.c               0x00000000   Number         0  delay.o ABSOLUTE
    ..\\SYSTEM\\sys\\sys.c                   0x00000000   Number         0  sys.o ABSOLUTE
    ..\\SYSTEM\\usart\\usart.c               0x00000000   Number         0  usart.o ABSOLUTE
    dc.s                                     0x00000000   Number         0  dc.o ABSOLUTE
    main.c                                   0x00000000   Number         0  main.o ABSOLUTE
    main.c                                   0x00000000   Number         0  main.o ABSOLUTE
    stm32f4xx_it.c                           0x00000000   Number         0  stm32f4xx_it.o ABSOLUTE
    stm32f4xx_it.c                           0x00000000   Number         0  stm32f4xx_it.o ABSOLUTE
    system_stm32f4xx.c                       0x00000000   Number         0  system_stm32f4xx.o ABSOLUTE
    system_stm32f4xx.c                       0x00000000   Number         0  system_stm32f4xx.o ABSOLUTE
    RESET                                    0x08010000   Section      428  startup_stm32f429_439xx.o(RESET)
    !!!main                                  0x080101ac   Section        8  __main.o(!!!main)
    !!!scatter                               0x080101b4   Section       52  __scatter.o(!!!scatter)
    !!handler_copy                           0x080101e8   Section       26  __scatter_copy.o(!!handler_copy)
    !!handler_zi                             0x08010204   Section       28  __scatter_zi.o(!!handler_zi)
    .ARM.Collect$$libinit$$00000000          0x08010220   Section        2  libinit.o(.ARM.Collect$$libinit$$00000000)
    .ARM.Collect$$libinit$$00000001          0x08010222   Section        4  libinit2.o(.ARM.Collect$$libinit$$00000001)
    .ARM.Collect$$libinit$$00000004          0x08010226   Section        0  libinit2.o(.ARM.Collect$$libinit$$00000004)
    .ARM.Collect$$libinit$$0000000A          0x08010226   Section        0  libinit2.o(.ARM.Collect$$libinit$$0000000A)
    .ARM.Collect$$libinit$$0000000C          0x08010226   Section        0  libinit2.o(.ARM.Collect$$libinit$$0000000C)
    .ARM.Collect$$libinit$$0000000E          0x08010226   Section        0  libinit2.o(.ARM.Collect$$libinit$$0000000E)
    .ARM.Collect$$libinit$$00000011          0x08010226   Section        0  libinit2.o(.ARM.Collect$$libinit$$00000011)
    .ARM.Collect$$libinit$$00000013          0x08010226   Section        0  libinit2.o(.ARM.Collect$$libinit$$00000013)
    .ARM.Collect$$libinit$$00000015          0x08010226   Section        0  libinit2.o(.ARM.Collect$$libinit$$00000015)
    .ARM.Collect$$libinit$$00000017          0x08010226   Section        0  libinit2.o(.ARM.Collect$$libinit$$00000017)
    .ARM.Collect$$libinit$$00000019          0x08010226   Section        0  libinit2.o(.ARM.Collect$$libinit$$00000019)
    .ARM.Collect$$libinit$$0000001B          0x08010226   Section        0  libinit2.o(.ARM.Collect$$libinit$$0000001B)
    .ARM.Collect$$libinit$$0000001D          0x08010226   Section        0  libinit2.o(.ARM.Collect$$libinit$$0000001D)
    .ARM.Collect$$libinit$$0000001F          0x08010226   Section        0  libinit2.o(.ARM.Collect$$libinit$$0000001F)
    .ARM.Collect$$libinit$$00000021          0x08010226   Section        0  libinit2.o(.ARM.Collect$$libinit$$00000021)
    .ARM.Collect$$libinit$$00000023          0x08010226   Section        0  libinit2.o(.ARM.Collect$$libinit$$00000023)
    .ARM.Collect$$libinit$$00000025          0x08010226   Section        0  libinit2.o(.ARM.Collect$$libinit$$00000025)
    .ARM.Collect$$libinit$$0000002C          0x08010226   Section        0  libinit2.o(.ARM.Collect$$libinit$$0000002C)
    .ARM.Collect$$libinit$$0000002E          0x08010226   Section        0  libinit2.o(.ARM.Collect$$libinit$$0000002E)
    .ARM.Collect$$libinit$$00000030          0x08010226   Section        0  libinit2.o(.ARM.Collect$$libinit$$00000030)
    .ARM.Collect$$libinit$$00000032          0x08010226   Section        0  libinit2.o(.ARM.Collect$$libinit$$00000032)
    .ARM.Collect$$libinit$$00000033          0x08010226   Section        2  libinit2.o(.ARM.Collect$$libinit$$00000033)
    .ARM.Collect$$libshutdown$$00000000      0x08010228   Section        2  libshutdown.o(.ARM.Collect$$libshutdown$$00000000)
    .ARM.Collect$$libshutdown$$00000002      0x0801022a   Section        0  libshutdown2.o(.ARM.Collect$$libshutdown$$00000002)
    .ARM.Collect$$libshutdown$$00000004      0x0801022a   Section        0  libshutdown2.o(.ARM.Collect$$libshutdown$$00000004)
    .ARM.Collect$$libshutdown$$00000007      0x0801022a   Section        0  libshutdown2.o(.ARM.Collect$$libshutdown$$00000007)
    .ARM.Collect$$libshutdown$$0000000A      0x0801022a   Section        0  libshutdown2.o(.ARM.Collect$$libshutdown$$0000000A)
    .ARM.Collect$$libshutdown$$0000000C      0x0801022a   Section        0  libshutdown2.o(.ARM.Collect$$libshutdown$$0000000C)
    .ARM.Collect$$libshutdown$$0000000F      0x0801022a   Section        0  libshutdown2.o(.ARM.Collect$$libshutdown$$0000000F)
    .ARM.Collect$$libshutdown$$00000010      0x0801022a   Section        2  libshutdown2.o(.ARM.Collect$$libshutdown$$00000010)
    .ARM.Collect$$rtentry$$00000000          0x0801022c   Section        0  __rtentry.o(.ARM.Collect$$rtentry$$00000000)
    .ARM.Collect$$rtentry$$00000002          0x0801022c   Section        0  __rtentry2.o(.ARM.Collect$$rtentry$$00000002)
    .ARM.Collect$$rtentry$$00000004          0x0801022c   Section        6  __rtentry4.o(.ARM.Collect$$rtentry$$00000004)
    .ARM.Collect$$rtentry$$00000009          0x08010232   Section        0  __rtentry2.o(.ARM.Collect$$rtentry$$00000009)
    .ARM.Collect$$rtentry$$0000000A          0x08010232   Section        4  __rtentry2.o(.ARM.Collect$$rtentry$$0000000A)
    .ARM.Collect$$rtentry$$0000000C          0x08010236   Section        0  __rtentry2.o(.ARM.Collect$$rtentry$$0000000C)
    .ARM.Collect$$rtentry$$0000000D          0x08010236   Section        8  __rtentry2.o(.ARM.Collect$$rtentry$$0000000D)
    .ARM.Collect$$rtexit$$00000000           0x0801023e   Section        2  rtexit.o(.ARM.Collect$$rtexit$$00000000)
    .ARM.Collect$$rtexit$$00000002           0x08010240   Section        0  rtexit2.o(.ARM.Collect$$rtexit$$00000002)
    .ARM.Collect$$rtexit$$00000003           0x08010240   Section        4  rtexit2.o(.ARM.Collect$$rtexit$$00000003)
    .ARM.Collect$$rtexit$$00000004           0x08010244   Section        6  rtexit2.o(.ARM.Collect$$rtexit$$00000004)
    .emb_text                                0x0801024c   Section       16  sys.o(.emb_text)
    $v0                                      0x0801024c   Number         0  sys.o(.emb_text)
    .text                                    0x0801025c   Section        0  main.o(.text)
    .text                                    0x0801029c   Section        0  stm32f4xx_it.o(.text)
    .text                                    0x080102b8   Section        0  system_stm32f4xx.o(.text)
    SetSysClock                              0x080102b9   Thumb Code   272  system_stm32f4xx.o(.text)
    .text                                    0x080104fc   Section        0  led.o(.text)
    .text                                    0x0801056c   Section        0  key.o(.text)
    .text                                    0x08010660   Section        0  timer.o(.text)
    .text                                    0x08010764   Section        0  delay.o(.text)
    .text                                    0x08010868   Section        0  usart.o(.text)
    .text                                    0x08010a58   Section       64  startup_stm32f429_439xx.o(.text)
    $v0                                      0x08010a58   Number         0  startup_stm32f429_439xx.o(.text)
    .text                                    0x08010a98   Section        0  misc.o(.text)
    .text                                    0x08010b78   Section        0  stm32f4xx_gpio.o(.text)
    .text                                    0x08010e0c   Section        0  stm32f4xx_rcc.o(.text)
    .text                                    0x0801146c   Section        0  stm32f4xx_usart.o(.text)
    .text                                    0x080118c0   Section        0  stm32f4xx_dma.o(.text)
    .text                                    0x08011c68   Section        0  stm32f4xx_tim.o(.text)
    TI4_Config                               0x08012407   Thumb Code    80  stm32f4xx_tim.o(.text)
    TI3_Config                               0x08012469   Thumb Code    72  stm32f4xx_tim.o(.text)
    TI2_Config                               0x080124cb   Thumb Code    90  stm32f4xx_tim.o(.text)
    TI1_Config                               0x08012537   Thumb Code    58  stm32f4xx_tim.o(.text)
    .text                                    0x0801290c   Section        0  iap.o(.text)
    .text                                    0x080134d0   Section        2  use_no_semi_2.o(.text)
    .text                                    0x080134d4   Section        0  noretval__2printf.o(.text)
    .text                                    0x080134ec   Section       68  rt_memclr.o(.text)
    .text                                    0x08013530   Section        0  heapauxi.o(.text)
    .text                                    0x08013536   Section        2  use_no_semi.o(.text)
    .text                                    0x08013538   Section        0  _printf_char_file.o(.text)
    .text                                    0x0801355c   Section       78  rt_memclr_w.o(.text)
    .text                                    0x080135ac   Section        0  _printf_char_common.o(.text)
    _printf_input_char                       0x080135ad   Thumb Code    10  _printf_char_common.o(.text)
    .text                                    0x080135dc   Section        0  ferror.o(.text)
    .text                                    0x080135e4   Section       74  sys_stackheap_outer.o(.text)
    .text                                    0x0801362e   Section        0  __printf_nopercent.o(.text)
    .text                                    0x08013656   Section        0  exit.o(.text)
    .text                                    0x08013668   Section        8  libspace.o(.text)
    x$fpl$fpinit                             0x08013670   Section       10  fpinit.o(x$fpl$fpinit)
    $v0                                      0x08013670   Number         0  fpinit.o(x$fpl$fpinit)
    .data                                    0x20000000   Section       20  system_stm32f4xx.o(.data)
    .data                                    0x20000014   Section        2  led.o(.data)
    .data                                    0x20000016   Section        1  key.o(.data)
    key_up                                   0x20000016   Data           1  key.o(.data)
    .data                                    0x20000018   Section        4  delay.o(.data)
    fac_us                                   0x20000018   Data           1  delay.o(.data)
    fac_ms                                   0x2000001a   Data           2  delay.o(.data)
    .data                                    0x2000001c   Section       17  usart.o(.data)
    .data                                    0x2000002d   Section       16  stm32f4xx_rcc.o(.data)
    APBAHBPrescTable                         0x2000002d   Data          16  stm32f4xx_rcc.o(.data)
    .data                                    0x20000040   Section       54  iap.o(.data)
    .bss                                     0x20000078   Section      200  usart.o(.bss)
    .bss                                     0x20000140   Section       96  libspace.o(.bss)
    HEAP                                     0x200001a0   Section      512  startup_stm32f429_439xx.o(HEAP)
    Heap_Mem                                 0x200001a0   Data         512  startup_stm32f429_439xx.o(HEAP)
    STACK                                    0x200003a0   Section     1024  startup_stm32f429_439xx.o(STACK)
    Stack_Mem                                0x200003a0   Data        1024  startup_stm32f429_439xx.o(STACK)
    __initial_sp                             0x200007a0   Data           0  startup_stm32f429_439xx.o(STACK)

    Global Symbols

    Symbol Name                              Value     Ov Type        Size  Object(Section)

    BuildAttributes$$THM_ISAv4$E$P$D$K$B$S$7EM$VFPi3$EXTD16$VFPS$VFMA$PE$A:L22UL41UL21$X:L11$S22US41US21$IEEE1$IW$USESV6$~STKCKD$USESV7$~SHL$OSPACE$ROPI$EBA8$UX$STANDARDLIB$REQ8$PRES8$EABIv2 0x00000000   Number         0  anon$$obj.o ABSOLUTE
    __ARM_use_no_argv                        0x00000000   Number         0  main.o ABSOLUTE
    __ARM_exceptions_init                     - Undefined Weak Reference
    __alloca_initialize                       - Undefined Weak Reference
    __arm_preinit_                            - Undefined Weak Reference
    __cpp_initialize__aeabi_                  - Undefined Weak Reference
    __cxa_finalize                            - Undefined Weak Reference
    __rt_locale                               - Undefined Weak Reference
    __sigvec_lookup                           - Undefined Weak Reference
    _atexit_init                              - Undefined Weak Reference
    _call_atexit_fns                          - Undefined Weak Reference
    _clock_init                               - Undefined Weak Reference
    _fp_trap_init                             - Undefined Weak Reference
    _fp_trap_shutdown                         - Undefined Weak Reference
    _get_lc_collate                           - Undefined Weak Reference
    _get_lc_ctype                             - Undefined Weak Reference
    _get_lc_monetary                          - Undefined Weak Reference
    _get_lc_numeric                           - Undefined Weak Reference
    _get_lc_time                              - Undefined Weak Reference
    _getenv_init                              - Undefined Weak Reference
    _handle_redirection                       - Undefined Weak Reference
    _init_alloc                               - Undefined Weak Reference
    _init_user_alloc                          - Undefined Weak Reference
    _initio                                   - Undefined Weak Reference
    _mutex_acquire                            - Undefined Weak Reference
    _mutex_release                            - Undefined Weak Reference
    _rand_init                                - Undefined Weak Reference
    _signal_finish                            - Undefined Weak Reference
    _signal_init                              - Undefined Weak Reference
    _terminate_alloc                          - Undefined Weak Reference
    _terminate_user_alloc                     - Undefined Weak Reference
    _terminateio                              - Undefined Weak Reference
    __Vectors_Size                           0x000001ac   Number         0  startup_stm32f429_439xx.o ABSOLUTE
    __Vectors                                0x08010000   Data           4  startup_stm32f429_439xx.o(RESET)
    __Vectors_End                            0x080101ac   Data           0  startup_stm32f429_439xx.o(RESET)
    __main                                   0x080101ad   Thumb Code     8  __main.o(!!!main)
    __scatterload                            0x080101b5   Thumb Code     0  __scatter.o(!!!scatter)
    __scatterload_rt2                        0x080101b5   Thumb Code    44  __scatter.o(!!!scatter)
    __scatterload_rt2_thumb_only             0x080101b5   Thumb Code     0  __scatter.o(!!!scatter)
    __scatterload_null                       0x080101c3   Thumb Code     0  __scatter.o(!!!scatter)
    __scatterload_copy                       0x080101e9   Thumb Code    26  __scatter_copy.o(!!handler_copy)
    __scatterload_zeroinit                   0x08010205   Thumb Code    28  __scatter_zi.o(!!handler_zi)
    __rt_lib_init                            0x08010221   Thumb Code     0  libinit.o(.ARM.Collect$$libinit$$00000000)
    __rt_lib_init_fp_1                       0x08010223   Thumb Code     0  libinit2.o(.ARM.Collect$$libinit$$00000001)
    __rt_lib_init_alloca_1                   0x08010227   Thumb Code     0  libinit2.o(.ARM.Collect$$libinit$$0000002E)
    __rt_lib_init_argv_1                     0x08010227   Thumb Code     0  libinit2.o(.ARM.Collect$$libinit$$0000002C)
    __rt_lib_init_atexit_1                   0x08010227   Thumb Code     0  libinit2.o(.ARM.Collect$$libinit$$0000001B)
    __rt_lib_init_clock_1                    0x08010227   Thumb Code     0  libinit2.o(.ARM.Collect$$libinit$$00000021)
    __rt_lib_init_cpp_1                      0x08010227   Thumb Code     0  libinit2.o(.ARM.Collect$$libinit$$00000032)
    __rt_lib_init_exceptions_1               0x08010227   Thumb Code     0  libinit2.o(.ARM.Collect$$libinit$$00000030)
    __rt_lib_init_fp_trap_1                  0x08010227   Thumb Code     0  libinit2.o(.ARM.Collect$$libinit$$0000001F)
    __rt_lib_init_getenv_1                   0x08010227   Thumb Code     0  libinit2.o(.ARM.Collect$$libinit$$00000023)
    __rt_lib_init_heap_1                     0x08010227   Thumb Code     0  libinit2.o(.ARM.Collect$$libinit$$0000000A)
    __rt_lib_init_lc_collate_1               0x08010227   Thumb Code     0  libinit2.o(.ARM.Collect$$libinit$$00000011)
    __rt_lib_init_lc_ctype_1                 0x08010227   Thumb Code     0  libinit2.o(.ARM.Collect$$libinit$$00000013)
    __rt_lib_init_lc_monetary_1              0x08010227   Thumb Code     0  libinit2.o(.ARM.Collect$$libinit$$00000015)
    __rt_lib_init_lc_numeric_1               0x08010227   Thumb Code     0  libinit2.o(.ARM.Collect$$libinit$$00000017)
    __rt_lib_init_lc_time_1                  0x08010227   Thumb Code     0  libinit2.o(.ARM.Collect$$libinit$$00000019)
    __rt_lib_init_preinit_1                  0x08010227   Thumb Code     0  libinit2.o(.ARM.Collect$$libinit$$00000004)
    __rt_lib_init_rand_1                     0x08010227   Thumb Code     0  libinit2.o(.ARM.Collect$$libinit$$0000000E)
    __rt_lib_init_return                     0x08010227   Thumb Code     0  libinit2.o(.ARM.Collect$$libinit$$00000033)
    __rt_lib_init_signal_1                   0x08010227   Thumb Code     0  libinit2.o(.ARM.Collect$$libinit$$0000001D)
    __rt_lib_init_stdio_1                    0x08010227   Thumb Code     0  libinit2.o(.ARM.Collect$$libinit$$00000025)
    __rt_lib_init_user_alloc_1               0x08010227   Thumb Code     0  libinit2.o(.ARM.Collect$$libinit$$0000000C)
    __rt_lib_shutdown                        0x08010229   Thumb Code     0  libshutdown.o(.ARM.Collect$$libshutdown$$00000000)
    __rt_lib_shutdown_cpp_1                  0x0801022b   Thumb Code     0  libshutdown2.o(.ARM.Collect$$libshutdown$$00000002)
    __rt_lib_shutdown_fp_trap_1              0x0801022b   Thumb Code     0  libshutdown2.o(.ARM.Collect$$libshutdown$$00000007)
    __rt_lib_shutdown_heap_1                 0x0801022b   Thumb Code     0  libshutdown2.o(.ARM.Collect$$libshutdown$$0000000F)
    __rt_lib_shutdown_return                 0x0801022b   Thumb Code     0  libshutdown2.o(.ARM.Collect$$libshutdown$$00000010)
    __rt_lib_shutdown_signal_1               0x0801022b   Thumb Code     0  libshutdown2.o(.ARM.Collect$$libshutdown$$0000000A)
    __rt_lib_shutdown_stdio_1                0x0801022b   Thumb Code     0  libshutdown2.o(.ARM.Collect$$libshutdown$$00000004)
    __rt_lib_shutdown_user_alloc_1           0x0801022b   Thumb Code     0  libshutdown2.o(.ARM.Collect$$libshutdown$$0000000C)
    __rt_entry                               0x0801022d   Thumb Code     0  __rtentry.o(.ARM.Collect$$rtentry$$00000000)
    __rt_entry_presh_1                       0x0801022d   Thumb Code     0  __rtentry2.o(.ARM.Collect$$rtentry$$00000002)
    __rt_entry_sh                            0x0801022d   Thumb Code     0  __rtentry4.o(.ARM.Collect$$rtentry$$00000004)
    __rt_entry_li                            0x08010233   Thumb Code     0  __rtentry2.o(.ARM.Collect$$rtentry$$0000000A)
    __rt_entry_postsh_1                      0x08010233   Thumb Code     0  __rtentry2.o(.ARM.Collect$$rtentry$$00000009)
    __rt_entry_main                          0x08010237   Thumb Code     0  __rtentry2.o(.ARM.Collect$$rtentry$$0000000D)
    __rt_entry_postli_1                      0x08010237   Thumb Code     0  __rtentry2.o(.ARM.Collect$$rtentry$$0000000C)
    __rt_exit                                0x0801023f   Thumb Code     0  rtexit.o(.ARM.Collect$$rtexit$$00000000)
    __rt_exit_ls                             0x08010241   Thumb Code     0  rtexit2.o(.ARM.Collect$$rtexit$$00000003)
    __rt_exit_prels_1                        0x08010241   Thumb Code     0  rtexit2.o(.ARM.Collect$$rtexit$$00000002)
    __rt_exit_exit                           0x08010245   Thumb Code     0  rtexit2.o(.ARM.Collect$$rtexit$$00000004)
    WFI_SET                                  0x0801024d   Thumb Code     2  sys.o(.emb_text)
    INTX_DISABLE                             0x0801024f   Thumb Code     4  sys.o(.emb_text)
    INTX_ENABLE                              0x08010253   Thumb Code     4  sys.o(.emb_text)
    MSR_MSP                                  0x08010257   Thumb Code     6  sys.o(.emb_text)
    main                                     0x0801025d   Thumb Code    56  main.o(.text)
    NMI_Handler                              0x0801029d   Thumb Code     2  stm32f4xx_it.o(.text)
    HardFault_Handler                        0x0801029f   Thumb Code     4  stm32f4xx_it.o(.text)
    MemManage_Handler                        0x080102a3   Thumb Code     4  stm32f4xx_it.o(.text)
    BusFault_Handler                         0x080102a7   Thumb Code     4  stm32f4xx_it.o(.text)
    UsageFault_Handler                       0x080102ab   Thumb Code     4  stm32f4xx_it.o(.text)
    SVC_Handler                              0x080102af   Thumb Code     2  stm32f4xx_it.o(.text)
    DebugMon_Handler                         0x080102b1   Thumb Code     2  stm32f4xx_it.o(.text)
    PendSV_Handler                           0x080102b3   Thumb Code     2  stm32f4xx_it.o(.text)
    SysTick_Handler                          0x080102b5   Thumb Code     2  stm32f4xx_it.o(.text)
    SystemInit                               0x080103c9   Thumb Code    88  system_stm32f4xx.o(.text)
    SystemCoreClockUpdate                    0x08010421   Thumb Code   174  system_stm32f4xx.o(.text)
    LED_Init                                 0x080104fd   Thumb Code    70  led.o(.text)
    LedRun                                   0x08010543   Thumb Code    30  led.o(.text)
    KEY_Init                                 0x0801056d   Thumb Code    72  key.o(.text)
    KEY_Scan                                 0x080105b5   Thumb Code   156  key.o(.text)
    TIM3_Init                                0x08010661   Thumb Code   102  timer.o(.text)
    TIM3_IRQHandler                          0x080106c7   Thumb Code   134  timer.o(.text)
    delay_init                               0x08010765   Thumb Code    52  delay.o(.text)
    delay_us                                 0x08010799   Thumb Code    72  delay.o(.text)
    delay_xms                                0x080107e1   Thumb Code    72  delay.o(.text)
    delay_ms                                 0x08010829   Thumb Code    56  delay.o(.text)
    _sys_exit                                0x08010869   Thumb Code     4  usart.o(.text)
    fputc                                    0x0801086d   Thumb Code    22  usart.o(.text)
    uart_init                                0x08010883   Thumb Code   190  usart.o(.text)
    MyDMA_Config                             0x08010941   Thumb Code    80  usart.o(.text)
    USART1_IRQHandler                        0x08010991   Thumb Code   134  usart.o(.text)
    Usart_SendData                           0x08010a17   Thumb Code    42  usart.o(.text)
    Reset_Handler                            0x08010a59   Thumb Code     8  startup_stm32f429_439xx.o(.text)
    ADC_IRQHandler                           0x08010a73   Thumb Code     0  startup_stm32f429_439xx.o(.text)
    CAN1_RX0_IRQHandler                      0x08010a73   Thumb Code     0  startup_stm32f429_439xx.o(.text)
    CAN1_RX1_IRQHandler                      0x08010a73   Thumb Code     0  startup_stm32f429_439xx.o(.text)
    CAN1_SCE_IRQHandler                      0x08010a73   Thumb Code     0  startup_stm32f429_439xx.o(.text)
    CAN1_TX_IRQHandler                       0x08010a73   Thumb Code     0  startup_stm32f429_439xx.o(.text)
    CAN2_RX0_IRQHandler                      0x08010a73   Thumb Code     0  startup_stm32f429_439xx.o(.text)
    CAN2_RX1_IRQHandler                      0x08010a73   Thumb Code     0  startup_stm32f429_439xx.o(.text)
    CAN2_SCE_IRQHandler                      0x08010a73   Thumb Code     0  startup_stm32f429_439xx.o(.text)
    CAN2_TX_IRQHandler                       0x08010a73   Thumb Code     0  startup_stm32f429_439xx.o(.text)
    CRYP_IRQHandler                          0x08010a73   Thumb Code     0  startup_stm32f429_439xx.o(.text)
    DCMI_IRQHandler                          0x08010a73   Thumb Code     0  startup_stm32f429_439xx.o(.text)
    DMA1_Stream0_IRQHandler                  0x08010a73   Thumb Code     0  startup_stm32f429_439xx.o(.text)
    DMA1_Stream1_IRQHandler                  0x08010a73   Thumb Code     0  startup_stm32f429_439xx.o(.text)
    DMA1_Stream2_IRQHandler                  0x08010a73   Thumb Code     0  startup_stm32f429_439xx.o(.text)
    DMA1_Stream3_IRQHandler                  0x08010a73   Thumb Code     0  startup_stm32f429_439xx.o(.text)
    DMA1_Stream4_IRQHandler                  0x08010a73   Thumb Code     0  startup_stm32f429_439xx.o(.text)
    DMA1_Stream5_IRQHandler                  0x08010a73   Thumb Code     0  startup_stm32f429_439xx.o(.text)
    DMA1_Stream6_IRQHandler                  0x08010a73   Thumb Code     0  startup_stm32f429_439xx.o(.text)
    DMA1_Stream7_IRQHandler                  0x08010a73   Thumb Code     0  startup_stm32f429_439xx.o(.text)
    DMA2D_IRQHandler                         0x08010a73   Thumb Code     0  startup_stm32f429_439xx.o(.text)
    DMA2_Stream0_IRQHandler                  0x08010a73   Thumb Code     0  startup_stm32f429_439xx.o(.text)
    DMA2_Stream1_IRQHandler                  0x08010a73   Thumb Code     0  startup_stm32f429_439xx.o(.text)
    DMA2_Stream2_IRQHandler                  0x08010a73   Thumb Code     0  startup_stm32f429_439xx.o(.text)
    DMA2_Stream3_IRQHandler                  0x08010a73   Thumb Code     0  startup_stm32f429_439xx.o(.text)
    DMA2_Stream4_IRQHandler                  0x08010a73   Thumb Code     0  startup_stm32f429_439xx.o(.text)
    DMA2_Stream5_IRQHandler                  0x08010a73   Thumb Code     0  startup_stm32f429_439xx.o(.text)
    DMA2_Stream6_IRQHandler                  0x08010a73   Thumb Code     0  startup_stm32f429_439xx.o(.text)
    DMA2_Stream7_IRQHandler                  0x08010a73   Thumb Code     0  startup_stm32f429_439xx.o(.text)
    ETH_IRQHandler                           0x08010a73   Thumb Code     0  startup_stm32f429_439xx.o(.text)
    ETH_WKUP_IRQHandler                      0x08010a73   Thumb Code     0  startup_stm32f429_439xx.o(.text)
    EXTI0_IRQHandler                         0x08010a73   Thumb Code     0  startup_stm32f429_439xx.o(.text)
    EXTI15_10_IRQHandler                     0x08010a73   Thumb Code     0  startup_stm32f429_439xx.o(.text)
    EXTI1_IRQHandler                         0x08010a73   Thumb Code     0  startup_stm32f429_439xx.o(.text)
    EXTI2_IRQHandler                         0x08010a73   Thumb Code     0  startup_stm32f429_439xx.o(.text)
    EXTI3_IRQHandler                         0x08010a73   Thumb Code     0  startup_stm32f429_439xx.o(.text)
    EXTI4_IRQHandler                         0x08010a73   Thumb Code     0  startup_stm32f429_439xx.o(.text)
    EXTI9_5_IRQHandler                       0x08010a73   Thumb Code     0  startup_stm32f429_439xx.o(.text)
    FLASH_IRQHandler                         0x08010a73   Thumb Code     0  startup_stm32f429_439xx.o(.text)
    FMC_IRQHandler                           0x08010a73   Thumb Code     0  startup_stm32f429_439xx.o(.text)
    FPU_IRQHandler                           0x08010a73   Thumb Code     0  startup_stm32f429_439xx.o(.text)
    HASH_RNG_IRQHandler                      0x08010a73   Thumb Code     0  startup_stm32f429_439xx.o(.text)
    I2C1_ER_IRQHandler                       0x08010a73   Thumb Code     0  startup_stm32f429_439xx.o(.text)
    I2C1_EV_IRQHandler                       0x08010a73   Thumb Code     0  startup_stm32f429_439xx.o(.text)
    I2C2_ER_IRQHandler                       0x08010a73   Thumb Code     0  startup_stm32f429_439xx.o(.text)
    I2C2_EV_IRQHandler                       0x08010a73   Thumb Code     0  startup_stm32f429_439xx.o(.text)
    I2C3_ER_IRQHandler                       0x08010a73   Thumb Code     0  startup_stm32f429_439xx.o(.text)
    I2C3_EV_IRQHandler                       0x08010a73   Thumb Code     0  startup_stm32f429_439xx.o(.text)
    LTDC_ER_IRQHandler                       0x08010a73   Thumb Code     0  startup_stm32f429_439xx.o(.text)
    LTDC_IRQHandler                          0x08010a73   Thumb Code     0  startup_stm32f429_439xx.o(.text)
    OTG_FS_IRQHandler                        0x08010a73   Thumb Code     0  startup_stm32f429_439xx.o(.text)
    OTG_FS_WKUP_IRQHandler                   0x08010a73   Thumb Code     0  startup_stm32f429_439xx.o(.text)
    OTG_HS_EP1_IN_IRQHandler                 0x08010a73   Thumb Code     0  startup_stm32f429_439xx.o(.text)
    OTG_HS_EP1_OUT_IRQHandler                0x08010a73   Thumb Code     0  startup_stm32f429_439xx.o(.text)
    OTG_HS_IRQHandler                        0x08010a73   Thumb Code     0  startup_stm32f429_439xx.o(.text)
    OTG_HS_WKUP_IRQHandler                   0x08010a73   Thumb Code     0  startup_stm32f429_439xx.o(.text)
    PVD_IRQHandler                           0x08010a73   Thumb Code     0  startup_stm32f429_439xx.o(.text)
    RCC_IRQHandler                           0x08010a73   Thumb Code     0  startup_stm32f429_439xx.o(.text)
    RTC_Alarm_IRQHandler                     0x08010a73   Thumb Code     0  startup_stm32f429_439xx.o(.text)
    RTC_WKUP_IRQHandler                      0x08010a73   Thumb Code     0  startup_stm32f429_439xx.o(.text)
    SAI1_IRQHandler                          0x08010a73   Thumb Code     0  startup_stm32f429_439xx.o(.text)
    SDIO_IRQHandler                          0x08010a73   Thumb Code     0  startup_stm32f429_439xx.o(.text)
    SPI1_IRQHandler                          0x08010a73   Thumb Code     0  startup_stm32f429_439xx.o(.text)
    SPI2_IRQHandler                          0x08010a73   Thumb Code     0  startup_stm32f429_439xx.o(.text)
    SPI3_IRQHandler                          0x08010a73   Thumb Code     0  startup_stm32f429_439xx.o(.text)
    SPI4_IRQHandler                          0x08010a73   Thumb Code     0  startup_stm32f429_439xx.o(.text)
    SPI5_IRQHandler                          0x08010a73   Thumb Code     0  startup_stm32f429_439xx.o(.text)
    SPI6_IRQHandler                          0x08010a73   Thumb Code     0  startup_stm32f429_439xx.o(.text)
    TAMP_STAMP_IRQHandler                    0x08010a73   Thumb Code     0  startup_stm32f429_439xx.o(.text)
    TIM1_BRK_TIM9_IRQHandler                 0x08010a73   Thumb Code     0  startup_stm32f429_439xx.o(.text)
    TIM1_CC_IRQHandler                       0x08010a73   Thumb Code     0  startup_stm32f429_439xx.o(.text)
    TIM1_TRG_COM_TIM11_IRQHandler            0x08010a73   Thumb Code     0  startup_stm32f429_439xx.o(.text)
    TIM1_UP_TIM10_IRQHandler                 0x08010a73   Thumb Code     0  startup_stm32f429_439xx.o(.text)
    TIM2_IRQHandler                          0x08010a73   Thumb Code     0  startup_stm32f429_439xx.o(.text)
    TIM4_IRQHandler                          0x08010a73   Thumb Code     0  startup_stm32f429_439xx.o(.text)
    TIM5_IRQHandler                          0x08010a73   Thumb Code     0  startup_stm32f429_439xx.o(.text)
    TIM6_DAC_IRQHandler                      0x08010a73   Thumb Code     0  startup_stm32f429_439xx.o(.text)
    TIM7_IRQHandler                          0x08010a73   Thumb Code     0  startup_stm32f429_439xx.o(.text)
    TIM8_BRK_TIM12_IRQHandler                0x08010a73   Thumb Code     0  startup_stm32f429_439xx.o(.text)
    TIM8_CC_IRQHandler                       0x08010a73   Thumb Code     0  startup_stm32f429_439xx.o(.text)
    TIM8_TRG_COM_TIM14_IRQHandler            0x08010a73   Thumb Code     0  startup_stm32f429_439xx.o(.text)
    TIM8_UP_TIM13_IRQHandler                 0x08010a73   Thumb Code     0  startup_stm32f429_439xx.o(.text)
    UART4_IRQHandler                         0x08010a73   Thumb Code     0  startup_stm32f429_439xx.o(.text)
    UART5_IRQHandler                         0x08010a73   Thumb Code     0  startup_stm32f429_439xx.o(.text)
    UART7_IRQHandler                         0x08010a73   Thumb Code     0  startup_stm32f429_439xx.o(.text)
    UART8_IRQHandler                         0x08010a73   Thumb Code     0  startup_stm32f429_439xx.o(.text)
    USART2_IRQHandler                        0x08010a73   Thumb Code     0  startup_stm32f429_439xx.o(.text)
    USART3_IRQHandler                        0x08010a73   Thumb Code     0  startup_stm32f429_439xx.o(.text)
    USART6_IRQHandler                        0x08010a73   Thumb Code     0  startup_stm32f429_439xx.o(.text)
    WWDG_IRQHandler                          0x08010a73   Thumb Code     0  startup_stm32f429_439xx.o(.text)
    __user_initial_stackheap                 0x08010a75   Thumb Code     0  startup_stm32f429_439xx.o(.text)
    NVIC_PriorityGroupConfig                 0x08010a99   Thumb Code    10  misc.o(.text)
    NVIC_Init                                0x08010aa3   Thumb Code   106  misc.o(.text)
    NVIC_SetVectorTable                      0x08010b0d   Thumb Code    14  misc.o(.text)
    NVIC_SystemLPConfig                      0x08010b1b   Thumb Code    34  misc.o(.text)
    SysTick_CLKSourceConfig                  0x08010b3d   Thumb Code    40  misc.o(.text)
    GPIO_DeInit                              0x08010b79   Thumb Code   268  stm32f4xx_gpio.o(.text)
    GPIO_Init                                0x08010c85   Thumb Code   144  stm32f4xx_gpio.o(.text)
    GPIO_StructInit                          0x08010d15   Thumb Code    18  stm32f4xx_gpio.o(.text)
    GPIO_PinLockConfig                       0x08010d27   Thumb Code    34  stm32f4xx_gpio.o(.text)
    GPIO_ReadInputDataBit                    0x08010d49   Thumb Code    18  stm32f4xx_gpio.o(.text)
    GPIO_ReadInputData                       0x08010d5b   Thumb Code     8  stm32f4xx_gpio.o(.text)
    GPIO_ReadOutputDataBit                   0x08010d63   Thumb Code    18  stm32f4xx_gpio.o(.text)
    GPIO_ReadOutputData                      0x08010d75   Thumb Code     8  stm32f4xx_gpio.o(.text)
    GPIO_SetBits                             0x08010d7d   Thumb Code     4  stm32f4xx_gpio.o(.text)
    GPIO_ResetBits                           0x08010d81   Thumb Code     4  stm32f4xx_gpio.o(.text)
    GPIO_WriteBit                            0x08010d85   Thumb Code    10  stm32f4xx_gpio.o(.text)
    GPIO_Write                               0x08010d8f   Thumb Code     4  stm32f4xx_gpio.o(.text)
    GPIO_ToggleBits                          0x08010d93   Thumb Code     8  stm32f4xx_gpio.o(.text)
    GPIO_PinAFConfig                         0x08010d9b   Thumb Code    70  stm32f4xx_gpio.o(.text)
    RCC_DeInit                               0x08010e0d   Thumb Code    82  stm32f4xx_rcc.o(.text)
    RCC_HSEConfig                            0x08010e5f   Thumb Code    14  stm32f4xx_rcc.o(.text)
    RCC_GetFlagStatus                        0x08010e6d   Thumb Code    60  stm32f4xx_rcc.o(.text)
    RCC_WaitForHSEStartUp                    0x08010ea9   Thumb Code    56  stm32f4xx_rcc.o(.text)
    RCC_AdjustHSICalibrationValue            0x08010ee1   Thumb Code    20  stm32f4xx_rcc.o(.text)
    RCC_HSICmd                               0x08010ef5   Thumb Code     6  stm32f4xx_rcc.o(.text)
    RCC_LSEConfig                            0x08010efb   Thumb Code    46  stm32f4xx_rcc.o(.text)
    RCC_LSICmd                               0x08010f29   Thumb Code     6  stm32f4xx_rcc.o(.text)
    RCC_PLLConfig                            0x08010f2f   Thumb Code    32  stm32f4xx_rcc.o(.text)
    RCC_PLLCmd                               0x08010f4f   Thumb Code     6  stm32f4xx_rcc.o(.text)
    RCC_PLLI2SConfig                         0x08010f55   Thumb Code    20  stm32f4xx_rcc.o(.text)
    RCC_PLLI2SCmd                            0x08010f69   Thumb Code     6  stm32f4xx_rcc.o(.text)
    RCC_PLLSAIConfig                         0x08010f6f   Thumb Code    20  stm32f4xx_rcc.o(.text)
    RCC_PLLSAICmd                            0x08010f83   Thumb Code     6  stm32f4xx_rcc.o(.text)
    RCC_ClockSecuritySystemCmd               0x08010f89   Thumb Code     6  stm32f4xx_rcc.o(.text)
    RCC_MCO1Config                           0x08010f8f   Thumb Code    28  stm32f4xx_rcc.o(.text)
    RCC_MCO2Config                           0x08010fab   Thumb Code    28  stm32f4xx_rcc.o(.text)
    RCC_SYSCLKConfig                         0x08010fc7   Thumb Code    20  stm32f4xx_rcc.o(.text)
    RCC_GetSYSCLKSource                      0x08010fdb   Thumb Code    12  stm32f4xx_rcc.o(.text)
    RCC_HCLKConfig                           0x08010fe7   Thumb Code    20  stm32f4xx_rcc.o(.text)
    RCC_PCLK1Config                          0x08010ffb   Thumb Code    20  stm32f4xx_rcc.o(.text)
    RCC_PCLK2Config                          0x0801100f   Thumb Code    22  stm32f4xx_rcc.o(.text)
    RCC_GetClocksFreq                        0x08011025   Thumb Code   222  stm32f4xx_rcc.o(.text)
    RCC_RTCCLKConfig                         0x08011103   Thumb Code    54  stm32f4xx_rcc.o(.text)
    RCC_RTCCLKCmd                            0x08011139   Thumb Code     8  stm32f4xx_rcc.o(.text)
    RCC_BackupResetCmd                       0x08011141   Thumb Code     8  stm32f4xx_rcc.o(.text)
    RCC_I2SCLKConfig                         0x08011149   Thumb Code     6  stm32f4xx_rcc.o(.text)
    RCC_SAIPLLI2SClkDivConfig                0x0801114f   Thumb Code    26  stm32f4xx_rcc.o(.text)
    RCC_SAIPLLSAIClkDivConfig                0x08011169   Thumb Code    28  stm32f4xx_rcc.o(.text)
    RCC_SAIBlockACLKConfig                   0x08011185   Thumb Code    20  stm32f4xx_rcc.o(.text)
    RCC_SAIBlockBCLKConfig                   0x08011199   Thumb Code    20  stm32f4xx_rcc.o(.text)
    RCC_LTDCCLKDivConfig                     0x080111ad   Thumb Code    20  stm32f4xx_rcc.o(.text)
    RCC_TIMCLKPresConfig                     0x080111c1   Thumb Code     6  stm32f4xx_rcc.o(.text)
    RCC_AHB1PeriphClockCmd                   0x080111c7   Thumb Code    82  stm32f4xx_rcc.o(.text)
    RCC_AHB2PeriphClockCmd                   0x08011219   Thumb Code    26  stm32f4xx_rcc.o(.text)
    RCC_AHB3PeriphClockCmd                   0x08011233   Thumb Code    34  stm32f4xx_rcc.o(.text)
    RCC_APB1PeriphClockCmd                   0x08011255   Thumb Code    34  stm32f4xx_rcc.o(.text)
    RCC_APB2PeriphClockCmd                   0x08011277   Thumb Code    34  stm32f4xx_rcc.o(.text)
    RCC_AHB1PeriphResetCmd                   0x08011299   Thumb Code    34  stm32f4xx_rcc.o(.text)
    RCC_AHB2PeriphResetCmd                   0x080112bb   Thumb Code    34  stm32f4xx_rcc.o(.text)
    RCC_AHB3PeriphResetCmd                   0x080112dd   Thumb Code    34  stm32f4xx_rcc.o(.text)
    RCC_APB1PeriphResetCmd                   0x080112ff   Thumb Code    34  stm32f4xx_rcc.o(.text)
    RCC_APB2PeriphResetCmd                   0x08011321   Thumb Code    34  stm32f4xx_rcc.o(.text)
    RCC_AHB1PeriphClockLPModeCmd             0x08011343   Thumb Code    34  stm32f4xx_rcc.o(.text)
    RCC_AHB2PeriphClockLPModeCmd             0x08011365   Thumb Code    34  stm32f4xx_rcc.o(.text)
    RCC_AHB3PeriphClockLPModeCmd             0x08011387   Thumb Code    34  stm32f4xx_rcc.o(.text)
    RCC_APB1PeriphClockLPModeCmd             0x080113a9   Thumb Code    34  stm32f4xx_rcc.o(.text)
    RCC_APB2PeriphClockLPModeCmd             0x080113cb   Thumb Code    34  stm32f4xx_rcc.o(.text)
    RCC_LSEModeConfig                        0x080113ed   Thumb Code    40  stm32f4xx_rcc.o(.text)
    RCC_ITConfig                             0x08011415   Thumb Code    34  stm32f4xx_rcc.o(.text)
    RCC_ClearFlag                            0x08011437   Thumb Code    18  stm32f4xx_rcc.o(.text)
    RCC_GetITStatus                          0x08011449   Thumb Code    22  stm32f4xx_rcc.o(.text)
    RCC_ClearITPendingBit                    0x0801145f   Thumb Code     8  stm32f4xx_rcc.o(.text)
    USART_DeInit                             0x0801146d   Thumb Code   206  stm32f4xx_usart.o(.text)
    USART_Init                               0x0801153b   Thumb Code   204  stm32f4xx_usart.o(.text)
    USART_StructInit                         0x08011607   Thumb Code    24  stm32f4xx_usart.o(.text)
    USART_ClockInit                          0x0801161f   Thumb Code    32  stm32f4xx_usart.o(.text)
    USART_ClockStructInit                    0x0801163f   Thumb Code    12  stm32f4xx_usart.o(.text)
    USART_Cmd                                0x0801164b   Thumb Code    24  stm32f4xx_usart.o(.text)
    USART_SetPrescaler                       0x08011663   Thumb Code    16  stm32f4xx_usart.o(.text)
    USART_OverSampling8Cmd                   0x08011673   Thumb Code    22  stm32f4xx_usart.o(.text)
    USART_OneBitMethodCmd                    0x08011689   Thumb Code    24  stm32f4xx_usart.o(.text)
    USART_SendData                           0x080116a1   Thumb Code     8  stm32f4xx_usart.o(.text)
    USART_ReceiveData                        0x080116a9   Thumb Code    10  stm32f4xx_usart.o(.text)
    USART_SetAddress                         0x080116b3   Thumb Code    18  stm32f4xx_usart.o(.text)
    USART_ReceiverWakeUpCmd                  0x080116c5   Thumb Code    24  stm32f4xx_usart.o(.text)
    USART_WakeUpConfig                       0x080116dd   Thumb Code    18  stm32f4xx_usart.o(.text)
    USART_LINBreakDetectLengthConfig         0x080116ef   Thumb Code    18  stm32f4xx_usart.o(.text)
    USART_LINCmd                             0x08011701   Thumb Code    24  stm32f4xx_usart.o(.text)
    USART_SendBreak                          0x08011719   Thumb Code    10  stm32f4xx_usart.o(.text)
    USART_HalfDuplexCmd                      0x08011723   Thumb Code    24  stm32f4xx_usart.o(.text)
    USART_SetGuardTime                       0x0801173b   Thumb Code    16  stm32f4xx_usart.o(.text)
    USART_SmartCardCmd                       0x0801174b   Thumb Code    24  stm32f4xx_usart.o(.text)
    USART_SmartCardNACKCmd                   0x08011763   Thumb Code    24  stm32f4xx_usart.o(.text)
    USART_IrDAConfig                         0x0801177b   Thumb Code    18  stm32f4xx_usart.o(.text)
    USART_IrDACmd                            0x0801178d   Thumb Code    24  stm32f4xx_usart.o(.text)
    USART_DMACmd                             0x080117a5   Thumb Code    18  stm32f4xx_usart.o(.text)
    USART_ITConfig                           0x080117b7   Thumb Code    74  stm32f4xx_usart.o(.text)
    USART_GetFlagStatus                      0x08011801   Thumb Code    26  stm32f4xx_usart.o(.text)
    USART_ClearFlag                          0x0801181b   Thumb Code    18  stm32f4xx_usart.o(.text)
    USART_GetITStatus                        0x0801182d   Thumb Code   118  stm32f4xx_usart.o(.text)
    USART_ClearITPendingBit                  0x080118a3   Thumb Code    30  stm32f4xx_usart.o(.text)
    DMA_DeInit                               0x080118c1   Thumb Code   324  stm32f4xx_dma.o(.text)
    DMA_Init                                 0x08011a05   Thumb Code    82  stm32f4xx_dma.o(.text)
    DMA_StructInit                           0x08011a57   Thumb Code    34  stm32f4xx_dma.o(.text)
    DMA_Cmd                                  0x08011a79   Thumb Code    22  stm32f4xx_dma.o(.text)
    DMA_PeriphIncOffsetSizeConfig            0x08011a8f   Thumb Code    22  stm32f4xx_dma.o(.text)
    DMA_FlowControllerConfig                 0x08011aa5   Thumb Code    22  stm32f4xx_dma.o(.text)
    DMA_SetCurrDataCounter                   0x08011abb   Thumb Code     4  stm32f4xx_dma.o(.text)
    DMA_GetCurrDataCounter                   0x08011abf   Thumb Code     8  stm32f4xx_dma.o(.text)
    DMA_DoubleBufferModeConfig               0x08011ac7   Thumb Code    24  stm32f4xx_dma.o(.text)
    DMA_DoubleBufferModeCmd                  0x08011adf   Thumb Code    22  stm32f4xx_dma.o(.text)
    DMA_MemoryTargetConfig                   0x08011af5   Thumb Code    10  stm32f4xx_dma.o(.text)
    DMA_GetCurrentMemoryTarget               0x08011aff   Thumb Code    20  stm32f4xx_dma.o(.text)
    DMA_GetCmdStatus                         0x08011b13   Thumb Code    20  stm32f4xx_dma.o(.text)
    DMA_GetFIFOStatus                        0x08011b27   Thumb Code    12  stm32f4xx_dma.o(.text)
    DMA_GetFlagStatus                        0x08011b33   Thumb Code    56  stm32f4xx_dma.o(.text)
    DMA_ClearFlag                            0x08011b6b   Thumb Code    40  stm32f4xx_dma.o(.text)
    DMA_ITConfig                             0x08011b93   Thumb Code    58  stm32f4xx_dma.o(.text)
    DMA_GetITStatus                          0x08011bcd   Thumb Code    84  stm32f4xx_dma.o(.text)
    DMA_ClearITPendingBit                    0x08011c21   Thumb Code    40  stm32f4xx_dma.o(.text)
    TIM_DeInit                               0x08011c69   Thumb Code   346  stm32f4xx_tim.o(.text)
    TIM_TimeBaseInit                         0x08011dc3   Thumb Code   104  stm32f4xx_tim.o(.text)
    TIM_TimeBaseStructInit                   0x08011e2b   Thumb Code    18  stm32f4xx_tim.o(.text)
    TIM_PrescalerConfig                      0x08011e3d   Thumb Code     6  stm32f4xx_tim.o(.text)
    TIM_CounterModeConfig                    0x08011e43   Thumb Code    18  stm32f4xx_tim.o(.text)
    TIM_SetCounter                           0x08011e55   Thumb Code     4  stm32f4xx_tim.o(.text)
    TIM_SetAutoreload                        0x08011e59   Thumb Code     4  stm32f4xx_tim.o(.text)
    TIM_GetCounter                           0x08011e5d   Thumb Code     6  stm32f4xx_tim.o(.text)
    TIM_GetPrescaler                         0x08011e63   Thumb Code     6  stm32f4xx_tim.o(.text)
    TIM_UpdateDisableConfig                  0x08011e69   Thumb Code    24  stm32f4xx_tim.o(.text)
    TIM_UpdateRequestConfig                  0x08011e81   Thumb Code    24  stm32f4xx_tim.o(.text)
    TIM_ARRPreloadConfig                     0x08011e99   Thumb Code    24  stm32f4xx_tim.o(.text)
    TIM_SelectOnePulseMode                   0x08011eb1   Thumb Code    18  stm32f4xx_tim.o(.text)
    TIM_SetClockDivision                     0x08011ec3   Thumb Code    18  stm32f4xx_tim.o(.text)
    TIM_Cmd                                  0x08011ed5   Thumb Code    24  stm32f4xx_tim.o(.text)
    TIM_OC1Init                              0x08011eed   Thumb Code   114  stm32f4xx_tim.o(.text)
    TIM_OC2Init                              0x08011f5f   Thumb Code   154  stm32f4xx_tim.o(.text)
    TIM_OC3Init                              0x08011ff9   Thumb Code   204  stm32f4xx_tim.o(.text)
    TIM_OC4Init                              0x080120c5   Thumb Code   112  stm32f4xx_tim.o(.text)
    TIM_OCStructInit                         0x08012135   Thumb Code    20  stm32f4xx_tim.o(.text)
    TIM_SelectOCxM                           0x08012149   Thumb Code    86  stm32f4xx_tim.o(.text)
    TIM_SetCompare1                          0x0801219f   Thumb Code     4  stm32f4xx_tim.o(.text)
    TIM_SetCompare2                          0x080121a3   Thumb Code     4  stm32f4xx_tim.o(.text)
    TIM_SetCompare3                          0x080121a7   Thumb Code     4  stm32f4xx_tim.o(.text)
    TIM_SetCompare4                          0x080121ab   Thumb Code     4  stm32f4xx_tim.o(.text)
    TIM_ForcedOC1Config                      0x080121af   Thumb Code    18  stm32f4xx_tim.o(.text)
    TIM_ForcedOC2Config                      0x080121c1   Thumb Code    26  stm32f4xx_tim.o(.text)
    TIM_ForcedOC3Config                      0x080121db   Thumb Code    18  stm32f4xx_tim.o(.text)
    TIM_ForcedOC4Config                      0x080121ed   Thumb Code    26  stm32f4xx_tim.o(.text)
    TIM_OC1PreloadConfig                     0x08012207   Thumb Code    18  stm32f4xx_tim.o(.text)
    TIM_OC2PreloadConfig                     0x08012219   Thumb Code    26  stm32f4xx_tim.o(.text)
    TIM_OC3PreloadConfig                     0x08012233   Thumb Code    18  stm32f4xx_tim.o(.text)
    TIM_OC4PreloadConfig                     0x08012245   Thumb Code    26  stm32f4xx_tim.o(.text)
    TIM_OC1FastConfig                        0x0801225f   Thumb Code    18  stm32f4xx_tim.o(.text)
    TIM_OC2FastConfig                        0x08012271   Thumb Code    26  stm32f4xx_tim.o(.text)
    TIM_OC3FastConfig                        0x0801228b   Thumb Code    18  stm32f4xx_tim.o(.text)
    TIM_OC4FastConfig                        0x0801229d   Thumb Code    26  stm32f4xx_tim.o(.text)
    TIM_ClearOC1Ref                          0x080122b7   Thumb Code    18  stm32f4xx_tim.o(.text)
    TIM_ClearOC2Ref                          0x080122c9   Thumb Code    24  stm32f4xx_tim.o(.text)
    TIM_ClearOC3Ref                          0x080122e1   Thumb Code    18  stm32f4xx_tim.o(.text)
    TIM_ClearOC4Ref                          0x080122f3   Thumb Code    24  stm32f4xx_tim.o(.text)
    TIM_OC1PolarityConfig                    0x0801230b   Thumb Code    18  stm32f4xx_tim.o(.text)
    TIM_OC1NPolarityConfig                   0x0801231d   Thumb Code    18  stm32f4xx_tim.o(.text)
    TIM_OC2PolarityConfig                    0x0801232f   Thumb Code    26  stm32f4xx_tim.o(.text)
    TIM_OC2NPolarityConfig                   0x08012349   Thumb Code    26  stm32f4xx_tim.o(.text)
    TIM_OC3PolarityConfig                    0x08012363   Thumb Code    26  stm32f4xx_tim.o(.text)
    TIM_OC3NPolarityConfig                   0x0801237d   Thumb Code    26  stm32f4xx_tim.o(.text)
    TIM_OC4PolarityConfig                    0x08012397   Thumb Code    26  stm32f4xx_tim.o(.text)
    TIM_CCxCmd                               0x080123b1   Thumb Code    30  stm32f4xx_tim.o(.text)
    TIM_CCxNCmd                              0x080123cf   Thumb Code    30  stm32f4xx_tim.o(.text)
    TIM_SetIC4Prescaler                      0x080123ed   Thumb Code    26  stm32f4xx_tim.o(.text)
    TIM_SetIC3Prescaler                      0x08012457   Thumb Code    18  stm32f4xx_tim.o(.text)
    TIM_SetIC2Prescaler                      0x080124b1   Thumb Code    26  stm32f4xx_tim.o(.text)
    TIM_SetIC1Prescaler                      0x08012525   Thumb Code    18  stm32f4xx_tim.o(.text)
    TIM_ICInit                               0x08012571   Thumb Code   110  stm32f4xx_tim.o(.text)
    TIM_ICStructInit                         0x080125df   Thumb Code    18  stm32f4xx_tim.o(.text)
    TIM_PWMIConfig                           0x080125f1   Thumb Code   124  stm32f4xx_tim.o(.text)
    TIM_GetCapture1                          0x0801266d   Thumb Code     6  stm32f4xx_tim.o(.text)
    TIM_GetCapture2                          0x08012673   Thumb Code     6  stm32f4xx_tim.o(.text)
    TIM_GetCapture3                          0x08012679   Thumb Code     6  stm32f4xx_tim.o(.text)
    TIM_GetCapture4                          0x0801267f   Thumb Code     6  stm32f4xx_tim.o(.text)
    TIM_BDTRConfig                           0x08012685   Thumb Code    32  stm32f4xx_tim.o(.text)
    TIM_BDTRStructInit                       0x080126a5   Thumb Code    18  stm32f4xx_tim.o(.text)
    TIM_CtrlPWMOutputs                       0x080126b7   Thumb Code    30  stm32f4xx_tim.o(.text)
    TIM_SelectCOM                            0x080126d5   Thumb Code    24  stm32f4xx_tim.o(.text)
    TIM_CCPreloadControl                     0x080126ed   Thumb Code    24  stm32f4xx_tim.o(.text)
    TIM_ITConfig                             0x08012705   Thumb Code    18  stm32f4xx_tim.o(.text)
    TIM_GenerateEvent                        0x08012717   Thumb Code     4  stm32f4xx_tim.o(.text)
    TIM_GetFlagStatus                        0x0801271b   Thumb Code    18  stm32f4xx_tim.o(.text)
    TIM_ClearFlag                            0x0801272d   Thumb Code     6  stm32f4xx_tim.o(.text)
    TIM_GetITStatus                          0x08012733   Thumb Code    34  stm32f4xx_tim.o(.text)
    TIM_ClearITPendingBit                    0x08012755   Thumb Code     6  stm32f4xx_tim.o(.text)
    TIM_DMAConfig                            0x0801275b   Thumb Code    10  stm32f4xx_tim.o(.text)
    TIM_DMACmd                               0x08012765   Thumb Code    18  stm32f4xx_tim.o(.text)
    TIM_SelectCCDMA                          0x08012777   Thumb Code    24  stm32f4xx_tim.o(.text)
    TIM_InternalClockConfig                  0x0801278f   Thumb Code    12  stm32f4xx_tim.o(.text)
    TIM_SelectInputTrigger                   0x0801279b   Thumb Code    18  stm32f4xx_tim.o(.text)
    TIM_ITRxExternalClockConfig              0x080127ad   Thumb Code    24  stm32f4xx_tim.o(.text)
    TIM_TIxExternalClockConfig               0x080127c5   Thumb Code    62  stm32f4xx_tim.o(.text)
    TIM_ETRConfig                            0x08012803   Thumb Code    28  stm32f4xx_tim.o(.text)
    TIM_ETRClockMode1Config                  0x0801281f   Thumb Code    54  stm32f4xx_tim.o(.text)
    TIM_ETRClockMode2Config                  0x08012855   Thumb Code    32  stm32f4xx_tim.o(.text)
    TIM_SelectOutputTrigger                  0x08012875   Thumb Code    18  stm32f4xx_tim.o(.text)
    TIM_SelectSlaveMode                      0x08012887   Thumb Code    18  stm32f4xx_tim.o(.text)
    TIM_SelectMasterSlaveMode                0x08012899   Thumb Code    18  stm32f4xx_tim.o(.text)
    TIM_EncoderInterfaceConfig               0x080128ab   Thumb Code    66  stm32f4xx_tim.o(.text)
    TIM_SelectHallSensor                     0x080128ed   Thumb Code    24  stm32f4xx_tim.o(.text)
    TIM_RemapConfig                          0x08012905   Thumb Code     6  stm32f4xx_tim.o(.text)
    iap_load_app                             0x0801290d   Thumb Code    44  iap.o(.text)
    CalFrameCheckCode                        0x08012939   Thumb Code    30  iap.o(.text)
    IsConnnect                               0x08012957   Thumb Code    48  iap.o(.text)
    ReturnBootLoader                         0x08012987   Thumb Code    58  iap.o(.text)
    ReadProgramerState                       0x080129c1   Thumb Code    48  iap.o(.text)
    CalibrateMode                            0x080129f1   Thumb Code    92  iap.o(.text)
    ClearCalibrationData                     0x08012a4d   Thumb Code    70  iap.o(.text)
    SendMotorAdValue                         0x08012a93   Thumb Code   206  iap.o(.text)
    SendMotorSpeed                           0x08012b61   Thumb Code   116  iap.o(.text)
    SendMotorClosePosition                   0x08012bd5   Thumb Code   206  iap.o(.text)
    SendMotorCurrent                         0x08012ca3   Thumb Code   248  iap.o(.text)
    SendMotorOpenPosition                    0x08012d9b   Thumb Code   206  iap.o(.text)
    IsMotorReverse                           0x08012e69   Thumb Code   108  iap.o(.text)
    IsMotorPositionReverse                   0x08012ed5   Thumb Code   108  iap.o(.text)
    SendWriteParaCommand                     0x08012f41   Thumb Code   276  iap.o(.text)
    ReadVersion                              0x08013055   Thumb Code    90  iap.o(.text)
    MotorBackOpenButton                      0x080130af   Thumb Code    48  iap.o(.text)
    MotorBackCloseButton                     0x080130df   Thumb Code    48  iap.o(.text)
    MotorBackstopButton                      0x0801310f   Thumb Code    58  iap.o(.text)
    SaveParaToFlash                          0x08013149   Thumb Code    48  iap.o(.text)
    RunCommand                               0x08013179   Thumb Code   664  iap.o(.text)
    FindFrameHead                            0x08013411   Thumb Code    34  iap.o(.text)
    IsCheckSumRight                          0x08013433   Thumb Code    52  iap.o(.text)
    Iap_Write                                0x08013467   Thumb Code    80  iap.o(.text)
    __use_no_semihosting                     0x080134d1   Thumb Code     2  use_no_semi_2.o(.text)
    __2printf                                0x080134d5   Thumb Code    20  noretval__2printf.o(.text)
    __aeabi_memclr                           0x080134ed   Thumb Code     0  rt_memclr.o(.text)
    __rt_memclr                              0x080134ed   Thumb Code    68  rt_memclr.o(.text)
    _memset                                  0x080134f1   Thumb Code     0  rt_memclr.o(.text)
    __use_two_region_memory                  0x08013531   Thumb Code     2  heapauxi.o(.text)
    __rt_heap_escrow$2region                 0x08013533   Thumb Code     2  heapauxi.o(.text)
    __rt_heap_expand$2region                 0x08013535   Thumb Code     2  heapauxi.o(.text)
    __I$use$semihosting                      0x08013537   Thumb Code     0  use_no_semi.o(.text)
    __use_no_semihosting_swi                 0x08013537   Thumb Code     2  use_no_semi.o(.text)
    _printf_char_file                        0x08013539   Thumb Code    32  _printf_char_file.o(.text)
    __aeabi_memclr4                          0x0801355d   Thumb Code     0  rt_memclr_w.o(.text)
    __aeabi_memclr8                          0x0801355d   Thumb Code     0  rt_memclr_w.o(.text)
    __rt_memclr_w                            0x0801355d   Thumb Code    78  rt_memclr_w.o(.text)
    _memset_w                                0x08013561   Thumb Code     0  rt_memclr_w.o(.text)
    _printf_char_common                      0x080135b7   Thumb Code    32  _printf_char_common.o(.text)
    ferror                                   0x080135dd   Thumb Code     8  ferror.o(.text)
    __user_setup_stackheap                   0x080135e5   Thumb Code    74  sys_stackheap_outer.o(.text)
    __printf                                 0x0801362f   Thumb Code    40  __printf_nopercent.o(.text)
    exit                                     0x08013657   Thumb Code    18  exit.o(.text)
    __user_libspace                          0x08013669   Thumb Code     8  libspace.o(.text)
    __user_perproc_libspace                  0x08013669   Thumb Code     0  libspace.o(.text)
    __user_perthread_libspace                0x08013669   Thumb Code     0  libspace.o(.text)
    _fp_init                                 0x08013671   Thumb Code    10  fpinit.o(x$fpl$fpinit)
    __fplib_config_fpu_vfp                   0x08013679   Thumb Code     0  fpinit.o(x$fpl$fpinit)
    __fplib_config_pureend_doubles           0x08013679   Thumb Code     0  fpinit.o(x$fpl$fpinit)
    Region$$Table$$Base                      0x0801367c   Number         0  anon$$obj.o(Region$$Table)
    Region$$Table$$Limit                     0x0801369c   Number         0  anon$$obj.o(Region$$Table)
    SystemCoreClock                          0x20000000   Data           4  system_stm32f4xx.o(.data)
    AHBPrescTable                            0x20000004   Data          16  system_stm32f4xx.o(.data)
    LEDValue                                 0x20000014   Data           2  led.o(.data)
    __stdout                                 0x2000001c   Data           4  usart.o(.data)
    USART_RX_STA                             0x20000020   Data           2  usart.o(.data)
    USART_RX_CNT                             0x20000024   Data           4  usart.o(.data)
    ValidDataLength                          0x20000028   Data           4  usart.o(.data)
    RecFlag                                  0x2000002c   Data           1  usart.o(.data)
    jump2app                                 0x20000040   Data           4  iap.o(.data)
    Addr_now                                 0x20000044   Data           4  iap.o(.data)
    JumpAddr                                 0x20000048   Data           1  iap.o(.data)
    MotorBackAdValue                         0x2000004a   Data           2  iap.o(.data)
    MotorLegAdValue                          0x2000004c   Data           2  iap.o(.data)
    MotorFootAdValue                         0x2000004e   Data           2  iap.o(.data)
    MotorSpeed                               0x20000050   Data           3  iap.o(.data)
    MotorClosePosition                       0x20000054   Data           6  iap.o(.data)
    MotorOpenPosition                        0x2000005a   Data           6  iap.o(.data)
    MotorLinkPosition                        0x20000060   Data          16  iap.o(.data)
    MotorCurrent                             0x20000070   Data           6  iap.o(.data)
    USART_RX_BUF                             0x20000078   Data         200  usart.o(.bss)
    __libspace_start                         0x20000140   Data          96  libspace.o(.bss)
    __temporary_stack_top$libspace           0x200001a0   Data           0  libspace.o(.bss)



==============================================================================

Memory Map of the image

  Image Entry point : 0x080101ad

  Load Region LR_IROM1 (Base: 0x08010000, Size: 0x00003714, Max: 0x000d0000, ABSOLUTE)

    Execution Region ER_IROM1 (Base: 0x08010000, Size: 0x0000369c, Max: 0x000d0000, ABSOLUTE)

    Base Addr    Size         Type   Attr      Idx    E Section Name        Object

    0x08010000   0x000001ac   Data   RO          403    RESET               startup_stm32f429_439xx.o
    0x080101ac   0x00000008   Code   RO          651  * !!!main             c_w.l(__main.o)
    0x080101b4   0x00000034   Code   RO          818    !!!scatter          c_w.l(__scatter.o)
    0x080101e8   0x0000001a   Code   RO          820    !!handler_copy      c_w.l(__scatter_copy.o)
    0x08010202   0x00000002   PAD
    0x08010204   0x0000001c   Code   RO          822    !!handler_zi        c_w.l(__scatter_zi.o)
    0x08010220   0x00000002   Code   RO          692    .ARM.Collect$$libinit$$00000000  c_w.l(libinit.o)
    0x08010222   0x00000004   Code   RO          698    .ARM.Collect$$libinit$$00000001  c_w.l(libinit2.o)
    0x08010226   0x00000000   Code   RO          701    .ARM.Collect$$libinit$$00000004  c_w.l(libinit2.o)
    0x08010226   0x00000000   Code   RO          704    .ARM.Collect$$libinit$$0000000A  c_w.l(libinit2.o)
    0x08010226   0x00000000   Code   RO          706    .ARM.Collect$$libinit$$0000000C  c_w.l(libinit2.o)
    0x08010226   0x00000000   Code   RO          708    .ARM.Collect$$libinit$$0000000E  c_w.l(libinit2.o)
    0x08010226   0x00000000   Code   RO          711    .ARM.Collect$$libinit$$00000011  c_w.l(libinit2.o)
    0x08010226   0x00000000   Code   RO          713    .ARM.Collect$$libinit$$00000013  c_w.l(libinit2.o)
    0x08010226   0x00000000   Code   RO          715    .ARM.Collect$$libinit$$00000015  c_w.l(libinit2.o)
    0x08010226   0x00000000   Code   RO          717    .ARM.Collect$$libinit$$00000017  c_w.l(libinit2.o)
    0x08010226   0x00000000   Code   RO          719    .ARM.Collect$$libinit$$00000019  c_w.l(libinit2.o)
    0x08010226   0x00000000   Code   RO          721    .ARM.Collect$$libinit$$0000001B  c_w.l(libinit2.o)
    0x08010226   0x00000000   Code   RO          723    .ARM.Collect$$libinit$$0000001D  c_w.l(libinit2.o)
    0x08010226   0x00000000   Code   RO          725    .ARM.Collect$$libinit$$0000001F  c_w.l(libinit2.o)
    0x08010226   0x00000000   Code   RO          727    .ARM.Collect$$libinit$$00000021  c_w.l(libinit2.o)
    0x08010226   0x00000000   Code   RO          729    .ARM.Collect$$libinit$$00000023  c_w.l(libinit2.o)
    0x08010226   0x00000000   Code   RO          731    .ARM.Collect$$libinit$$00000025  c_w.l(libinit2.o)
    0x08010226   0x00000000   Code   RO          735    .ARM.Collect$$libinit$$0000002C  c_w.l(libinit2.o)
    0x08010226   0x00000000   Code   RO          737    .ARM.Collect$$libinit$$0000002E  c_w.l(libinit2.o)
    0x08010226   0x00000000   Code   RO          739    .ARM.Collect$$libinit$$00000030  c_w.l(libinit2.o)
    0x08010226   0x00000000   Code   RO          741    .ARM.Collect$$libinit$$00000032  c_w.l(libinit2.o)
    0x08010226   0x00000002   Code   RO          742    .ARM.Collect$$libinit$$00000033  c_w.l(libinit2.o)
    0x08010228   0x00000002   Code   RO          760    .ARM.Collect$$libshutdown$$00000000  c_w.l(libshutdown.o)
    0x0801022a   0x00000000   Code   RO          770    .ARM.Collect$$libshutdown$$00000002  c_w.l(libshutdown2.o)
    0x0801022a   0x00000000   Code   RO          772    .ARM.Collect$$libshutdown$$00000004  c_w.l(libshutdown2.o)
    0x0801022a   0x00000000   Code   RO          775    .ARM.Collect$$libshutdown$$00000007  c_w.l(libshutdown2.o)
    0x0801022a   0x00000000   Code   RO          778    .ARM.Collect$$libshutdown$$0000000A  c_w.l(libshutdown2.o)
    0x0801022a   0x00000000   Code   RO          780    .ARM.Collect$$libshutdown$$0000000C  c_w.l(libshutdown2.o)
    0x0801022a   0x00000000   Code   RO          783    .ARM.Collect$$libshutdown$$0000000F  c_w.l(libshutdown2.o)
    0x0801022a   0x00000002   Code   RO          784    .ARM.Collect$$libshutdown$$00000010  c_w.l(libshutdown2.o)
    0x0801022c   0x00000000   Code   RO          655    .ARM.Collect$$rtentry$$00000000  c_w.l(__rtentry.o)
    0x0801022c   0x00000000   Code   RO          661    .ARM.Collect$$rtentry$$00000002  c_w.l(__rtentry2.o)
    0x0801022c   0x00000006   Code   RO          673    .ARM.Collect$$rtentry$$00000004  c_w.l(__rtentry4.o)
    0x08010232   0x00000000   Code   RO          663    .ARM.Collect$$rtentry$$00000009  c_w.l(__rtentry2.o)
    0x08010232   0x00000004   Code   RO          664    .ARM.Collect$$rtentry$$0000000A  c_w.l(__rtentry2.o)
    0x08010236   0x00000000   Code   RO          666    .ARM.Collect$$rtentry$$0000000C  c_w.l(__rtentry2.o)
    0x08010236   0x00000008   Code   RO          667    .ARM.Collect$$rtentry$$0000000D  c_w.l(__rtentry2.o)
    0x0801023e   0x00000002   Code   RO          696    .ARM.Collect$$rtexit$$00000000  c_w.l(rtexit.o)
    0x08010240   0x00000000   Code   RO          744    .ARM.Collect$$rtexit$$00000002  c_w.l(rtexit2.o)
    0x08010240   0x00000004   Code   RO          745    .ARM.Collect$$rtexit$$00000003  c_w.l(rtexit2.o)
    0x08010244   0x00000006   Code   RO          746    .ARM.Collect$$rtexit$$00000004  c_w.l(rtexit2.o)
    0x0801024a   0x00000002   PAD
    0x0801024c   0x00000010   Code   RO          354    .emb_text           sys.o
    0x0801025c   0x00000040   Code   RO            3    .text               main.o
    0x0801029c   0x0000001a   Code   RO          170    .text               stm32f4xx_it.o
    0x080102b6   0x00000002   PAD
    0x080102b8   0x00000244   Code   RO          219    .text               system_stm32f4xx.o
    0x080104fc   0x00000070   Code   RO          245    .text               led.o
    0x0801056c   0x000000f4   Code   RO          271    .text               key.o
    0x08010660   0x00000104   Code   RO          312    .text               timer.o
    0x08010764   0x00000104   Code   RO          332    .text               delay.o
    0x08010868   0x000001f0   Code   RO          372    .text               usart.o
    0x08010a58   0x00000040   Code   RO          404    .text               startup_stm32f429_439xx.o
    0x08010a98   0x000000e0   Code   RO          410    .text               misc.o
    0x08010b78   0x00000294   Code   RO          430    .text               stm32f4xx_gpio.o
    0x08010e0c   0x00000660   Code   RO          450    .text               stm32f4xx_rcc.o
    0x0801146c   0x00000454   Code   RO          492    .text               stm32f4xx_usart.o
    0x080118c0   0x000003a8   Code   RO          532    .text               stm32f4xx_dma.o
    0x08011c68   0x00000ca2   Code   RO          592    .text               stm32f4xx_tim.o
    0x0801290a   0x00000002   PAD
    0x0801290c   0x00000bc4   Code   RO          612    .text               iap.o
    0x080134d0   0x00000002   Code   RO          641    .text               c_w.l(use_no_semi_2.o)
    0x080134d2   0x00000002   PAD
    0x080134d4   0x00000018   Code   RO          645    .text               c_w.l(noretval__2printf.o)
    0x080134ec   0x00000044   Code   RO          647    .text               c_w.l(rt_memclr.o)
    0x08013530   0x00000006   Code   RO          649    .text               c_w.l(heapauxi.o)
    0x08013536   0x00000002   Code   RO          653    .text               c_w.l(use_no_semi.o)
    0x08013538   0x00000024   Code   RO          656    .text               c_w.l(_printf_char_file.o)
    0x0801355c   0x0000004e   Code   RO          658    .text               c_w.l(rt_memclr_w.o)
    0x080135aa   0x00000002   PAD
    0x080135ac   0x00000030   Code   RO          675    .text               c_w.l(_printf_char_common.o)
    0x080135dc   0x00000008   Code   RO          677    .text               c_w.l(ferror.o)
    0x080135e4   0x0000004a   Code   RO          681    .text               c_w.l(sys_stackheap_outer.o)
    0x0801362e   0x00000028   Code   RO          683    .text               c_w.l(__printf_nopercent.o)
    0x08013656   0x00000012   Code   RO          685    .text               c_w.l(exit.o)
    0x08013668   0x00000008   Code   RO          693    .text               c_w.l(libspace.o)
    0x08013670   0x0000000a   Code   RO          752    x$fpl$fpinit        fz_wm.l(fpinit.o)
    0x0801367a   0x00000002   PAD
    0x0801367c   0x00000020   Data   RO          816    Region$$Table       anon$$obj.o


    Execution Region RW_IRAM1 (Base: 0x20000000, Size: 0x000007a0, Max: 0x00030000, ABSOLUTE)

    Base Addr    Size         Type   Attr      Idx    E Section Name        Object

    0x20000000   0x00000014   Data   RW          220    .data               system_stm32f4xx.o
    0x20000014   0x00000002   Data   RW          246    .data               led.o
    0x20000016   0x00000001   Data   RW          272    .data               key.o
    0x20000017   0x00000001   PAD
    0x20000018   0x00000004   Data   RW          333    .data               delay.o
    0x2000001c   0x00000011   Data   RW          374    .data               usart.o
    0x2000002d   0x00000010   Data   RW          451    .data               stm32f4xx_rcc.o
    0x2000003d   0x00000003   PAD
    0x20000040   0x00000036   Data   RW          613    .data               iap.o
    0x20000076   0x00000002   PAD
    0x20000078   0x000000c8   Zero   RW          373    .bss                usart.o
    0x20000140   0x00000060   Zero   RW          694    .bss                c_w.l(libspace.o)
    0x200001a0   0x00000200   Zero   RW          402    HEAP                startup_stm32f429_439xx.o
    0x200003a0   0x00000400   Zero   RW          401    STACK               startup_stm32f429_439xx.o


==============================================================================

Image component sizes


      Code (inc. data)   RO Data    RW Data    ZI Data      Debug   Object Name

       260          8          0          4          0       1493   delay.o
      3012        128          0         54          0       9686   iap.o
       244         16          0          1          0        864   key.o
       112         12          0          2          0        873   led.o
        64          8          0          0          0     301251   main.o
       224         20          0          0          0       1833   misc.o
        64         26        428          0       1536        844   startup_stm32f429_439xx.o
       936         32          0          0          0       6405   stm32f4xx_dma.o
       660         44          0          0          0       4173   stm32f4xx_gpio.o
        26          0          0          0          0       1230   stm32f4xx_it.o
      1632         54          0         16          0      13116   stm32f4xx_rcc.o
      3234         60          0          0          0      23028   stm32f4xx_tim.o
      1108         34          0          0          0       7896   stm32f4xx_usart.o
        16          0          0          0          0        496   sys.o
       580         46          0         20          0       1823   system_stm32f4xx.o
       260         24          0          0          0        892   timer.o
       496         24          0         17        200       3907   usart.o

    ----------------------------------------------------------------------
     12932        536        460        120       1736     379810   Object Totals
         0          0         32          0          0          0   (incl. Generated)
         4          0          0          6          0          0   (incl. Padding)

    ----------------------------------------------------------------------

      Code (inc. data)   RO Data    RW Data    ZI Data      Debug   Library Member Name

         8          0          0          0          0         68   __main.o
        40          0          0          0          0         84   __printf_nopercent.o
         0          0          0          0          0          0   __rtentry.o
        12          0          0          0          0          0   __rtentry2.o
         6          0          0          0          0          0   __rtentry4.o
        52          8          0          0          0          0   __scatter.o
        26          0          0          0          0          0   __scatter_copy.o
        28          0          0          0          0          0   __scatter_zi.o
        48          6          0          0          0         96   _printf_char_common.o
        36          4          0          0          0         80   _printf_char_file.o
        18          0          0          0          0         80   exit.o
         8          0          0          0          0         68   ferror.o
         6          0          0          0          0        152   heapauxi.o
         2          0          0          0          0          0   libinit.o
         6          0          0          0          0          0   libinit2.o
         2          0          0          0          0          0   libshutdown.o
         2          0          0          0          0          0   libshutdown2.o
         8          4          0          0         96         68   libspace.o
        24          4          0          0          0         84   noretval__2printf.o
        68          0          0          0          0         68   rt_memclr.o
        78          0          0          0          0         80   rt_memclr_w.o
         2          0          0          0          0          0   rtexit.o
        10          0          0          0          0          0   rtexit2.o
        74          0          0          0          0         80   sys_stackheap_outer.o
         2          0          0          0          0         68   use_no_semi.o
         2          0          0          0          0         68   use_no_semi_2.o
        10          0          0          0          0        116   fpinit.o

    ----------------------------------------------------------------------
       588         26          0          0         96       1260   Library Totals
        10          0          0          0          0          0   (incl. Padding)

    ----------------------------------------------------------------------

      Code (inc. data)   RO Data    RW Data    ZI Data      Debug   Library Name

       568         26          0          0         96       1144   c_w.l
        10          0          0          0          0        116   fz_wm.l

    ----------------------------------------------------------------------
       588         26          0          0         96       1260   Library Totals

    ----------------------------------------------------------------------

==============================================================================


      Code (inc. data)   RO Data    RW Data    ZI Data      Debug   

     13520        562        460        120       1832     377450   Grand Totals
     13520        562        460        120       1832     377450   ELF Image Totals
     13520        562        460        120          0          0   ROM Totals

==============================================================================

    Total RO  Size (Code + RO Data)                13980 (  13.65kB)
    Total RW  Size (RW Data + ZI Data)              1952 (   1.91kB)
    Total ROM Size (Code + RO Data + RW Data)      14100 (  13.77kB)

==============================================================================

