Component: ARM Compiler 5.06 update 4 (build 422) Tool: armlink [4d35d2]

==============================================================================

Section Cross References

    main.o(.text) refers to misc.o(.text) for NVIC_PriorityGroupConfig
    main.o(.text) refers to delay.o(.text) for delay_init
    main.o(.text) refers to usart.o(.text) for uart_init
    main.o(.text) refers to led.o(.text) for LED_Init
    main.o(.text) refers to key.o(.text) for KEY_Init
    main.o(.text) refers to timer.o(.text) for TIM3_Init
    main.o(.text) refers to iap.o(.text) for Iap_Write
    system_stm32f4xx.o(.text) refers to system_stm32f4xx.o(.data) for SystemCoreClock
    led.o(.text) refers to stm32f4xx_rcc.o(.text) for RCC_AHB1PeriphClockCmd
    led.o(.text) refers to stm32f4xx_gpio.o(.text) for GPIO_Init
    led.o(.text) refers to led.o(.data) for LEDValue
    key.o(.text) refers to stm32f4xx_rcc.o(.text) for RCC_AHB1PeriphClockCmd
    key.o(.text) refers to stm32f4xx_gpio.o(.text) for GPIO_Init
    key.o(.text) refers to delay.o(.text) for delay_ms
    key.o(.text) refers to noretval__2printf.o(.text) for __2printf
    key.o(.text) refers to key.o(.data) for key_up
    stmflash.o(.text) refers to stm32f4xx_flash.o(.text) for FLASH_Unlock
    timer.o(.text) refers to stm32f4xx_rcc.o(.text) for RCC_APB1PeriphClockCmd
    timer.o(.text) refers to stm32f4xx_tim.o(.text) for TIM_TimeBaseInit
    timer.o(.text) refers to misc.o(.text) for NVIC_Init
    timer.o(.text) refers to iap.o(.text) for EnterAPP
    timer.o(.text) refers to system_stm32f4xx.o(.data) for SystemCoreClock
    timer.o(.text) refers to timer.o(.data) for ConnectFlag
    delay.o(.text) refers to misc.o(.text) for SysTick_CLKSourceConfig
    delay.o(.text) refers to delay.o(.data) for fac_us
    usart.o(.rev16_text) refers (Special) to use_no_semi_2.o(.text) for __use_no_semihosting
    usart.o(.revsh_text) refers (Special) to use_no_semi_2.o(.text) for __use_no_semihosting
    usart.o(.text) refers (Special) to use_no_semi_2.o(.text) for __use_no_semihosting
    usart.o(.text) refers to _printf_percent.o(.ARM.Collect$$_printf_percent$$00000000) for _printf_percent
    usart.o(.text) refers to _printf_d.o(.ARM.Collect$$_printf_percent$$00000009) for _printf_d
    usart.o(.text) refers to _printf_s.o(.ARM.Collect$$_printf_percent$$00000014) for _printf_s
    usart.o(.text) refers to _printf_dec.o(.text) for _printf_int_dec
    usart.o(.text) refers to _printf_str.o(.text) for _printf_str
    usart.o(.text) refers to stm32f4xx_rcc.o(.text) for RCC_AHB1PeriphClockCmd
    usart.o(.text) refers to stm32f4xx_gpio.o(.text) for GPIO_PinAFConfig
    usart.o(.text) refers to stm32f4xx_usart.o(.text) for USART_Init
    usart.o(.text) refers to misc.o(.text) for NVIC_Init
    usart.o(.text) refers to stm32f4xx_dma.o(.text) for DMA_Init
    usart.o(.text) refers to noretval__2printf.o(.text) for __2printf
    usart.o(.text) refers to usart.o(.ARM.__AT_0x20001000) for USART_RX_BUF
    usart.o(.text) refers to usart.o(.data) for ValidDataLength
    usart.o(.ARM.__AT_0x20001000) refers (Special) to use_no_semi_2.o(.text) for __use_no_semihosting
    usart.o(.data) refers (Special) to use_no_semi_2.o(.text) for __use_no_semihosting
    startup_stm32f429_439xx.o(STACK) refers (Special) to heapauxi.o(.text) for __use_two_region_memory
    startup_stm32f429_439xx.o(HEAP) refers (Special) to heapauxi.o(.text) for __use_two_region_memory
    startup_stm32f429_439xx.o(RESET) refers (Special) to heapauxi.o(.text) for __use_two_region_memory
    startup_stm32f429_439xx.o(RESET) refers to startup_stm32f429_439xx.o(STACK) for __initial_sp
    startup_stm32f429_439xx.o(RESET) refers to startup_stm32f429_439xx.o(.text) for Reset_Handler
    startup_stm32f429_439xx.o(RESET) refers to stm32f4xx_it.o(.text) for NMI_Handler
    startup_stm32f429_439xx.o(RESET) refers to timer.o(.text) for TIM3_IRQHandler
    startup_stm32f429_439xx.o(RESET) refers to usart.o(.text) for USART1_IRQHandler
    startup_stm32f429_439xx.o(.text) refers (Special) to heapauxi.o(.text) for __use_two_region_memory
    startup_stm32f429_439xx.o(.text) refers to system_stm32f4xx.o(.text) for SystemInit
    startup_stm32f429_439xx.o(.text) refers to __main.o(!!!main) for __main
    startup_stm32f429_439xx.o(.text) refers to startup_stm32f429_439xx.o(HEAP) for Heap_Mem
    startup_stm32f429_439xx.o(.text) refers to startup_stm32f429_439xx.o(STACK) for Stack_Mem
    stm32f4xx_gpio.o(.text) refers to stm32f4xx_rcc.o(.text) for RCC_AHB1PeriphResetCmd
    stm32f4xx_rcc.o(.text) refers to stm32f4xx_rcc.o(.data) for APBAHBPrescTable
    stm32f4xx_syscfg.o(.text) refers to stm32f4xx_rcc.o(.text) for RCC_APB2PeriphResetCmd
    stm32f4xx_usart.o(.text) refers to stm32f4xx_rcc.o(.text) for RCC_APB2PeriphResetCmd
    stm32f4xx_dma2d.o(.text) refers to stm32f4xx_rcc.o(.text) for RCC_AHB1PeriphResetCmd
    stm32f4xx_tim.o(.text) refers to stm32f4xx_rcc.o(.text) for RCC_APB2PeriphResetCmd
[...]
    ../clib/angel/boardlib.s                 0x00000000   Number         0  boardinit2.o ABSOLUTE
    ../clib/angel/handlers.s                 0x00000000   Number         0  __scatter_copy.o ABSOLUTE
    ../clib/angel/handlers.s                 0x00000000   Number         0  __scatter_zi.o ABSOLUTE
    ../clib/angel/kernel.s                   0x00000000   Number         0  rtexit2.o ABSOLUTE
    ../clib/angel/kernel.s                   0x00000000   Number         0  rtexit.o ABSOLUTE
    ../clib/angel/kernel.s                   0x00000000   Number         0  __rtentry2.o ABSOLUTE
    ../clib/angel/kernel.s                   0x00000000   Number         0  __rtentry4.o ABSOLUTE
    ../clib/angel/kernel.s                   0x00000000   Number         0  __rtentry.o ABSOLUTE
    ../clib/angel/rt.s                       0x00000000   Number         0  rt_raise.o ABSOLUTE
    ../clib/angel/scatter.s                  0x00000000   Number         0  __scatter.o ABSOLUTE
    ../clib/angel/startup.s                  0x00000000   Number         0  __main.o ABSOLUTE
    ../clib/angel/sys.s                      0x00000000   Number         0  use_no_semi.o ABSOLUTE
    ../clib/angel/sys.s                      0x00000000   Number         0  sys_stackheap_outer.o ABSOLUTE
    ../clib/angel/sys.s                      0x00000000   Number         0  indicate_semi.o ABSOLUTE
    ../clib/angel/sys.s                      0x00000000   Number         0  use_no_semi_2.o ABSOLUTE
    ../clib/angel/sys.s                      0x00000000   Number         0  libspace.o ABSOLUTE
    ../clib/angel/sysapp.c                   0x00000000   Number         0  sys_wrch.o ABSOLUTE
    ../clib/angel/sysapp.c                   0x00000000   Number         0  sys_command.o ABSOLUTE
    ../clib/armsys.c                         0x00000000   Number         0  argv_veneer.o ABSOLUTE
    ../clib/armsys.c                         0x00000000   Number         0  no_argv.o ABSOLUTE
    ../clib/armsys.c                         0x00000000   Number         0  _get_argv_nomalloc.o ABSOLUTE
    ../clib/armsys.c                         0x00000000   Number         0  argv_veneer.o ABSOLUTE
    ../clib/heapalloc.c                      0x00000000   Number         0  hrguard.o ABSOLUTE
    ../clib/heapaux.c                        0x00000000   Number         0  heapauxi.o ABSOLUTE
    ../clib/libinit.s                        0x00000000   Number         0  libshutdown.o ABSOLUTE
    ../clib/libinit.s                        0x00000000   Number         0  libinit2.o ABSOLUTE
    ../clib/libinit.s                        0x00000000   Number         0  libshutdown2.o ABSOLUTE
    ../clib/libinit.s                        0x00000000   Number         0  libinit.o ABSOLUTE
    ../clib/memcpset.s                       0x00000000   Number         0  rt_memclr_w.o ABSOLUTE
    ../clib/printf.c                         0x00000000   Number         0  _printf_char_file.o ABSOLUTE
    ../clib/printf.c                         0x00000000   Number         0  __printf_nopercent.o ABSOLUTE
    ../clib/printf.c                         0x00000000   Number         0  noretval__2printf.o ABSOLUTE
    ../clib/printf.c                         0x00000000   Number         0  _printf_char_common.o ABSOLUTE
    ../clib/printf.c                         0x00000000   Number         0  __printf.o ABSOLUTE
    ../clib/printf.c                         0x00000000   Number         0  _printf_dec.o ABSOLUTE
    ../clib/printf.c                         0x00000000   Number         0  __2printf.o ABSOLUTE
    ../clib/printf.c                         0x00000000   Number         0  _printf_char.o ABSOLUTE
    ../clib/printf.c                         0x00000000   Number         0  _printf_str.o ABSOLUTE
    ../clib/printf.c                         0x00000000   Number         0  _printf_intcommon.o ABSOLUTE
    ../clib/printf.c                         0x00000000   Number         0  __printf_flags.o ABSOLUTE
    ../clib/printf.c                         0x00000000   Number         0  __printf_ss.o ABSOLUTE
    ../clib/printf.c                         0x00000000   Number         0  __printf_flags_ss.o ABSOLUTE
    ../clib/printf.c                         0x00000000   Number         0  __printf_wp.o ABSOLUTE
    ../clib/printf.c                         0x00000000   Number         0  __printf_flags_wp.o ABSOLUTE
    ../clib/printf.c                         0x00000000   Number         0  __printf_ss_wp.o ABSOLUTE
    ../clib/printf.c                         0x00000000   Number         0  __printf_flags_ss_wp.o ABSOLUTE
    ../clib/printf_percent.s                 0x00000000   Number         0  _printf_percent_end.o ABSOLUTE
    ../clib/printf_percent.s                 0x00000000   Number         0  _printf_s.o ABSOLUTE
    ../clib/printf_percent.s                 0x00000000   Number         0  _printf_d.o ABSOLUTE
    ../clib/printf_percent.s                 0x00000000   Number         0  _printf_percent.o ABSOLUTE
    ../clib/signal.c                         0x00000000   Number         0  defsig_stak_inner.o ABSOLUTE
    ../clib/signal.c                         0x00000000   Number         0  defsig_rtmem_formal.o ABSOLUTE
    ../clib/signal.c                         0x00000000   Number         0  defsig_pvfn_inner.o ABSOLUTE
    ../clib/signal.c                         0x00000000   Number         0  defsig_rtmem_outer.o ABSOLUTE
    ../clib/signal.c                         0x00000000   Number         0  defsig_segv_inner.o ABSOLUTE
    ../clib/signal.c                         0x00000000   Number         0  defsig_abrt_inner.o ABSOLUTE
    ../clib/signal.c                         0x00000000   Number         0  defsig_cppl_inner.o ABSOLUTE
    ../clib/signal.c                         0x00000000   Number         0  defsig_other.o ABSOLUTE
    ../clib/signal.c                         0x00000000   Number         0  defsig_rtmem_inner.o ABSOLUTE
    ../clib/signal.c                         0x00000000   Number         0  defsig_exit.o ABSOLUTE
    ../clib/signal.c                         0x00000000   Number         0  __raise.o ABSOLUTE
    ../clib/signal.c                         0x00000000   Number         0  defsig_general.o ABSOLUTE
    ../clib/signal.c                         0x00000000   Number         0  defsig_fpe_inner.o ABSOLUTE
    ../clib/signal.c                         0x00000000   Number         0  defsig_rtred_inner.o ABSOLUTE
    ../clib/signal.s                         0x00000000   Number         0  defsig.o ABSOLUTE
    ../clib/stdio.c                          0x00000000   Number         0  ferror.o ABSOLUTE
    ../clib/stdio.c                          0x00000000   Number         0  ferror_locked.o ABSOLUTE
    ../clib/stdlib.c                         0x00000000   Number         0  exit.o ABSOLUTE
    ../fplib/fpinit.s                        0x00000000   Number         0  fpinit.o ABSOLUTE
    ..\CORE\startup_stm32f429_439xx.s        0x00000000   Number         0  startup_stm32f429_439xx.o ABSOLUTE
    ..\FWLIB\src\misc.c                      0x00000000   Number         0  misc.o ABSOLUTE
    ..\FWLIB\src\stm32f4xx_crc.c             0x00000000   Number         0  stm32f4xx_crc.o ABSOLUTE
    ..\FWLIB\src\stm32f4xx_dma.c             0x00000000   Number         0  stm32f4xx_dma.o ABSOLUTE
    ..\FWLIB\src\stm32f4xx_dma2d.c           0x00000000   Number         0  stm32f4xx_dma2d.o ABSOLUTE
    ..\FWLIB\src\stm32f4xx_flash.c           0x00000000   Number         0  stm32f4xx_flash.o ABSOLUTE
    ..\FWLIB\src\stm32f4xx_gpio.c            0x00000000   Number         0  stm32f4xx_gpio.o ABSOLUTE
    ..\FWLIB\src\stm32f4xx_rcc.c             0x00000000   Number         0  stm32f4xx_rcc.o ABSOLUTE
    ..\FWLIB\src\stm32f4xx_syscfg.c          0x00000000   Number         0  stm32f4xx_syscfg.o ABSOLUTE
    ..\FWLIB\src\stm32f4xx_tim.c             0x00000000   Number         0  stm32f4xx_tim.o ABSOLUTE
    ..\FWLIB\src\stm32f4xx_usart.c           0x00000000   Number         0  stm32f4xx_usart.o ABSOLUTE
    ..\HARDWARE\KEY\key.c                    0x00000000   Number         0  key.o ABSOLUTE
    ..\HARDWARE\LED\led.c                    0x00000000   Number         0  led.o ABSOLUTE
    ..\HARDWARE\STMFLASH\stmflash.c          0x00000000   Number         0  stmflash.o ABSOLUTE
    ..\HARDWARE\TIM\timer.c                  0x00000000   Number         0  timer.o ABSOLUTE
    ..\IAP\iap.c                             0x00000000   Number         0  iap.o ABSOLUTE
    ..\SYSTEM\delay\delay.c                  0x00000000   Number         0  delay.o ABSOLUTE
    ..\SYSTEM\sys\sys.c                      0x00000000   Number         0  sys.o ABSOLUTE
    ..\SYSTEM\usart\usart.c                  0x00000000   Number         0  usart.o ABSOLUTE
    ..\\FWLIB\\src\\misc.c                   0x00000000   Number         0  misc.o ABSOLUTE
    ..\\FWLIB\\src\\stm32f4xx_crc.c          0x00000000   Number         0  stm32f4xx_crc.o ABSOLUTE
    ..\\FWLIB\\src\\stm32f4xx_dma.c          0x00000000   Number         0  stm32f4xx_dma.o ABSOLUTE
    ..\\FWLIB\\src\\stm32f4xx_dma2d.c        0x00000000   Number         0  stm32f4xx_dma2d.o ABSOLUTE
    ..\\FWLIB\\src\\stm32f4xx_flash.c        0x00000000   Number         0  stm32f4xx_flash.o ABSOLUTE
    ..\\FWLIB\\src\\stm32f4xx_gpio.c         0x00000000   Number         0  stm32f4xx_gpio.o ABSOLUTE
    ..\\FWLIB\\src\\stm32f4xx_rcc.c          0x00000000   Number         0  stm32f4xx_rcc.o ABSOLUTE
    ..\\FWLIB\\src\\stm32f4xx_syscfg.c       0x00000000   Number         0  stm32f4xx_syscfg.o ABSOLUTE
    ..\\FWLIB\\src\\stm32f4xx_tim.c          0x00000000   Number         0  stm32f4xx_tim.o ABSOLUTE
    ..\\FWLIB\\src\\stm32f4xx_usart.c        0x00000000   Number         0  stm32f4xx_usart.o ABSOLUTE
    ..\\HARDWARE\\KEY\\key.c                 0x00000000   Number         0  key.o ABSOLUTE
    ..\\HARDWARE\\LED\\led.c                 0x00000000   Number         0  led.o ABSOLUTE
    ..\\HARDWARE\\STMFLASH\\stmflash.c       0x00000000   Number         0  stmflash.o ABSOLUTE
    ..\\HARDWARE\\TIM\\timer.c               0x00000000   Number         0  timer.o ABSOLUTE
    ..\\IAP\\iap.c                           0x00000000   Number         0  iap.o ABSOLUTE
    ..\\SYSTEM\\delay\\delay.c               0x00000000   Number         0  delay.o ABSOLUTE
    ..\\SYSTEM\\sys\\sys.c                   0x00000000   Number         0  sys.o ABSOLUTE
    ..\\SYSTEM\\usart\\usart.c               0x00000000   Number         0  usart.o ABSOLUTE
    dc.s                                     0x00000000   Number         0  dc.o ABSOLUTE
    main.c                                   0x00000000   Number         0  main.o ABSOLUTE
    main.c                                   0x00000000   Number         0  main.o ABSOLUTE
    stm32f4xx_it.c                           0x00000000   Number         0  stm32f4xx_it.o ABSOLUTE
    stm32f4xx_it.c                           0x00000000   Number         0  stm32f4xx_it.o ABSOLUTE
    system_stm32f4xx.c                       0x00000000   Number         0  system_stm32f4xx.o ABSOLUTE
    system_stm32f4xx.c                       0x00000000   Number         0  system_stm32f4xx.o ABSOLUTE
    RESET                                    0x08000000   Section      428  startup_stm32f429_439xx.o(RESET)
    !!!main                                  0x080001ac   Section        8  __main.o(!!!main)
    !!!scatter                               0x080001b4   Section       52  __scatter.o(!!!scatter)
    !!handler_copy                           0x080001e8   Section       26  __scatter_copy.o(!!handler_copy)
    !!handler_zi                             0x08000204   Section       28  __scatter_zi.o(!!handler_zi)
    .ARM.Collect$$_printf_percent$$00000000  0x08000220   Section        0  _printf_percent.o(.ARM.Collect$$_printf_percent$$00000000)
    .ARM.Collect$$_printf_percent$$00000009  0x08000220   Section        6  _printf_d.o(.ARM.Collect$$_printf_percent$$00000009)
    .ARM.Collect$$_printf_percent$$00000014  0x08000226   Section        6  _printf_s.o(.ARM.Collect$$_printf_percent$$00000014)
    .ARM.Collect$$_printf_percent$$00000017  0x0800022c   Section        4  _printf_percent_end.o(.ARM.Collect$$_printf_percent$$00000017)
    .ARM.Collect$$libinit$$00000000          0x08000230   Section        2  libinit.o(.ARM.Collect$$libinit$$00000000)
    .ARM.Collect$$libinit$$00000001          0x08000232   Section        4  libinit2.o(.ARM.Collect$$libinit$$00000001)
    .ARM.Collect$$libinit$$00000004          0x08000236   Section        0  libinit2.o(.ARM.Collect$$libinit$$00000004)
    .ARM.Collect$$libinit$$0000000A          0x08000236   Section        0  libinit2.o(.ARM.Collect$$libinit$$0000000A)
    .ARM.Collect$$libinit$$0000000C          0x08000236   Section        0  libinit2.o(.ARM.Collect$$libinit$$0000000C)
    .ARM.Collect$$libinit$$0000000E          0x08000236   Section        0  libinit2.o(.ARM.Collect$$libinit$$0000000E)
    .ARM.Collect$$libinit$$00000011          0x08000236   Section        0  libinit2.o(.ARM.Collect$$libinit$$00000011)
    .ARM.Collect$$libinit$$00000013          0x08000236   Section        0  libinit2.o(.ARM.Collect$$libinit$$00000013)
    .ARM.Collect$$libinit$$00000015          0x08000236   Section        0  libinit2.o(.ARM.Collect$$libinit$$00000015)
    .ARM.Collect$$libinit$$00000017          0x08000236   Section        0  libinit2.o(.ARM.Collect$$libinit$$00000017)
    .ARM.Collect$$libinit$$00000019          0x08000236   Section        0  libinit2.o(.ARM.Collect$$libinit$$00000019)
    .ARM.Collect$$libinit$$0000001B          0x08000236   Section        0  libinit2.o(.ARM.Collect$$libinit$$0000001B)
    .ARM.Collect$$libinit$$0000001D          0x08000236   Section        0  libinit2.o(.ARM.Collect$$libinit$$0000001D)
    .ARM.Collect$$libinit$$0000001F          0x08000236   Section        0  libinit2.o(.ARM.Collect$$libinit$$0000001F)
    .ARM.Collect$$libinit$$00000021          0x08000236   Section        0  libinit2.o(.ARM.Collect$$libinit$$00000021)
    .ARM.Collect$$libinit$$00000023          0x08000236   Section        0  libinit2.o(.ARM.Collect$$libinit$$00000023)
    .ARM.Collect$$libinit$$00000025          0x08000236   Section        0  libinit2.o(.ARM.Collect$$libinit$$00000025)
    .ARM.Collect$$libinit$$0000002C          0x08000236   Section        0  libinit2.o(.ARM.Collect$$libinit$$0000002C)
    .ARM.Collect$$libinit$$0000002E          0x08000236   Section        0  libinit2.o(.ARM.Collect$$libinit$$0000002E)
    .ARM.Collect$$libinit$$00000030          0x08000236   Section        0  libinit2.o(.ARM.Collect$$libinit$$00000030)
    .ARM.Collect$$libinit$$00000032          0x08000236   Section        0  libinit2.o(.ARM.Collect$$libinit$$00000032)
    .ARM.Collect$$libinit$$00000033          0x08000236   Section        2  libinit2.o(.ARM.Collect$$libinit$$00000033)
    .ARM.Collect$$libshutdown$$00000000      0x08000238   Section        2  libshutdown.o(.ARM.Collect$$libshutdown$$00000000)
    .ARM.Collect$$libshutdown$$00000002      0x0800023a   Section        0  libshutdown2.o(.ARM.Collect$$libshutdown$$00000002)
    .ARM.Collect$$libshutdown$$00000004      0x0800023a   Section        0  libshutdown2.o(.ARM.Collect$$libshutdown$$00000004)
    .ARM.Collect$$libshutdown$$00000007      0x0800023a   Section        0  libshutdown2.o(.ARM.Collect$$libshutdown$$00000007)
    .ARM.Collect$$libshutdown$$0000000A      0x0800023a   Section        0  libshutdown2.o(.ARM.Collect$$libshutdown$$0000000A)
    .ARM.Collect$$libshutdown$$0000000C      0x0800023a   Section        0  libshutdown2.o(.ARM.Collect$$libshutdown$$0000000C)
    .ARM.Collect$$libshutdown$$0000000F      0x0800023a   Section        0  libshutdown2.o(.ARM.Collect$$libshutdown$$0000000F)
    .ARM.Collect$$libshutdown$$00000010      0x0800023a   Section        2  libshutdown2.o(.ARM.Collect$$libshutdown$$00000010)
    .ARM.Collect$$rtentry$$00000000          0x0800023c   Section        0  __rtentry.o(.ARM.Collect$$rtentry$$00000000)
    .ARM.Collect$$rtentry$$00000002          0x0800023c   Section        0  __rtentry2.o(.ARM.Collect$$rtentry$$00000002)
    .ARM.Collect$$rtentry$$00000004          0x0800023c   Section        6  __rtentry4.o(.ARM.Collect$$rtentry$$00000004)
    .ARM.Collect$$rtentry$$00000009          0x08000242   Section        0  __rtentry2.o(.ARM.Collect$$rtentry$$00000009)
    .ARM.Collect$$rtentry$$0000000A          0x08000242   Section        4  __rtentry2.o(.ARM.Collect$$rtentry$$0000000A)
    .ARM.Collect$$rtentry$$0000000C          0x08000246   Section        0  __rtentry2.o(.ARM.Collect$$rtentry$$0000000C)
    .ARM.Collect$$rtentry$$0000000D          0x08000246   Section        8  __rtentry2.o(.ARM.Collect$$rtentry$$0000000D)
    .ARM.Collect$$rtexit$$00000000           0x0800024e   Section        2  rtexit.o(.ARM.Collect$$rtexit$$00000000)
    .ARM.Collect$$rtexit$$00000002           0x08000250   Section        0  rtexit2.o(.ARM.Collect$$rtexit$$00000002)
    .ARM.Collect$$rtexit$$00000003           0x08000250   Section        4  rtexit2.o(.ARM.Collect$$rtexit$$00000003)
    .ARM.Collect$$rtexit$$00000004           0x08000254   Section        6  rtexit2.o(.ARM.Collect$$rtexit$$00000004)
    .emb_text                                0x0800025c   Section       16  sys.o(.emb_text)
    $v0                                      0x0800025c   Number         0  sys.o(.emb_text)
    .text                                    0x0800026c   Section        0  main.o(.text)
    .text                                    0x080002a2   Section        0  stm32f4xx_it.o(.text)
    .text                                    0x080002bc   Section        0  system_stm32f4xx.o(.text)
    SetSysClock                              0x080002bd   Thumb Code   272  system_stm32f4xx.o(.text)
    .text                                    0x08000500   Section        0  led.o(.text)
    .text                                    0x08000570   Section        0  key.o(.text)
    .text                                    0x080006b4   Section        0  stmflash.o(.text)
    .text                                    0x08000810   Section        0  timer.o(.text)
    .text                                    0x080008d0   Section        0  delay.o(.text)
    .text                                    0x080009d4   Section        0  usart.o(.text)
    .text                                    0x08000bf8   Section       64  startup_stm32f429_439xx.o(.text)
    $v0                                      0x08000bf8   Number         0  startup_stm32f429_439xx.o(.text)
    .text                                    0x08000c38   Section        0  misc.o(.text)
    .text                                    0x08000d18   Section        0  stm32f4xx_gpio.o(.text)
    .text                                    0x08000fac   Section        0  stm32f4xx_rcc.o(.text)
    .text                                    0x0800160c   Section        0  stm32f4xx_usart.o(.text)
    .text                                    0x08001a60   Section        0  stm32f4xx_flash.o(.text)
    .text                                    0x080020f8   Section        0  stm32f4xx_dma.o(.text)
    .text                                    0x080024a0   Section        0  stm32f4xx_tim.o(.text)
    TI4_Config                               0x08002c3f   Thumb Code    80  stm32f4xx_tim.o(.text)
    TI3_Config                               0x08002ca1   Thumb Code    72  stm32f4xx_tim.o(.text)
    TI2_Config                               0x08002d03   Thumb Code    90  stm32f4xx_tim.o(.text)
    TI1_Config                               0x08002d6f   Thumb Code    58  stm32f4xx_tim.o(.text)
    .text                                    0x08003144   Section        0  iap.o(.text)
    revbit                                   0x0800334f   Thumb Code    40  iap.o(.text)
    CRC32_ForWords                           0x08003377   Thumb Code    92  iap.o(.text)
    .text                                    0x0800381c   Section        2  use_no_semi_2.o(.text)
    .text                                    0x08003820   Section        0  noretval__2printf.o(.text)
    .text                                    0x08003838   Section        0  __printf.o(.text)
    .text                                    0x080038a0   Section        0  _printf_str.o(.text)
    .text                                    0x080038f4   Section        0  _printf_dec.o(.text)
    .text                                    0x0800396c   Section       78  rt_memclr_w.o(.text)
    .text                                    0x080039ba   Section        0  heapauxi.o(.text)
    .text                                    0x080039c0   Section        2  use_no_semi.o(.text)
    .text                                    0x080039c2   Section        0  _printf_intcommon.o(.text)
    .text                                    0x08003a74   Section        0  _printf_char.o(.text)
    .text                                    0x08003aa0   Section        0  _printf_char_file.o(.text)
    .text                                    0x08003ac4   Section        0  _printf_char_common.o(.text)
    _printf_input_char                       0x08003ac5   Thumb Code    10  _printf_char_common.o(.text)
    .text                                    0x08003af4   Section        0  ferror.o(.text)
    .text                                    0x08003afc   Section       74  sys_stackheap_outer.o(.text)
    .text                                    0x08003b46   Section        0  exit.o(.text)
    .text                                    0x08003b58   Section        8  libspace.o(.text)
    x$fpl$fpinit                             0x08003b60   Section       10  fpinit.o(x$fpl$fpinit)
    $v0                                      0x08003b60   Number         0  fpinit.o(x$fpl$fpinit)
    .data                                    0x20000000   Section       20  system_stm32f4xx.o(.data)
    .data                                    0x20000014   Section        2  led.o(.data)
    .data                                    0x20000016   Section        1  key.o(.data)
    key_up                                   0x20000016   Data           1  key.o(.data)
    .data                                    0x20000017   Section        2  timer.o(.data)
    .data                                    0x2000001a   Section        4  delay.o(.data)
    fac_us                                   0x2000001a   Data           1  delay.o(.data)
    fac_ms                                   0x2000001c   Data           2  delay.o(.data)
    .data                                    0x20000020   Section       17  usart.o(.data)
    .data                                    0x20000031   Section       16  stm32f4xx_rcc.o(.data)
    APBAHBPrescTable                         0x20000031   Data          16  stm32f4xx_rcc.o(.data)
    .data                                    0x20000044   Section       12  iap.o(.data)
    .bss                                     0x20000050   Section       96  libspace.o(.bss)
    HEAP                                     0x200000b0   Section     1024  startup_stm32f429_439xx.o(HEAP)
    Heap_Mem                                 0x200000b0   Data        1024  startup_stm32f429_439xx.o(HEAP)
    STACK                                    0x200004b0   Section     2048  startup_stm32f429_439xx.o(STACK)
    Stack_Mem                                0x200004b0   Data        2048  startup_stm32f429_439xx.o(STACK)
    __initial_sp                             0x20000cb0   Data           0  startup_stm32f429_439xx.o(STACK)
    .ARM.__AT_0x20001000                     0x20001000   Section     1200  usart.o(.ARM.__AT_0x20001000)
    .bss                                     0x200014b0   Section     4096  iap.o(.bss)

    Global Symbols

    Symbol Name                              Value     Ov Type        Size  Object(Section)

    BuildAttributes$$THM_ISAv4$E$P$D$K$B$S$7EM$VFPi3$EXTD16$VFPS$VFMA$PE$A:L22UL41UL21$X:L11$S22US41US21$IEEE1$IW$USESV6$~STKCKD$USESV7$~SHL$OSPACE$ROPI$EBA8$UX$STANDARDLIB$REQ8$PRES8$EABIv2 0x00000000   Number         0  anon$$obj.o ABSOLUTE
    __ARM_use_no_argv                        0x00000000   Number         0  main.o ABSOLUTE
    __ARM_exceptions_init                     - Undefined Weak Reference
    __alloca_initialize                       - Undefined Weak Reference
    __arm_preinit_                            - Undefined Weak Reference
    __cpp_initialize__aeabi_                  - Undefined Weak Reference
    __cxa_finalize                            - Undefined Weak Reference
    __rt_locale                               - Undefined Weak Reference
    __sigvec_lookup                           - Undefined Weak Reference
    _atexit_init                              - Undefined Weak Reference
    _call_atexit_fns                          - Undefined Weak Reference
    _clock_init                               - Undefined Weak Reference
    _fp_trap_init                             - Undefined Weak Reference
    _fp_trap_shutdown                         - Undefined Weak Reference
    _get_lc_collate                           - Undefined Weak Reference
    _get_lc_ctype                             - Undefined Weak Reference
    _get_lc_monetary                          - Undefined Weak Reference
    _get_lc_numeric                           - Undefined Weak Reference
    _get_lc_time                              - Undefined Weak Reference
    _getenv_init                              - Undefined Weak Reference
    _handle_redirection                       - Undefined Weak Reference
    _init_alloc                               - Undefined Weak Reference
    _init_user_alloc                          - Undefined Weak Reference
    _initio                                   - Undefined Weak Reference
    _mutex_acquire                            - Undefined Weak Reference
    _mutex_release                            - Undefined Weak Reference
    _printf_mbtowc                            - Undefined Weak Reference
    _printf_post_padding                      - Undefined Weak Reference
    _printf_pre_padding                       - Undefined Weak Reference
    _printf_truncate_signed                   - Undefined Weak Reference
    _printf_truncate_unsigned                 - Undefined Weak Reference
    _rand_init                                - Undefined Weak Reference
    _signal_finish                            - Undefined Weak Reference
    _signal_init                              - Undefined Weak Reference
    _terminate_alloc                          - Undefined Weak Reference
    _terminate_user_alloc                     - Undefined Weak Reference
    _terminateio                              - Undefined Weak Reference
    __Vectors_Size                           0x000001ac   Number         0  startup_stm32f429_439xx.o ABSOLUTE
    __Vectors                                0x08000000   Data           4  startup_stm32f429_439xx.o(RESET)
    __Vectors_End                            0x080001ac   Data           0  startup_stm32f429_439xx.o(RESET)
    __main                                   0x080001ad   Thumb Code     8  __main.o(!!!main)
    __scatterload                            0x080001b5   Thumb Code     0  __scatter.o(!!!scatter)
    __scatterload_rt2                        0x080001b5   Thumb Code    44  __scatter.o(!!!scatter)
    __scatterload_rt2_thumb_only             0x080001b5   Thumb Code     0  __scatter.o(!!!scatter)
    __scatterload_null                       0x080001c3   Thumb Code     0  __scatter.o(!!!scatter)
    __scatterload_copy                       0x080001e9   Thumb Code    26  __scatter_copy.o(!!handler_copy)
    __scatterload_zeroinit                   0x08000205   Thumb Code    28  __scatter_zi.o(!!handler_zi)
    _printf_d                                0x08000221   Thumb Code     0  _printf_d.o(.ARM.Collect$$_printf_percent$$00000009)
    _printf_percent                          0x08000221   Thumb Code     0  _printf_percent.o(.ARM.Collect$$_printf_percent$$00000000)
    _printf_s                                0x08000227   Thumb Code     0  _printf_s.o(.ARM.Collect$$_printf_percent$$00000014)
    _printf_percent_end                      0x0800022d   Thumb Code     0  _printf_percent_end.o(.ARM.Collect$$_printf_percent$$00000017)
    __rt_lib_init                            0x08000231   Thumb Code     0  libinit.o(.ARM.Collect$$libinit$$00000000)
    __rt_lib_init_fp_1                       0x08000233   Thumb Code     0  libinit2.o(.ARM.Collect$$libinit$$00000001)
    __rt_lib_init_alloca_1                   0x08000237   Thumb Code     0  libinit2.o(.ARM.Collect$$libinit$$0000002E)
    __rt_lib_init_argv_1                     0x08000237   Thumb Code     0  libinit2.o(.ARM.Collect$$libinit$$0000002C)
    __rt_lib_init_atexit_1                   0x08000237   Thumb Code     0  libinit2.o(.ARM.Collect$$libinit$$0000001B)
    __rt_lib_init_clock_1                    0x08000237   Thumb Code     0  libinit2.o(.ARM.Collect$$libinit$$00000021)
    __rt_lib_init_cpp_1                      0x08000237   Thumb Code     0  libinit2.o(.ARM.Collect$$libinit$$00000032)
    __rt_lib_init_exceptions_1               0x08000237   Thumb Code     0  libinit2.o(.ARM.Collect$$libinit$$00000030)
    __rt_lib_init_fp_trap_1                  0x08000237   Thumb Code     0  libinit2.o(.ARM.Collect$$libinit$$0000001F)
    __rt_lib_init_getenv_1                   0x08000237   Thumb Code     0  libinit2.o(.ARM.Collect$$libinit$$00000023)
    __rt_lib_init_heap_1                     0x08000237   Thumb Code     0  libinit2.o(.ARM.Collect$$libinit$$0000000A)
    __rt_lib_init_lc_collate_1               0x08000237   Thumb Code     0  libinit2.o(.ARM.Collect$$libinit$$00000011)
    __rt_lib_init_lc_ctype_1                 0x08000237   Thumb Code     0  libinit2.o(.ARM.Collect$$libinit$$00000013)
    __rt_lib_init_lc_monetary_1              0x08000237   Thumb Code     0  libinit2.o(.ARM.Collect$$libinit$$00000015)
    __rt_lib_init_lc_numeric_1               0x08000237   Thumb Code     0  libinit2.o(.ARM.Collect$$libinit$$00000017)
    __rt_lib_init_lc_time_1                  0x08000237   Thumb Code     0  libinit2.o(.ARM.Collect$$libinit$$00000019)
    __rt_lib_init_preinit_1                  0x08000237   Thumb Code     0  libinit2.o(.ARM.Collect$$libinit$$00000004)
    __rt_lib_init_rand_1                     0x08000237   Thumb Code     0  libinit2.o(.ARM.Collect$$libinit$$0000000E)
    __rt_lib_init_return                     0x08000237   Thumb Code     0  libinit2.o(.ARM.Collect$$libinit$$00000033)
    __rt_lib_init_signal_1                   0x08000237   Thumb Code     0  libinit2.o(.ARM.Collect$$libinit$$0000001D)
    __rt_lib_init_stdio_1                    0x08000237   Thumb Code     0  libinit2.o(.ARM.Collect$$libinit$$00000025)
    __rt_lib_init_user_alloc_1               0x08000237   Thumb Code     0  libinit2.o(.ARM.Collect$$libinit$$0000000C)
    __rt_lib_shutdown                        0x08000239   Thumb Code     0  libshutdown.o(.ARM.Collect$$libshutdown$$00000000)
    __rt_lib_shutdown_cpp_1                  0x0800023b   Thumb Code     0  libshutdown2.o(.ARM.Collect$$libshutdown$$00000002)
    __rt_lib_shutdown_fp_trap_1              0x0800023b   Thumb Code     0  libshutdown2.o(.ARM.Collect$$libshutdown$$00000007)
    __rt_lib_shutdown_heap_1                 0x0800023b   Thumb Code     0  libshutdown2.o(.ARM.Collect$$libshutdown$$0000000F)
    __rt_lib_shutdown_return                 0x0800023b   Thumb Code     0  libshutdown2.o(.ARM.Collect$$libshutdown$$00000010)
    __rt_lib_shutdown_signal_1               0x0800023b   Thumb Code     0  libshutdown2.o(.ARM.Collect$$libshutdown$$0000000A)
    __rt_lib_shutdown_stdio_1                0x0800023b   Thumb Code     0  libshutdown2.o(.ARM.Collect$$libshutdown$$00000004)
    __rt_lib_shutdown_user_alloc_1           0x0800023b   Thumb Code     0  libshutdown2.o(.ARM.Collect$$libshutdown$$0000000C)
    __rt_entry                               0x0800023d   Thumb Code     0  __rtentry.o(.ARM.Collect$$rtentry$$00000000)
    __rt_entry_presh_1                       0x0800023d   Thumb Code     0  __rtentry2.o(.ARM.Collect$$rtentry$$00000002)
    __rt_entry_sh                            0x0800023d   Thumb Code     0  __rtentry4.o(.ARM.Collect$$rtentry$$00000004)
    __rt_entry_li                            0x08000243   Thumb Code     0  __rtentry2.o(.ARM.Collect$$rtentry$$0000000A)
    __rt_entry_postsh_1                      0x08000243   Thumb Code     0  __rtentry2.o(.ARM.Collect$$rtentry$$00000009)
    __rt_entry_main                          0x08000247   Thumb Code     0  __rtentry2.o(.ARM.Collect$$rtentry$$0000000D)
    __rt_entry_postli_1                      0x08000247   Thumb Code     0  __rtentry2.o(.ARM.Collect$$rtentry$$0000000C)
    __rt_exit                                0x0800024f   Thumb Code     0  rtexit.o(.ARM.Collect$$rtexit$$00000000)
    __rt_exit_ls                             0x08000251   Thumb Code     0  rtexit2.o(.ARM.Collect$$rtexit$$00000003)
    __rt_exit_prels_1                        0x08000251   Thumb Code     0  rtexit2.o(.ARM.Collect$$rtexit$$00000002)
    __rt_exit_exit                           0x08000255   Thumb Code     0  rtexit2.o(.ARM.Collect$$rtexit$$00000004)
    WFI_SET                                  0x0800025d   Thumb Code     2  sys.o(.emb_text)
    INTX_DISABLE                             0x0800025f   Thumb Code     4  sys.o(.emb_text)
    INTX_ENABLE                              0x08000263   Thumb Code     4  sys.o(.emb_text)
    MSR_MSP                                  0x08000267   Thumb Code     6  sys.o(.emb_text)
    main                                     0x0800026d   Thumb Code    54  main.o(.text)
    NMI_Handler                              0x080002a3   Thumb Code     2  stm32f4xx_it.o(.text)
    HardFault_Handler                        0x080002a5   Thumb Code     4  stm32f4xx_it.o(.text)
    MemManage_Handler                        0x080002a9   Thumb Code     4  stm32f4xx_it.o(.text)
    BusFault_Handler                         0x080002ad   Thumb Code     4  stm32f4xx_it.o(.text)
    UsageFault_Handler                       0x080002b1   Thumb Code     4  stm32f4xx_it.o(.text)
    SVC_Handler                              0x080002b5   Thumb Code     2  stm32f4xx_it.o(.text)
    DebugMon_Handler                         0x080002b7   Thumb Code     2  stm32f4xx_it.o(.text)
    PendSV_Handler                           0x080002b9   Thumb Code     2  stm32f4xx_it.o(.text)
    SysTick_Handler                          0x080002bb   Thumb Code     2  stm32f4xx_it.o(.text)
    SystemInit                               0x080003cd   Thumb Code    88  system_stm32f4xx.o(.text)
    SystemCoreClockUpdate                    0x08000425   Thumb Code   174  system_stm32f4xx.o(.text)
    LED_Init                                 0x08000501   Thumb Code    70  led.o(.text)
    LedRun                                   0x08000547   Thumb Code    30  led.o(.text)
    KEY_Init                                 0x08000571   Thumb Code    72  key.o(.text)
    KEY_Scan                                 0x080005b9   Thumb Code   156  key.o(.text)
    KeyService                               0x08000655   Thumb Code    54  key.o(.text)
    STMFLASH_ReadWord                        0x080006b5   Thumb Code     6  stmflash.o(.text)
    STMFLASH_GetFlashSector                  0x080006bb   Thumb Code   116  stmflash.o(.text)
    STMFLASH_Write                           0x0800072f   Thumb Code   146  stmflash.o(.text)
    STMFLASH_Read                            0x080007c1   Thumb Code    32  stmflash.o(.text)
    TIM3_Init                                0x08000811   Thumb Code   102  timer.o(.text)
    TIM3_IRQHandler                          0x08000877   Thumb Code    38  timer.o(.text)
    IsConnect                                0x0800089d   Thumb Code    34  timer.o(.text)
    delay_init                               0x080008d1   Thumb Code    52  delay.o(.text)
    delay_us                                 0x08000905   Thumb Code    72  delay.o(.text)
    delay_xms                                0x0800094d   Thumb Code    72  delay.o(.text)
    delay_ms                                 0x08000995   Thumb Code    56  delay.o(.text)
    _sys_exit                                0x080009d5   Thumb Code     4  usart.o(.text)
    fputc                                    0x080009d9   Thumb Code    22  usart.o(.text)
    uart_init                                0x080009ef   Thumb Code   190  usart.o(.text)
    MyDMA_Config                             0x08000aad   Thumb Code    82  usart.o(.text)
    USART1_IRQHandler                        0x08000aff   Thumb Code   134  usart.o(.text)
    UsartService                             0x08000b85   Thumb Code    38  usart.o(.text)
    Usart_SendData                           0x08000bab   Thumb Code    42  usart.o(.text)
    Reset_Handler                            0x08000bf9   Thumb Code     8  startup_stm32f429_439xx.o(.text)
    ADC_IRQHandler                           0x08000c13   Thumb Code     0  startup_stm32f429_439xx.o(.text)
    CAN1_RX0_IRQHandler                      0x08000c13   Thumb Code     0  startup_stm32f429_439xx.o(.text)
    CAN1_RX1_IRQHandler                      0x08000c13   Thumb Code     0  startup_stm32f429_439xx.o(.text)
    CAN1_SCE_IRQHandler                      0x08000c13   Thumb Code     0  startup_stm32f429_439xx.o(.text)
    CAN1_TX_IRQHandler                       0x08000c13   Thumb Code     0  startup_stm32f429_439xx.o(.text)
    CAN2_RX0_IRQHandler                      0x08000c13   Thumb Code     0  startup_stm32f429_439xx.o(.text)
    CAN2_RX1_IRQHandler                      0x08000c13   Thumb Code     0  startup_stm32f429_439xx.o(.text)
    CAN2_SCE_IRQHandler                      0x08000c13   Thumb Code     0  startup_stm32f429_439xx.o(.text)
    CAN2_TX_IRQHandler                       0x08000c13   Thumb Code     0  startup_stm32f429_439xx.o(.text)
    CRYP_IRQHandler                          0x08000c13   Thumb Code     0  startup_stm32f429_439xx.o(.text)
    DCMI_IRQHandler                          0x08000c13   Thumb Code     0  startup_stm32f429_439xx.o(.text)
    DMA1_Stream0_IRQHandler                  0x08000c13   Thumb Code     0  startup_stm32f429_439xx.o(.text)
    DMA1_Stream1_IRQHandler                  0x08000c13   Thumb Code     0  startup_stm32f429_439xx.o(.text)
    DMA1_Stream2_IRQHandler                  0x08000c13   Thumb Code     0  startup_stm32f429_439xx.o(.text)
    DMA1_Stream3_IRQHandler                  0x08000c13   Thumb Code     0  startup_stm32f429_439xx.o(.text)
    DMA1_Stream4_IRQHandler                  0x08000c13   Thumb Code     0  startup_stm32f429_439xx.o(.text)
    DMA1_Stream5_IRQHandler                  0x08000c13   Thumb Code     0  startup_stm32f429_439xx.o(.text)
    DMA1_Stream6_IRQHandler                  0x08000c13   Thumb Code     0  startup_stm32f429_439xx.o(.text)
    DMA1_Stream7_IRQHandler                  0x08000c13   Thumb Code     0  startup_stm32f429_439xx.o(.text)
    DMA2D_IRQHandler                         0x08000c13   Thumb Code     0  startup_stm32f429_439xx.o(.text)
    DMA2_Stream0_IRQHandler                  0x08000c13   Thumb Code     0  startup_stm32f429_439xx.o(.text)
    DMA2_Stream1_IRQHandler                  0x08000c13   Thumb Code     0  startup_stm32f429_439xx.o(.text)
    DMA2_Stream2_IRQHandler                  0x08000c13   Thumb Code     0  startup_stm32f429_439xx.o(.text)
    DMA2_Stream3_IRQHandler                  0x08000c13   Thumb Code     0  startup_stm32f429_439xx.o(.text)
    DMA2_Stream4_IRQHandler                  0x08000c13   Thumb Code     0  startup_stm32f429_439xx.o(.text)
    DMA2_Stream5_IRQHandler                  0x08000c13   Thumb Code     0  startup_stm32f429_439xx.o(.text)
    DMA2_Stream6_IRQHandler                  0x08000c13   Thumb Code     0  startup_stm32f429_439xx.o(.text)
    DMA2_Stream7_IRQHandler                  0x08000c13   Thumb Code     0  startup_stm32f429_439xx.o(.text)
    ETH_IRQHandler                           0x08000c13   Thumb Code     0  startup_stm32f429_439xx.o(.text)
    ETH_WKUP_IRQHandler                      0x08000c13   Thumb Code     0  startup_stm32f429_439xx.o(.text)
    EXTI0_IRQHandler                         0x08000c13   Thumb Code     0  startup_stm32f429_439xx.o(.text)
    EXTI15_10_IRQHandler                     0x08000c13   Thumb Code     0  startup_stm32f429_439xx.o(.text)
    EXTI1_IRQHandler                         0x08000c13   Thumb Code     0  startup_stm32f429_439xx.o(.text)
    EXTI2_IRQHandler                         0x08000c13   Thumb Code     0  startup_stm32f429_439xx.o(.text)
    EXTI3_IRQHandler                         0x08000c13   Thumb Code     0  startup_stm32f429_439xx.o(.text)
    EXTI4_IRQHandler                         0x08000c13   Thumb Code     0  startup_stm32f429_439xx.o(.text)
    EXTI9_5_IRQHandler                       0x08000c13   Thumb Code     0  startup_stm32f429_439xx.o(.text)
    FLASH_IRQHandler                         0x08000c13   Thumb Code     0  startup_stm32f429_439xx.o(.text)
    FMC_IRQHandler                           0x08000c13   Thumb Code     0  startup_stm32f429_439xx.o(.text)
    FPU_IRQHandler                           0x08000c13   Thumb Code     0  startup_stm32f429_439xx.o(.text)
    HASH_RNG_IRQHandler                      0x08000c13   Thumb Code     0  startup_stm32f429_439xx.o(.text)
    I2C1_ER_IRQHandler                       0x08000c13   Thumb Code     0  startup_stm32f429_439xx.o(.text)
    I2C1_EV_IRQHandler                       0x08000c13   Thumb Code     0  startup_stm32f429_439xx.o(.text)
    I2C2_ER_IRQHandler                       0x08000c13   Thumb Code     0  startup_stm32f429_439xx.o(.text)
    I2C2_EV_IRQHandler                       0x08000c13   Thumb Code     0  startup_stm32f429_439xx.o(.text)
    I2C3_ER_IRQHandler                       0x08000c13   Thumb Code     0  startup_stm32f429_439xx.o(.text)
    I2C3_EV_IRQHandler                       0x08000c13   Thumb Code     0  startup_stm32f429_439xx.o(.text)
    LTDC_ER_IRQHandler                       0x08000c13   Thumb Code     0  startup_stm32f429_439xx.o(.text)
    LTDC_IRQHandler                          0x08000c13   Thumb Code     0  startup_stm32f429_439xx.o(.text)
    OTG_FS_IRQHandler                        0x08000c13   Thumb Code     0  startup_stm32f429_439xx.o(.text)
    OTG_FS_WKUP_IRQHandler                   0x08000c13   Thumb Code     0  startup_stm32f429_439xx.o(.text)
    OTG_HS_EP1_IN_IRQHandler                 0x08000c13   Thumb Code     0  startup_stm32f429_439xx.o(.text)
    OTG_HS_EP1_OUT_IRQHandler                0x08000c13   Thumb Code     0  startup_stm32f429_439xx.o(.text)
    OTG_HS_IRQHandler                        0x08000c13   Thumb Code     0  startup_stm32f429_439xx.o(.text)
    OTG_HS_WKUP_IRQHandler                   0x08000c13   Thumb Code     0  startup_stm32f429_439xx.o(.text)
    PVD_IRQHandler                           0x08000c13   Thumb Code     0  startup_stm32f429_439xx.o(.text)
    RCC_IRQHandler                           0x08000c13   Thumb Code     0  startup_stm32f429_439xx.o(.text)
    RTC_Alarm_IRQHandler                     0x08000c13   Thumb Code     0  startup_stm32f429_439xx.o(.text)
    RTC_WKUP_IRQHandler                      0x08000c13   Thumb Code     0  startup_stm32f429_439xx.o(.text)
    SAI1_IRQHandler                          0x08000c13   Thumb Code     0  startup_stm32f429_439xx.o(.text)
    SDIO_IRQHandler                          0x08000c13   Thumb Code     0  startup_stm32f429_439xx.o(.text)
    SPI1_IRQHandler                          0x08000c13   Thumb Code     0  startup_stm32f429_439xx.o(.text)
    SPI2_IRQHandler                          0x08000c13   Thumb Code     0  startup_stm32f429_439xx.o(.text)
    SPI3_IRQHandler                          0x08000c13   Thumb Code     0  startup_stm32f429_439xx.o(.text)
    SPI4_IRQHandler                          0x08000c13   Thumb Code     0  startup_stm32f429_439xx.o(.text)
    SPI5_IRQHandler                          0x08000c13   Thumb Code     0  startup_stm32f429_439xx.o(.text)
    SPI6_IRQHandler                          0x08000c13   Thumb Code     0  startup_stm32f429_439xx.o(.text)
    TAMP_STAMP_IRQHandler                    0x08000c13   Thumb Code     0  startup_stm32f429_439xx.o(.text)
    TIM1_BRK_TIM9_IRQHandler                 0x08000c13   Thumb Code     0  startup_stm32f429_439xx.o(.text)
    TIM1_CC_IRQHandler                       0x08000c13   Thumb Code     0  startup_stm32f429_439xx.o(.text)
    TIM1_TRG_COM_TIM11_IRQHandler            0x08000c13   Thumb Code     0  startup_stm32f429_439xx.o(.text)
    TIM1_UP_TIM10_IRQHandler                 0x08000c13   Thumb Code     0  startup_stm32f429_439xx.o(.text)
    TIM2_IRQHandler                          0x08000c13   Thumb Code     0  startup_stm32f429_439xx.o(.text)
    TIM4_IRQHandler                          0x08000c13   Thumb Code     0  startup_stm32f429_439xx.o(.text)
    TIM5_IRQHandler                          0x08000c13   Thumb Code     0  startup_stm32f429_439xx.o(.text)
    TIM6_DAC_IRQHandler                      0x08000c13   Thumb Code     0  startup_stm32f429_439xx.o(.text)
    TIM7_IRQHandler                          0x08000c13   Thumb Code     0  startup_stm32f429_439xx.o(.text)
    TIM8_BRK_TIM12_IRQHandler                0x08000c13   Thumb Code     0  startup_stm32f429_439xx.o(.text)
    TIM8_CC_IRQHandler                       0x08000c13   Thumb Code     0  startup_stm32f429_439xx.o(.text)
    TIM8_TRG_COM_TIM14_IRQHandler            0x08000c13   Thumb Code     0  startup_stm32f429_439xx.o(.text)
    TIM8_UP_TIM13_IRQHandler                 0x08000c13   Thumb Code     0  startup_stm32f429_439xx.o(.text)
    UART4_IRQHandler                         0x08000c13   Thumb Code     0  startup_stm32f429_439xx.o(.text)
    UART5_IRQHandler                         0x08000c13   Thumb Code     0  startup_stm32f429_439xx.o(.text)
    UART7_IRQHandler                         0x08000c13   Thumb Code     0  startup_stm32f429_439xx.o(.text)
    UART8_IRQHandler                         0x08000c13   Thumb Code     0  startup_stm32f429_439xx.o(.text)
    USART2_IRQHandler                        0x08000c13   Thumb Code     0  startup_stm32f429_439xx.o(.text)
    USART3_IRQHandler                        0x08000c13   Thumb Code     0  startup_stm32f429_439xx.o(.text)
    USART6_IRQHandler                        0x08000c13   Thumb Code     0  startup_stm32f429_439xx.o(.text)
    WWDG_IRQHandler                          0x08000c13   Thumb Code     0  startup_stm32f429_439xx.o(.text)
    __user_initial_stackheap                 0x08000c15   Thumb Code     0  startup_stm32f429_439xx.o(.text)
    NVIC_PriorityGroupConfig                 0x08000c39   Thumb Code    10  misc.o(.text)
    NVIC_Init                                0x08000c43   Thumb Code   106  misc.o(.text)
    NVIC_SetVectorTable                      0x08000cad   Thumb Code    14  misc.o(.text)
    NVIC_SystemLPConfig                      0x08000cbb   Thumb Code    34  misc.o(.text)
    SysTick_CLKSourceConfig                  0x08000cdd   Thumb Code    40  misc.o(.text)
    GPIO_DeInit                              0x08000d19   Thumb Code   268  stm32f4xx_gpio.o(.text)
    GPIO_Init                                0x08000e25   Thumb Code   144  stm32f4xx_gpio.o(.text)
    GPIO_StructInit                          0x08000eb5   Thumb Code    18  stm32f4xx_gpio.o(.text)
    GPIO_PinLockConfig                       0x08000ec7   Thumb Code    34  stm32f4xx_gpio.o(.text)
    GPIO_ReadInputDataBit                    0x08000ee9   Thumb Code    18  stm32f4xx_gpio.o(.text)
    GPIO_ReadInputData                       0x08000efb   Thumb Code     8  stm32f4xx_gpio.o(.text)
    GPIO_ReadOutputDataBit                   0x08000f03   Thumb Code    18  stm32f4xx_gpio.o(.text)
    GPIO_ReadOutputData                      0x08000f15   Thumb Code     8  stm32f4xx_gpio.o(.text)
    GPIO_SetBits                             0x08000f1d   Thumb Code     4  stm32f4xx_gpio.o(.text)
    GPIO_ResetBits                           0x08000f21   Thumb Code     4  stm32f4xx_gpio.o(.text)
    GPIO_WriteBit                            0x08000f25   Thumb Code    10  stm32f4xx_gpio.o(.text)
    GPIO_Write                               0x08000f2f   Thumb Code     4  stm32f4xx_gpio.o(.text)
    GPIO_ToggleBits                          0x08000f33   Thumb Code     8  stm32f4xx_gpio.o(.text)
    GPIO_PinAFConfig                         0x08000f3b   Thumb Code    70  stm32f4xx_gpio.o(.text)
    RCC_DeInit                               0x08000fad   Thumb Code    82  stm32f4xx_rcc.o(.text)
    RCC_HSEConfig                            0x08000fff   Thumb Code    14  stm32f4xx_rcc.o(.text)
    RCC_GetFlagStatus                        0x0800100d   Thumb Code    60  stm32f4xx_rcc.o(.text)
    RCC_WaitForHSEStartUp                    0x08001049   Thumb Code    56  stm32f4xx_rcc.o(.text)
    RCC_AdjustHSICalibrationValue            0x08001081   Thumb Code    20  stm32f4xx_rcc.o(.text)
    RCC_HSICmd                               0x08001095   Thumb Code     6  stm32f4xx_rcc.o(.text)
    RCC_LSEConfig                            0x0800109b   Thumb Code    46  stm32f4xx_rcc.o(.text)
    RCC_LSICmd                               0x080010c9   Thumb Code     6  stm32f4xx_rcc.o(.text)
    RCC_PLLConfig                            0x080010cf   Thumb Code    32  stm32f4xx_rcc.o(.text)
    RCC_PLLCmd                               0x080010ef   Thumb Code     6  stm32f4xx_rcc.o(.text)
    RCC_PLLI2SConfig                         0x080010f5   Thumb Code    20  stm32f4xx_rcc.o(.text)
    RCC_PLLI2SCmd                            0x08001109   Thumb Code     6  stm32f4xx_rcc.o(.text)
    RCC_PLLSAIConfig                         0x0800110f   Thumb Code    20  stm32f4xx_rcc.o(.text)
    RCC_PLLSAICmd                            0x08001123   Thumb Code     6  stm32f4xx_rcc.o(.text)
    RCC_ClockSecuritySystemCmd               0x08001129   Thumb Code     6  stm32f4xx_rcc.o(.text)
    RCC_MCO1Config                           0x0800112f   Thumb Code    28  stm32f4xx_rcc.o(.text)
    RCC_MCO2Config                           0x0800114b   Thumb Code    28  stm32f4xx_rcc.o(.text)
    RCC_SYSCLKConfig                         0x08001167   Thumb Code    20  stm32f4xx_rcc.o(.text)
    RCC_GetSYSCLKSource                      0x0800117b   Thumb Code    12  stm32f4xx_rcc.o(.text)
    RCC_HCLKConfig                           0x08001187   Thumb Code    20  stm32f4xx_rcc.o(.text)
    RCC_PCLK1Config                          0x0800119b   Thumb Code    20  stm32f4xx_rcc.o(.text)
    RCC_PCLK2Config                          0x080011af   Thumb Code    22  stm32f4xx_rcc.o(.text)
    RCC_GetClocksFreq                        0x080011c5   Thumb Code   222  stm32f4xx_rcc.o(.text)
    RCC_RTCCLKConfig                         0x080012a3   Thumb Code    54  stm32f4xx_rcc.o(.text)
    RCC_RTCCLKCmd                            0x080012d9   Thumb Code     8  stm32f4xx_rcc.o(.text)
    RCC_BackupResetCmd                       0x080012e1   Thumb Code     8  stm32f4xx_rcc.o(.text)
    RCC_I2SCLKConfig                         0x080012e9   Thumb Code     6  stm32f4xx_rcc.o(.text)
    RCC_SAIPLLI2SClkDivConfig                0x080012ef   Thumb Code    26  stm32f4xx_rcc.o(.text)
    RCC_SAIPLLSAIClkDivConfig                0x08001309   Thumb Code    28  stm32f4xx_rcc.o(.text)
    RCC_SAIBlockACLKConfig                   0x08001325   Thumb Code    20  stm32f4xx_rcc.o(.text)
    RCC_SAIBlockBCLKConfig                   0x08001339   Thumb Code    20  stm32f4xx_rcc.o(.text)
    RCC_LTDCCLKDivConfig                     0x0800134d   Thumb Code    20  stm32f4xx_rcc.o(.text)
    RCC_TIMCLKPresConfig                     0x08001361   Thumb Code     6  stm32f4xx_rcc.o(.text)
    RCC_AHB1PeriphClockCmd                   0x08001367   Thumb Code    82  stm32f4xx_rcc.o(.text)
    RCC_AHB2PeriphClockCmd                   0x080013b9   Thumb Code    26  stm32f4xx_rcc.o(.text)
    RCC_AHB3PeriphClockCmd                   0x080013d3   Thumb Code    34  stm32f4xx_rcc.o(.text)
    RCC_APB1PeriphClockCmd                   0x080013f5   Thumb Code    34  stm32f4xx_rcc.o(.text)
    RCC_APB2PeriphClockCmd                   0x08001417   Thumb Code    34  stm32f4xx_rcc.o(.text)
    RCC_AHB1PeriphResetCmd                   0x08001439   Thumb Code    34  stm32f4xx_rcc.o(.text)
    RCC_AHB2PeriphResetCmd                   0x0800145b   Thumb Code    34  stm32f4xx_rcc.o(.text)
    RCC_AHB3PeriphResetCmd                   0x0800147d   Thumb Code    34  stm32f4xx_rcc.o(.text)
    RCC_APB1PeriphResetCmd                   0x0800149f   Thumb Code    34  stm32f4xx_rcc.o(.text)
    RCC_APB2PeriphResetCmd                   0x080014c1   Thumb Code    34  stm32f4xx_rcc.o(.text)
    RCC_AHB1PeriphClockLPModeCmd             0x080014e3   Thumb Code    34  stm32f4xx_rcc.o(.text)
    RCC_AHB2PeriphClockLPModeCmd             0x08001505   Thumb Code    34  stm32f4xx_rcc.o(.text)
    RCC_AHB3PeriphClockLPModeCmd             0x08001527   Thumb Code    34  stm32f4xx_rcc.o(.text)
    RCC_APB1PeriphClockLPModeCmd             0x08001549   Thumb Code    34  stm32f4xx_rcc.o(.text)
    RCC_APB2PeriphClockLPModeCmd             0x0800156b   Thumb Code    34  stm32f4xx_rcc.o(.text)
    RCC_LSEModeConfig                        0x0800158d   Thumb Code    40  stm32f4xx_rcc.o(.text)
    RCC_ITConfig                             0x080015b5   Thumb Code    34  stm32f4xx_rcc.o(.text)
    RCC_ClearFlag                            0x080015d7   Thumb Code    18  stm32f4xx_rcc.o(.text)
    RCC_GetITStatus                          0x080015e9   Thumb Code    22  stm32f4xx_rcc.o(.text)
    RCC_ClearITPendingBit                    0x080015ff   Thumb Code     8  stm32f4xx_rcc.o(.text)
    USART_DeInit                             0x0800160d   Thumb Code   206  stm32f4xx_usart.o(.text)
    USART_Init                               0x080016db   Thumb Code   204  stm32f4xx_usart.o(.text)
    USART_StructInit                         0x080017a7   Thumb Code    24  stm32f4xx_usart.o(.text)
    USART_ClockInit                          0x080017bf   Thumb Code    32  stm32f4xx_usart.o(.text)
    USART_ClockStructInit                    0x080017df   Thumb Code    12  stm32f4xx_usart.o(.text)
    USART_Cmd                                0x080017eb   Thumb Code    24  stm32f4xx_usart.o(.text)
    USART_SetPrescaler                       0x08001803   Thumb Code    16  stm32f4xx_usart.o(.text)
    USART_OverSampling8Cmd                   0x08001813   Thumb Code    22  stm32f4xx_usart.o(.text)
    USART_OneBitMethodCmd                    0x08001829   Thumb Code    24  stm32f4xx_usart.o(.text)
    USART_SendData                           0x08001841   Thumb Code     8  stm32f4xx_usart.o(.text)
    USART_ReceiveData                        0x08001849   Thumb Code    10  stm32f4xx_usart.o(.text)
    USART_SetAddress                         0x08001853   Thumb Code    18  stm32f4xx_usart.o(.text)
    USART_ReceiverWakeUpCmd                  0x08001865   Thumb Code    24  stm32f4xx_usart.o(.text)
    USART_WakeUpConfig                       0x0800187d   Thumb Code    18  stm32f4xx_usart.o(.text)
    USART_LINBreakDetectLengthConfig         0x0800188f   Thumb Code    18  stm32f4xx_usart.o(.text)
    USART_LINCmd                             0x080018a1   Thumb Code    24  stm32f4xx_usart.o(.text)
    USART_SendBreak                          0x080018b9   Thumb Code    10  stm32f4xx_usart.o(.text)
    USART_HalfDuplexCmd                      0x080018c3   Thumb Code    24  stm32f4xx_usart.o(.text)
    USART_SetGuardTime                       0x080018db   Thumb Code    16  stm32f4xx_usart.o(.text)
    USART_SmartCardCmd                       0x080018eb   Thumb Code    24  stm32f4xx_usart.o(.text)
    USART_SmartCardNACKCmd                   0x08001903   Thumb Code    24  stm32f4xx_usart.o(.text)
    USART_IrDAConfig                         0x0800191b   Thumb Code    18  stm32f4xx_usart.o(.text)
    USART_IrDACmd                            0x0800192d   Thumb Code    24  stm32f4xx_usart.o(.text)
    USART_DMACmd                             0x08001945   Thumb Code    18  stm32f4xx_usart.o(.text)
    USART_ITConfig                           0x08001957   Thumb Code    74  stm32f4xx_usart.o(.text)
    USART_GetFlagStatus                      0x080019a1   Thumb Code    26  stm32f4xx_usart.o(.text)
    USART_ClearFlag                          0x080019bb   Thumb Code    18  stm32f4xx_usart.o(.text)
    USART_GetITStatus                        0x080019cd   Thumb Code   118  stm32f4xx_usart.o(.text)
    USART_ClearITPendingBit                  0x08001a43   Thumb Code    30  stm32f4xx_usart.o(.text)
    FLASH_SetLatency                         0x08001a61   Thumb Code     6  stm32f4xx_flash.o(.text)
    FLASH_PrefetchBufferCmd                  0x08001a67   Thumb Code    30  stm32f4xx_flash.o(.text)
    FLASH_InstructionCacheCmd                0x08001a85   Thumb Code    30  stm32f4xx_flash.o(.text)
    FLASH_DataCacheCmd                       0x08001aa3   Thumb Code    30  stm32f4xx_flash.o(.text)
    FLASH_InstructionCacheReset              0x08001ac1   Thumb Code    14  stm32f4xx_flash.o(.text)
    FLASH_DataCacheReset                     0x08001acf   Thumb Code    14  stm32f4xx_flash.o(.text)
    FLASH_Unlock                             0x08001add   Thumb Code    26  stm32f4xx_flash.o(.text)
    FLASH_Lock                               0x08001af7   Thumb Code    18  stm32f4xx_flash.o(.text)
    FLASH_GetStatus                          0x08001b09   Thumb Code    90  stm32f4xx_flash.o(.text)
    FLASH_WaitForLastOperation               0x08001b63   Thumb Code    34  stm32f4xx_flash.o(.text)
    FLASH_EraseSector                        0x08001b85   Thumb Code   140  stm32f4xx_flash.o(.text)
    FLASH_EraseAllSectors                    0x08001c11   Thumb Code   118  stm32f4xx_flash.o(.text)
    FLASH_EraseAllBank1Sectors               0x08001c87   Thumb Code   112  stm32f4xx_flash.o(.text)
    FLASH_EraseAllBank2Sectors               0x08001cf7   Thumb Code   112  stm32f4xx_flash.o(.text)
    FLASH_ProgramDoubleWord                  0x08001d67   Thumb Code    86  stm32f4xx_flash.o(.text)
    FLASH_ProgramWord                        0x08001dbd   Thumb Code    82  stm32f4xx_flash.o(.text)
    FLASH_ProgramHalfWord                    0x08001e0f   Thumb Code    96  stm32f4xx_flash.o(.text)
    FLASH_ProgramByte                        0x08001e6f   Thumb Code    70  stm32f4xx_flash.o(.text)
    FLASH_OB_Unlock                          0x08001eb5   Thumb Code    26  stm32f4xx_flash.o(.text)
    FLASH_OB_Lock                            0x08001ecf   Thumb Code    18  stm32f4xx_flash.o(.text)
    FLASH_OB_WRPConfig                       0x08001ee1   Thumb Code    54  stm32f4xx_flash.o(.text)
    FLASH_OB_WRP1Config                      0x08001f17   Thumb Code    54  stm32f4xx_flash.o(.text)
    FLASH_OB_PCROPSelectionConfig            0x08001f4d   Thumb Code    24  stm32f4xx_flash.o(.text)
    FLASH_OB_PCROPConfig                     0x08001f65   Thumb Code    54  stm32f4xx_flash.o(.text)
    FLASH_OB_PCROP1Config                    0x08001f9b   Thumb Code    54  stm32f4xx_flash.o(.text)
    FLASH_OB_RDPConfig                       0x08001fd1   Thumb Code    24  stm32f4xx_flash.o(.text)
    FLASH_OB_UserConfig                      0x08001fe9   Thumb Code    46  stm32f4xx_flash.o(.text)
    FLASH_OB_BootConfig                      0x08002017   Thumb Code    26  stm32f4xx_flash.o(.text)
    FLASH_OB_BORConfig                       0x08002031   Thumb Code    26  stm32f4xx_flash.o(.text)
    FLASH_OB_Launch                          0x0800204b   Thumb Code    30  stm32f4xx_flash.o(.text)
    FLASH_OB_GetUser                         0x08002069   Thumb Code    12  stm32f4xx_flash.o(.text)
    FLASH_OB_GetWRP                          0x08002075   Thumb Code     8  stm32f4xx_flash.o(.text)
    FLASH_OB_GetWRP1                         0x0800207d   Thumb Code     8  stm32f4xx_flash.o(.text)
    FLASH_OB_GetPCROP                        0x08002085   Thumb Code     8  stm32f4xx_flash.o(.text)
    FLASH_OB_GetPCROP1                       0x0800208d   Thumb Code     8  stm32f4xx_flash.o(.text)
    FLASH_OB_GetRDP                          0x08002095   Thumb Code    20  stm32f4xx_flash.o(.text)
    FLASH_OB_GetBOR                          0x080020a9   Thumb Code    12  stm32f4xx_flash.o(.text)
    FLASH_ITConfig                           0x080020b5   Thumb Code    26  stm32f4xx_flash.o(.text)
    FLASH_GetFlagStatus                      0x080020cf   Thumb Code    22  stm32f4xx_flash.o(.text)
    FLASH_ClearFlag                          0x080020e5   Thumb Code     8  stm32f4xx_flash.o(.text)
    DMA_DeInit                               0x080020f9   Thumb Code   324  stm32f4xx_dma.o(.text)
    DMA_Init                                 0x0800223d   Thumb Code    82  stm32f4xx_dma.o(.text)
    DMA_StructInit                           0x0800228f   Thumb Code    34  stm32f4xx_dma.o(.text)
    DMA_Cmd                                  0x080022b1   Thumb Code    22  stm32f4xx_dma.o(.text)
    DMA_PeriphIncOffsetSizeConfig            0x080022c7   Thumb Code    22  stm32f4xx_dma.o(.text)
    DMA_FlowControllerConfig                 0x080022dd   Thumb Code    22  stm32f4xx_dma.o(.text)
    DMA_SetCurrDataCounter                   0x080022f3   Thumb Code     4  stm32f4xx_dma.o(.text)
    DMA_GetCurrDataCounter                   0x080022f7   Thumb Code     8  stm32f4xx_dma.o(.text)
    DMA_DoubleBufferModeConfig               0x080022ff   Thumb Code    24  stm32f4xx_dma.o(.text)
    DMA_DoubleBufferModeCmd                  0x08002317   Thumb Code    22  stm32f4xx_dma.o(.text)
    DMA_MemoryTargetConfig                   0x0800232d   Thumb Code    10  stm32f4xx_dma.o(.text)
    DMA_GetCurrentMemoryTarget               0x08002337   Thumb Code    20  stm32f4xx_dma.o(.text)
    DMA_GetCmdStatus                         0x0800234b   Thumb Code    20  stm32f4xx_dma.o(.text)
    DMA_GetFIFOStatus                        0x0800235f   Thumb Code    12  stm32f4xx_dma.o(.text)
    DMA_GetFlagStatus                        0x0800236b   Thumb Code    56  stm32f4xx_dma.o(.text)
    DMA_ClearFlag                            0x080023a3   Thumb Code    40  stm32f4xx_dma.o(.text)
    DMA_ITConfig                             0x080023cb   Thumb Code    58  stm32f4xx_dma.o(.text)
    DMA_GetITStatus                          0x08002405   Thumb Code    84  stm32f4xx_dma.o(.text)
    DMA_ClearITPendingBit                    0x08002459   Thumb Code    40  stm32f4xx_dma.o(.text)
    TIM_DeInit                               0x080024a1   Thumb Code   346  stm32f4xx_tim.o(.text)
    TIM_TimeBaseInit                         0x080025fb   Thumb Code   104  stm32f4xx_tim.o(.text)
    TIM_TimeBaseStructInit                   0x08002663   Thumb Code    18  stm32f4xx_tim.o(.text)
    TIM_PrescalerConfig                      0x08002675   Thumb Code     6  stm32f4xx_tim.o(.text)
    TIM_CounterModeConfig                    0x0800267b   Thumb Code    18  stm32f4xx_tim.o(.text)
    TIM_SetCounter                           0x0800268d   Thumb Code     4  stm32f4xx_tim.o(.text)
    TIM_SetAutoreload                        0x08002691   Thumb Code     4  stm32f4xx_tim.o(.text)
    TIM_GetCounter                           0x08002695   Thumb Code     6  stm32f4xx_tim.o(.text)
    TIM_GetPrescaler                         0x0800269b   Thumb Code     6  stm32f4xx_tim.o(.text)
    TIM_UpdateDisableConfig                  0x080026a1   Thumb Code    24  stm32f4xx_tim.o(.text)
    TIM_UpdateRequestConfig                  0x080026b9   Thumb Code    24  stm32f4xx_tim.o(.text)
    TIM_ARRPreloadConfig                     0x080026d1   Thumb Code    24  stm32f4xx_tim.o(.text)
    TIM_SelectOnePulseMode                   0x080026e9   Thumb Code    18  stm32f4xx_tim.o(.text)
    TIM_SetClockDivision                     0x080026fb   Thumb Code    18  stm32f4xx_tim.o(.text)
    TIM_Cmd                                  0x0800270d   Thumb Code    24  stm32f4xx_tim.o(.text)
    TIM_OC1Init                              0x08002725   Thumb Code   114  stm32f4xx_tim.o(.text)
    TIM_OC2Init                              0x08002797   Thumb Code   154  stm32f4xx_tim.o(.text)
    TIM_OC3Init                              0x08002831   Thumb Code   204  stm32f4xx_tim.o(.text)
    TIM_OC4Init                              0x080028fd   Thumb Code   112  stm32f4xx_tim.o(.text)
    TIM_OCStructInit                         0x0800296d   Thumb Code    20  stm32f4xx_tim.o(.text)
    TIM_SelectOCxM                           0x08002981   Thumb Code    86  stm32f4xx_tim.o(.text)
    TIM_SetCompare1                          0x080029d7   Thumb Code     4  stm32f4xx_tim.o(.text)
    TIM_SetCompare2                          0x080029db   Thumb Code     4  stm32f4xx_tim.o(.text)
    TIM_SetCompare3                          0x080029df   Thumb Code     4  stm32f4xx_tim.o(.text)
    TIM_SetCompare4                          0x080029e3   Thumb Code     4  stm32f4xx_tim.o(.text)
    TIM_ForcedOC1Config                      0x080029e7   Thumb Code    18  stm32f4xx_tim.o(.text)
    TIM_ForcedOC2Config                      0x080029f9   Thumb Code    26  stm32f4xx_tim.o(.text)
    TIM_ForcedOC3Config                      0x08002a13   Thumb Code    18  stm32f4xx_tim.o(.text)
    TIM_ForcedOC4Config                      0x08002a25   Thumb Code    26  stm32f4xx_tim.o(.text)
    TIM_OC1PreloadConfig                     0x08002a3f   Thumb Code    18  stm32f4xx_tim.o(.text)
    TIM_OC2PreloadConfig                     0x08002a51   Thumb Code    26  stm32f4xx_tim.o(.text)
    TIM_OC3PreloadConfig                     0x08002a6b   Thumb Code    18  stm32f4xx_tim.o(.text)
    TIM_OC4PreloadConfig                     0x08002a7d   Thumb Code    26  stm32f4xx_tim.o(.text)
    TIM_OC1FastConfig                        0x08002a97   Thumb Code    18  stm32f4xx_tim.o(.text)
    TIM_OC2FastConfig                        0x08002aa9   Thumb Code    26  stm32f4xx_tim.o(.text)
    TIM_OC3FastConfig                        0x08002ac3   Thumb Code    18  stm32f4xx_tim.o(.text)
    TIM_OC4FastConfig                        0x08002ad5   Thumb Code    26  stm32f4xx_tim.o(.text)
    TIM_ClearOC1Ref                          0x08002aef   Thumb Code    18  stm32f4xx_tim.o(.text)
    TIM_ClearOC2Ref                          0x08002b01   Thumb Code    24  stm32f4xx_tim.o(.text)
    TIM_ClearOC3Ref                          0x08002b19   Thumb Code    18  stm32f4xx_tim.o(.text)
    TIM_ClearOC4Ref                          0x08002b2b   Thumb Code    24  stm32f4xx_tim.o(.text)
    TIM_OC1PolarityConfig                    0x08002b43   Thumb Code    18  stm32f4xx_tim.o(.text)
    TIM_OC1NPolarityConfig                   0x08002b55   Thumb Code    18  stm32f4xx_tim.o(.text)
    TIM_OC2PolarityConfig                    0x08002b67   Thumb Code    26  stm32f4xx_tim.o(.text)
    TIM_OC2NPolarityConfig                   0x08002b81   Thumb Code    26  stm32f4xx_tim.o(.text)
    TIM_OC3PolarityConfig                    0x08002b9b   Thumb Code    26  stm32f4xx_tim.o(.text)
    TIM_OC3NPolarityConfig                   0x08002bb5   Thumb Code    26  stm32f4xx_tim.o(.text)
    TIM_OC4PolarityConfig                    0x08002bcf   Thumb Code    26  stm32f4xx_tim.o(.text)
    TIM_CCxCmd                               0x08002be9   Thumb Code    30  stm32f4xx_tim.o(.text)
    TIM_CCxNCmd                              0x08002c07   Thumb Code    30  stm32f4xx_tim.o(.text)
    TIM_SetIC4Prescaler                      0x08002c25   Thumb Code    26  stm32f4xx_tim.o(.text)
    TIM_SetIC3Prescaler                      0x08002c8f   Thumb Code    18  stm32f4xx_tim.o(.text)
    TIM_SetIC2Prescaler                      0x08002ce9   Thumb Code    26  stm32f4xx_tim.o(.text)
    TIM_SetIC1Prescaler                      0x08002d5d   Thumb Code    18  stm32f4xx_tim.o(.text)
    TIM_ICInit                               0x08002da9   Thumb Code   110  stm32f4xx_tim.o(.text)
    TIM_ICStructInit                         0x08002e17   Thumb Code    18  stm32f4xx_tim.o(.text)
    TIM_PWMIConfig                           0x08002e29   Thumb Code   124  stm32f4xx_tim.o(.text)
    TIM_GetCapture1                          0x08002ea5   Thumb Code     6  stm32f4xx_tim.o(.text)
    TIM_GetCapture2                          0x08002eab   Thumb Code     6  stm32f4xx_tim.o(.text)
    TIM_GetCapture3                          0x08002eb1   Thumb Code     6  stm32f4xx_tim.o(.text)
    TIM_GetCapture4                          0x08002eb7   Thumb Code     6  stm32f4xx_tim.o(.text)
    TIM_BDTRConfig                           0x08002ebd   Thumb Code    32  stm32f4xx_tim.o(.text)
    TIM_BDTRStructInit                       0x08002edd   Thumb Code    18  stm32f4xx_tim.o(.text)
    TIM_CtrlPWMOutputs                       0x08002eef   Thumb Code    30  stm32f4xx_tim.o(.text)
    TIM_SelectCOM                            0x08002f0d   Thumb Code    24  stm32f4xx_tim.o(.text)
    TIM_CCPreloadControl                     0x08002f25   Thumb Code    24  stm32f4xx_tim.o(.text)
    TIM_ITConfig                             0x08002f3d   Thumb Code    18  stm32f4xx_tim.o(.text)
    TIM_GenerateEvent                        0x08002f4f   Thumb Code     4  stm32f4xx_tim.o(.text)
    TIM_GetFlagStatus                        0x08002f53   Thumb Code    18  stm32f4xx_tim.o(.text)
    TIM_ClearFlag                            0x08002f65   Thumb Code     6  stm32f4xx_tim.o(.text)
    TIM_GetITStatus                          0x08002f6b   Thumb Code    34  stm32f4xx_tim.o(.text)
    TIM_ClearITPendingBit                    0x08002f8d   Thumb Code     6  stm32f4xx_tim.o(.text)
    TIM_DMAConfig                            0x08002f93   Thumb Code    10  stm32f4xx_tim.o(.text)
    TIM_DMACmd                               0x08002f9d   Thumb Code    18  stm32f4xx_tim.o(.text)
    TIM_SelectCCDMA                          0x08002faf   Thumb Code    24  stm32f4xx_tim.o(.text)
    TIM_InternalClockConfig                  0x08002fc7   Thumb Code    12  stm32f4xx_tim.o(.text)
    TIM_SelectInputTrigger                   0x08002fd3   Thumb Code    18  stm32f4xx_tim.o(.text)
    TIM_ITRxExternalClockConfig              0x08002fe5   Thumb Code    24  stm32f4xx_tim.o(.text)
    TIM_TIxExternalClockConfig               0x08002ffd   Thumb Code    62  stm32f4xx_tim.o(.text)
    TIM_ETRConfig                            0x0800303b   Thumb Code    28  stm32f4xx_tim.o(.text)
    TIM_ETRClockMode1Config                  0x08003057   Thumb Code    54  stm32f4xx_tim.o(.text)
    TIM_ETRClockMode2Config                  0x0800308d   Thumb Code    32  stm32f4xx_tim.o(.text)
    TIM_SelectOutputTrigger                  0x080030ad   Thumb Code    18  stm32f4xx_tim.o(.text)
    TIM_SelectSlaveMode                      0x080030bf   Thumb Code    18  stm32f4xx_tim.o(.text)
    TIM_SelectMasterSlaveMode                0x080030d1   Thumb Code    18  stm32f4xx_tim.o(.text)
    TIM_EncoderInterfaceConfig               0x080030e3   Thumb Code    66  stm32f4xx_tim.o(.text)
    TIM_SelectHallSensor                     0x08003125   Thumb Code    24  stm32f4xx_tim.o(.text)
    TIM_RemapConfig                          0x0800313d   Thumb Code     6  stm32f4xx_tim.o(.text)
    iap_load_app                             0x08003145   Thumb Code    44  iap.o(.text)
    UpdateFun                                0x08003171   Thumb Code    48  iap.o(.text)
    OnceEndFun                               0x080031a1   Thumb Code    48  iap.o(.text)
    FileEndFun                               0x080031d1   Thumb Code    48  iap.o(.text)
    Connect                                  0x08003201   Thumb Code    66  iap.o(.text)
    EnterAPP                                 0x08003243   Thumb Code    56  iap.o(.text)
    ReturnBootloader                         0x0800327b   Thumb Code    76  iap.o(.text)
    ReadVersion                              0x080032c7   Thumb Code    90  iap.o(.text)
    ReadProgramerState                       0x08003321   Thumb Code    46  iap.o(.text)
    TakeValidData_1K                         0x080033d3   Thumb Code   480  iap.o(.text)
    WriteFlash                               0x080035b3   Thumb Code   218  iap.o(.text)
    RunCommand                               0x0800368d   Thumb Code   204  iap.o(.text)
    IsCheckSumRight                          0x08003759   Thumb Code    52  iap.o(.text)
    FindFrameHead                            0x0800378d   Thumb Code    34  iap.o(.text)
    Iap_Write                                0x080037af   Thumb Code    86  iap.o(.text)
    __use_no_semihosting                     0x0800381d   Thumb Code     2  use_no_semi_2.o(.text)
    __2printf                                0x08003821   Thumb Code    20  noretval__2printf.o(.text)
    __printf                                 0x08003839   Thumb Code   104  __printf.o(.text)
    _printf_str                              0x080038a1   Thumb Code    82  _printf_str.o(.text)
    _printf_int_dec                          0x080038f5   Thumb Code   104  _printf_dec.o(.text)
    __aeabi_memclr4                          0x0800396d   Thumb Code     0  rt_memclr_w.o(.text)
    __aeabi_memclr8                          0x0800396d   Thumb Code     0  rt_memclr_w.o(.text)
    __rt_memclr_w                            0x0800396d   Thumb Code    78  rt_memclr_w.o(.text)
    _memset_w                                0x08003971   Thumb Code     0  rt_memclr_w.o(.text)
    __use_two_region_memory                  0x080039bb   Thumb Code     2  heapauxi.o(.text)
    __rt_heap_escrow$2region                 0x080039bd   Thumb Code     2  heapauxi.o(.text)
    __rt_heap_expand$2region                 0x080039bf   Thumb Code     2  heapauxi.o(.text)
    __I$use$semihosting                      0x080039c1   Thumb Code     0  use_no_semi.o(.text)
    __use_no_semihosting_swi                 0x080039c1   Thumb Code     2  use_no_semi.o(.text)
    _printf_int_common                       0x080039c3   Thumb Code   178  _printf_intcommon.o(.text)
    _printf_cs_common                        0x08003a75   Thumb Code    20  _printf_char.o(.text)
    _printf_char                             0x08003a89   Thumb Code    16  _printf_char.o(.text)
    _printf_string                           0x08003a99   Thumb Code     8  _printf_char.o(.text)
    _printf_char_file                        0x08003aa1   Thumb Code    32  _printf_char_file.o(.text)
    _printf_char_common                      0x08003acf   Thumb Code    32  _printf_char_common.o(.text)
    ferror                                   0x08003af5   Thumb Code     8  ferror.o(.text)
    __user_setup_stackheap                   0x08003afd   Thumb Code    74  sys_stackheap_outer.o(.text)
    exit                                     0x08003b47   Thumb Code    18  exit.o(.text)
    __user_libspace                          0x08003b59   Thumb Code     8  libspace.o(.text)
    __user_perproc_libspace                  0x08003b59   Thumb Code     0  libspace.o(.text)
    __user_perthread_libspace                0x08003b59   Thumb Code     0  libspace.o(.text)
    _fp_init                                 0x08003b61   Thumb Code    10  fpinit.o(x$fpl$fpinit)
    __fplib_config_fpu_vfp                   0x08003b69   Thumb Code     0  fpinit.o(x$fpl$fpinit)
    __fplib_config_pureend_doubles           0x08003b69   Thumb Code     0  fpinit.o(x$fpl$fpinit)
    Region$$Table$$Base                      0x08003b6c   Number         0  anon$$obj.o(Region$$Table)
    Region$$Table$$Limit                     0x08003b8c   Number         0  anon$$obj.o(Region$$Table)
    SystemCoreClock                          0x20000000   Data           4  system_stm32f4xx.o(.data)
    AHBPrescTable                            0x20000004   Data          16  system_stm32f4xx.o(.data)
    LEDValue                                 0x20000014   Data           2  led.o(.data)
    ConnectFlag                              0x20000017   Data           1  timer.o(.data)
    TimeCount                                0x20000018   Data           1  timer.o(.data)
    __stdout                                 0x20000020   Data           4  usart.o(.data)
    USART_RX_STA                             0x20000024   Data           2  usart.o(.data)
    USART_RX_CNT                             0x20000028   Data           4  usart.o(.data)
    ValidDataLength                          0x2000002c   Data           4  usart.o(.data)
    RecFlag                                  0x20000030   Data           1  usart.o(.data)
    jump2app                                 0x20000044   Data           4  iap.o(.data)
    Addr_now                                 0x20000048   Data           4  iap.o(.data)
    TakeDataNum                              0x2000004c   Data           4  iap.o(.data)
    __libspace_start                         0x20000050   Data          96  libspace.o(.bss)
    __temporary_stack_top$libspace           0x200000b0   Data           0  libspace.o(.bss)
    USART_RX_BUF                             0x20001000   Data        1200  usart.o(.ARM.__AT_0x20001000)
    Pagedata_write                           0x200014b0   Data        4096  iap.o(.bss)



==============================================================================

Memory Map of the image

  Image Entry point : 0x080001ad

  Load Region LR_IROM1 (Base: 0x08000000, Size: 0x00003bdc, Max: 0x00010000, ABSOLUTE)

    Execution Region ER_IROM1 (Base: 0x08000000, Size: 0x00003b8c, Max: 0x00010000, ABSOLUTE)

    Base Addr    Size         Type   Attr      Idx    E Section Name        Object

    0x08000000   0x000001ac   Data   RO          540    RESET               startup_stm32f429_439xx.o
    0x080001ac   0x00000008   Code   RO          815  * !!!main             c_w.l(__main.o)
    0x080001b4   0x00000034   Code   RO          985    !!!scatter          c_w.l(__scatter.o)
    0x080001e8   0x0000001a   Code   RO          987    !!handler_copy      c_w.l(__scatter_copy.o)
    0x08000202   0x00000002   PAD
    0x08000204   0x0000001c   Code   RO          989    !!handler_zi        c_w.l(__scatter_zi.o)
    0x08000220   0x00000000   Code   RO          810    .ARM.Collect$$_printf_percent$$00000000  c_w.l(_printf_percent.o)
    0x08000220   0x00000006   Code   RO          809    .ARM.Collect$$_printf_percent$$00000009  c_w.l(_printf_d.o)
    0x08000226   0x00000006   Code   RO          808    .ARM.Collect$$_printf_percent$$00000014  c_w.l(_printf_s.o)
    0x0800022c   0x00000004   Code   RO          826    .ARM.Collect$$_printf_percent$$00000017  c_w.l(_printf_percent_end.o)
    0x08000230   0x00000002   Code   RO          859    .ARM.Collect$$libinit$$00000000  c_w.l(libinit.o)
    0x08000232   0x00000004   Code   RO          865    .ARM.Collect$$libinit$$00000001  c_w.l(libinit2.o)
    0x08000236   0x00000000   Code   RO          868    .ARM.Collect$$libinit$$00000004  c_w.l(libinit2.o)
    0x08000236   0x00000000   Code   RO          871    .ARM.Collect$$libinit$$0000000A  c_w.l(libinit2.o)
    0x08000236   0x00000000   Code   RO          873    .ARM.Collect$$libinit$$0000000C  c_w.l(libinit2.o)
    0x08000236   0x00000000   Code   RO          875    .ARM.Collect$$libinit$$0000000E  c_w.l(libinit2.o)
    0x08000236   0x00000000   Code   RO          878    .ARM.Collect$$libinit$$00000011  c_w.l(libinit2.o)
    0x08000236   0x00000000   Code   RO          880    .ARM.Collect$$libinit$$00000013  c_w.l(libinit2.o)
    0x08000236   0x00000000   Code   RO          882    .ARM.Collect$$libinit$$00000015  c_w.l(libinit2.o)
    0x08000236   0x00000000   Code   RO          884    .ARM.Collect$$libinit$$00000017  c_w.l(libinit2.o)
    0x08000236   0x00000000   Code   RO          886    .ARM.Collect$$libinit$$00000019  c_w.l(libinit2.o)
    0x08000236   0x00000000   Code   RO          888    .ARM.Collect$$libinit$$0000001B  c_w.l(libinit2.o)
    0x08000236   0x00000000   Code   RO          890    .ARM.Collect$$libinit$$0000001D  c_w.l(libinit2.o)
    0x08000236   0x00000000   Code   RO          892    .ARM.Collect$$libinit$$0000001F  c_w.l(libinit2.o)
    0x08000236   0x00000000   Code   RO          894    .ARM.Collect$$libinit$$00000021  c_w.l(libinit2.o)
    0x08000236   0x00000000   Code   RO          896    .ARM.Collect$$libinit$$00000023  c_w.l(libinit2.o)
    0x08000236   0x00000000   Code   RO          898    .ARM.Collect$$libinit$$00000025  c_w.l(libinit2.o)
    0x08000236   0x00000000   Code   RO          902    .ARM.Collect$$libinit$$0000002C  c_w.l(libinit2.o)
    0x08000236   0x00000000   Code   RO          904    .ARM.Collect$$libinit$$0000002E  c_w.l(libinit2.o)
    0x08000236   0x00000000   Code   RO          906    .ARM.Collect$$libinit$$00000030  c_w.l(libinit2.o)
    0x08000236   0x00000000   Code   RO          908    .ARM.Collect$$libinit$$00000032  c_w.l(libinit2.o)
    0x08000236   0x00000002   Code   RO          909    .ARM.Collect$$libinit$$00000033  c_w.l(libinit2.o)
    0x08000238   0x00000002   Code   RO          927    .ARM.Collect$$libshutdown$$00000000  c_w.l(libshutdown.o)
    0x0800023a   0x00000000   Code   RO          937    .ARM.Collect$$libshutdown$$00000002  c_w.l(libshutdown2.o)
    0x0800023a   0x00000000   Code   RO          939    .ARM.Collect$$libshutdown$$00000004  c_w.l(libshutdown2.o)
    0x0800023a   0x00000000   Code   RO          942    .ARM.Collect$$libshutdown$$00000007  c_w.l(libshutdown2.o)
    0x0800023a   0x00000000   Code   RO          945    .ARM.Collect$$libshutdown$$0000000A  c_w.l(libshutdown2.o)
    0x0800023a   0x00000000   Code   RO          947    .ARM.Collect$$libshutdown$$0000000C  c_w.l(libshutdown2.o)
    0x0800023a   0x00000000   Code   RO          950    .ARM.Collect$$libshutdown$$0000000F  c_w.l(libshutdown2.o)
    0x0800023a   0x00000002   Code   RO          951    .ARM.Collect$$libshutdown$$00000010  c_w.l(libshutdown2.o)
    0x0800023c   0x00000000   Code   RO          819    .ARM.Collect$$rtentry$$00000000  c_w.l(__rtentry.o)
    0x0800023c   0x00000000   Code   RO          828    .ARM.Collect$$rtentry$$00000002  c_w.l(__rtentry2.o)
    0x0800023c   0x00000006   Code   RO          840    .ARM.Collect$$rtentry$$00000004  c_w.l(__rtentry4.o)
    0x08000242   0x00000000   Code   RO          830    .ARM.Collect$$rtentry$$00000009  c_w.l(__rtentry2.o)
    0x08000242   0x00000004   Code   RO          831    .ARM.Collect$$rtentry$$0000000A  c_w.l(__rtentry2.o)
    0x08000246   0x00000000   Code   RO          833    .ARM.Collect$$rtentry$$0000000C  c_w.l(__rtentry2.o)
    0x08000246   0x00000008   Code   RO          834    .ARM.Collect$$rtentry$$0000000D  c_w.l(__rtentry2.o)
    0x0800024e   0x00000002   Code   RO          863    .ARM.Collect$$rtexit$$00000000  c_w.l(rtexit.o)
    0x08000250   0x00000000   Code   RO          911    .ARM.Collect$$rtexit$$00000002  c_w.l(rtexit2.o)
    0x08000250   0x00000004   Code   RO          912    .ARM.Collect$$rtexit$$00000003  c_w.l(rtexit2.o)
    0x08000254   0x00000006   Code   RO          913    .ARM.Collect$$rtexit$$00000004  c_w.l(rtexit2.o)
    0x0800025a   0x00000002   PAD
    0x0800025c   0x00000010   Code   RO          491    .emb_text           sys.o
    0x0800026c   0x00000036   Code   RO            3    .text               main.o
    0x080002a2   0x0000001a   Code   RO          170    .text               stm32f4xx_it.o
    0x080002bc   0x00000244   Code   RO          303    .text               system_stm32f4xx.o
    0x08000500   0x00000070   Code   RO          329    .text               led.o
    0x08000570   0x00000144   Code   RO          384    .text               key.o
    0x080006b4   0x0000015c   Code   RO          419    .text               stmflash.o
    0x08000810   0x000000c0   Code   RO          446    .text               timer.o
    0x080008d0   0x00000104   Code   RO          469    .text               delay.o
    0x080009d4   0x00000224   Code   RO          509    .text               usart.o
    0x08000bf8   0x00000040   Code   RO          541    .text               startup_stm32f429_439xx.o
    0x08000c38   0x000000e0   Code   RO          547    .text               misc.o
    0x08000d18   0x00000294   Code   RO          567    .text               stm32f4xx_gpio.o
    0x08000fac   0x00000660   Code   RO          587    .text               stm32f4xx_rcc.o
    0x0800160c   0x00000454   Code   RO          629    .text               stm32f4xx_usart.o
    0x08001a60   0x00000698   Code   RO          649    .text               stm32f4xx_flash.o
    0x080020f8   0x000003a8   Code   RO          669    .text               stm32f4xx_dma.o
    0x080024a0   0x00000ca2   Code   RO          729    .text               stm32f4xx_tim.o
    0x08003142   0x00000002   PAD
    0x08003144   0x000006d8   Code   RO          749    .text               iap.o
    0x0800381c   0x00000002   Code   RO          776    .text               c_w.l(use_no_semi_2.o)
    0x0800381e   0x00000002   PAD
    0x08003820   0x00000018   Code   RO          780    .text               c_w.l(noretval__2printf.o)
    0x08003838   0x00000068   Code   RO          782    .text               c_w.l(__printf.o)
    0x080038a0   0x00000052   Code   RO          784    .text               c_w.l(_printf_str.o)
    0x080038f2   0x00000002   PAD
    0x080038f4   0x00000078   Code   RO          786    .text               c_w.l(_printf_dec.o)
    0x0800396c   0x0000004e   Code   RO          811    .text               c_w.l(rt_memclr_w.o)
    0x080039ba   0x00000006   Code   RO          813    .text               c_w.l(heapauxi.o)
    0x080039c0   0x00000002   Code   RO          817    .text               c_w.l(use_no_semi.o)
    0x080039c2   0x000000b2   Code   RO          820    .text               c_w.l(_printf_intcommon.o)
    0x08003a74   0x0000002c   Code   RO          822    .text               c_w.l(_printf_char.o)
    0x08003aa0   0x00000024   Code   RO          824    .text               c_w.l(_printf_char_file.o)
    0x08003ac4   0x00000030   Code   RO          842    .text               c_w.l(_printf_char_common.o)
    0x08003af4   0x00000008   Code   RO          844    .text               c_w.l(ferror.o)
    0x08003afc   0x0000004a   Code   RO          848    .text               c_w.l(sys_stackheap_outer.o)
    0x08003b46   0x00000012   Code   RO          852    .text               c_w.l(exit.o)
    0x08003b58   0x00000008   Code   RO          860    .text               c_w.l(libspace.o)
    0x08003b60   0x0000000a   Code   RO          919    x$fpl$fpinit        fz_wm.l(fpinit.o)
    0x08003b6a   0x00000002   PAD
    0x08003b6c   0x00000020   Data   RO          983    Region$$Table       anon$$obj.o


    Execution Region RW_IRAM1 (Base: 0x20000000, Size: 0x000024b0, Max: 0x00010000, ABSOLUTE)

    Base Addr    Size         Type   Attr      Idx    E Section Name        Object

    0x20000000   0x00000014   Data   RW          304    .data               system_stm32f4xx.o
    0x20000014   0x00000002   Data   RW          330    .data               led.o
    0x20000016   0x00000001   Data   RW          385    .data               key.o
    0x20000017   0x00000002   Data   RW          447    .data               timer.o
    0x20000019   0x00000001   PAD
    0x2000001a   0x00000004   Data   RW          470    .data               delay.o
    0x2000001e   0x00000002   PAD
    0x20000020   0x00000011   Data   RW          511    .data               usart.o
    0x20000031   0x00000010   Data   RW          588    .data               stm32f4xx_rcc.o
    0x20000041   0x00000003   PAD
    0x20000044   0x0000000c   Data   RW          751    .data               iap.o
    0x20000050   0x00000060   Zero   RW          861    .bss                c_w.l(libspace.o)
    0x200000b0   0x00000400   Zero   RW          539    HEAP                startup_stm32f429_439xx.o
    0x200004b0   0x00000800   Zero   RW          538    STACK               startup_stm32f429_439xx.o
    0x20000cb0   0x00000350   PAD
    0x20001000   0x000004b0   Zero   RW          510    .ARM.__AT_0x20001000  usart.o
    0x200014b0   0x00001000   Zero   RW          750    .bss                iap.o


==============================================================================

Image component sizes


      Code (inc. data)   RO Data    RW Data    ZI Data      Debug   Object Name

       260          8          0          4          0       1509   delay.o
      1752         74          0         12       4096       6210   iap.o
       324         42          0          1          0       1035   key.o
       112         12          0          2          0     236505   led.o
        54          0          0          0          0     260872   main.o
       224         20          0          0          0       1845   misc.o
        64         26        428          0       3072        852   startup_stm32f429_439xx.o
       936         32          0          0          0       6421   stm32f4xx_dma.o
      1688         24          0          0          0       9446   stm32f4xx_flash.o
       660         44          0          0          0       4185   stm32f4xx_gpio.o
        26          0          0          0          0      70878   stm32f4xx_it.o
      1632         54          0         16          0      13132   stm32f4xx_rcc.o
      3234         60          0          0          0      23044   stm32f4xx_tim.o
      1108         34          0          0          0       7912   stm32f4xx_usart.o
       348         48          0          0          0       2317   stmflash.o
        16          0          0          0          0        504   sys.o
       580         46          0         20          0       1843   system_stm32f4xx.o
       192         18          0          2          0       1222   timer.o
       548         36          0         17       1200       4064   usart.o

    ----------------------------------------------------------------------
     13760        578        460         80       9216     653796   Object Totals
         0          0         32          0          0          0   (incl. Generated)
         2          0          0          6        848          0   (incl. Padding)

    ----------------------------------------------------------------------

      Code (inc. data)   RO Data    RW Data    ZI Data      Debug   Library Member Name

         8          0          0          0          0         68   __main.o
       104          0          0          0          0         84   __printf.o
         0          0          0          0          0          0   __rtentry.o
        12          0          0          0          0          0   __rtentry2.o
         6          0          0          0          0          0   __rtentry4.o
        52          8          0          0          0          0   __scatter.o
        26          0          0          0          0          0   __scatter_copy.o
        28          0          0          0          0          0   __scatter_zi.o
        44          0          0          0          0        108   _printf_char.o
        48          6          0          0          0         96   _printf_char_common.o
        36          4          0          0          0         80   _printf_char_file.o
         6          0          0          0          0          0   _printf_d.o
       120         16          0          0          0         92   _printf_dec.o
       178          0          0          0          0         88   _printf_intcommon.o
         0          0          0          0          0          0   _printf_percent.o
         4          0          0          0          0          0   _printf_percent_end.o
         6          0          0          0          0          0   _printf_s.o
        82          0          0          0          0         80   _printf_str.o
        18          0          0          0          0         80   exit.o
         8          0          0          0          0         68   ferror.o
         6          0          0          0          0        152   heapauxi.o
         2          0          0          0          0          0   libinit.o
         6          0          0          0          0          0   libinit2.o
         2          0          0          0          0          0   libshutdown.o
         2          0          0          0          0          0   libshutdown2.o
         8          4          0          0         96         68   libspace.o
        24          4          0          0          0         84   noretval__2printf.o
        78          0          0          0          0         80   rt_memclr_w.o
         2          0          0          0          0          0   rtexit.o
        10          0          0          0          0          0   rtexit2.o
        74          0          0          0          0         80   sys_stackheap_outer.o
         2          0          0          0          0         68   use_no_semi.o
         2          0          0          0          0         68   use_no_semi_2.o
        10          0          0          0          0        116   fpinit.o

    ----------------------------------------------------------------------
      1024         42          0          0         96       1560   Library Totals
        10          0          0          0          0          0   (incl. Padding)

    ----------------------------------------------------------------------

      Code (inc. data)   RO Data    RW Data    ZI Data      Debug   Library Name

      1004         42          0          0         96       1444   c_w.l
        10          0          0          0          0        116   fz_wm.l

    ----------------------------------------------------------------------
      1024         42          0          0         96       1560   Library Totals

    ----------------------------------------------------------------------

==============================================================================


      Code (inc. data)   RO Data    RW Data    ZI Data      Debug   

     14784        620        460         80       9312     650880   Grand Totals
     14784        620        460         80       9312     650880   ELF Image Totals
     14784        620        460         80          0          0   ROM Totals

==============================================================================

    Total RO  Size (Code + RO Data)                15244 (  14.89kB)
    Total RW  Size (RW Data + ZI Data)              9392 (   9.17kB)
    Total ROM Size (Code + RO Data + RW Data)      15324 (  14.96kB)

==============================================================================

