Component: ARM Compiler 5.06 update 4 (build 422) Tool: armlink [4d35d2]

==============================================================================

Section Cross References

    startup_stm32f429_439xx.o(RESET) refers to startup_stm32f429_439xx.o(STACK) for __initial_sp
    startup_stm32f429_439xx.o(RESET) refers to startup_stm32f429_439xx.o(.text) for Reset_Handler
    startup_stm32f429_439xx.o(RESET) refers to stm32f4xx_it.o(i.NMI_Handler) for NMI_Handler
    startup_stm32f429_439xx.o(RESET) refers to stm32f4xx_it.o(i.HardFault_Handler) for HardFault_Handler
    startup_stm32f429_439xx.o(RESET) refers to stm32f4xx_it.o(i.MemManage_Handler) for MemManage_Handler
    startup_stm32f429_439xx.o(RESET) refers to stm32f4xx_it.o(i.BusFault_Handler) for BusFault_Handler
    startup_stm32f429_439xx.o(RESET) refers to stm32f4xx_it.o(i.UsageFault_Handler) for UsageFault_Handler
    startup_stm32f429_439xx.o(RESET) refers to hal_cm4.o(.emb_text) for SVC_Handler
    startup_stm32f429_439xx.o(RESET) refers to stm32f4xx_it.o(i.DebugMon_Handler) for DebugMon_Handler
    startup_stm32f429_439xx.o(RESET) refers to bsp_motor.o(i.EXTI9_5_IRQHandler) for EXTI9_5_IRQHandler
    startup_stm32f429_439xx.o(RESET) refers to bsp_rs485.o(i.USART1_IRQHandler) for USART1_IRQHandler
    startup_stm32f429_439xx.o(RESET) refers to bsp_motor.o(i.EXTI15_10_IRQHandler) for EXTI15_10_IRQHandler
    startup_stm32f429_439xx.o(.text) refers to system_stm32f4xx.o(i.MySystemInit) for MySystemInit
    startup_stm32f429_439xx.o(.text) refers to entry.o(.ARM.Collect$$$$00000000) for __main
    system_stm32f4xx.o(i.MySystemInit) refers to system_stm32f4xx.o(i.SystemInit) for SystemInit
    system_stm32f4xx.o(i.SystemCoreClockUpdate) refers to system_stm32f4xx.o(.data) for SystemCoreClock
    system_stm32f4xx.o(i.SystemInit) refers to system_stm32f4xx.o(i.SetSysClock) for SetSysClock
    stm32f4xx_adc.o(i.ADC_DeInit) refers to stm32f4xx_rcc.o(i.RCC_APB2PeriphResetCmd) for RCC_APB2PeriphResetCmd
    stm32f4xx_can.o(i.CAN_DeInit) refers to stm32f4xx_rcc.o(i.RCC_APB1PeriphResetCmd) for RCC_APB1PeriphResetCmd
    stm32f4xx_can.o(i.CAN_GetITStatus) refers to stm32f4xx_can.o(i.CheckITStatus) for CheckITStatus
    stm32f4xx_cryp.o(i.CRYP_DeInit) refers to stm32f4xx_rcc.o(i.RCC_AHB2PeriphResetCmd) for RCC_AHB2PeriphResetCmd
    stm32f4xx_cryp_aes.o(i.CRYP_AES_CBC) refers to stm32f4xx_cryp.o(i.CRYP_KeyStructInit) for CRYP_KeyStructInit
    stm32f4xx_cryp_aes.o(i.CRYP_AES_CBC) refers to stm32f4xx_cryp.o(i.CRYP_FIFOFlush) for CRYP_FIFOFlush
    stm32f4xx_cryp_aes.o(i.CRYP_AES_CBC) refers to stm32f4xx_cryp.o(i.CRYP_Init) for CRYP_Init
    stm32f4xx_cryp_aes.o(i.CRYP_AES_CBC) refers to stm32f4xx_cryp.o(i.CRYP_KeyInit) for CRYP_KeyInit
    stm32f4xx_cryp_aes.o(i.CRYP_AES_CBC) refers to stm32f4xx_cryp.o(i.CRYP_Cmd) for CRYP_Cmd
    stm32f4xx_cryp_aes.o(i.CRYP_AES_CBC) refers to stm32f4xx_cryp.o(i.CRYP_GetFlagStatus) for CRYP_GetFlagStatus
    stm32f4xx_cryp_aes.o(i.CRYP_AES_CBC) refers to stm32f4xx_cryp.o(i.CRYP_IVInit) for CRYP_IVInit
    stm32f4xx_cryp_aes.o(i.CRYP_AES_CBC) refers to stm32f4xx_cryp.o(i.CRYP_GetCmdStatus) for CRYP_GetCmdStatus
    stm32f4xx_cryp_aes.o(i.CRYP_AES_CBC) refers to stm32f4xx_cryp.o(i.CRYP_DataIn) for CRYP_DataIn
    stm32f4xx_cryp_aes.o(i.CRYP_AES_CBC) refers to stm32f4xx_cryp.o(i.CRYP_DataOut) for CRYP_DataOut
    stm32f4xx_cryp_aes.o(i.CRYP_AES_CCM) refers to stm32f4xx_cryp.o(i.CRYP_KeyStructInit) for CRYP_KeyStructInit
    stm32f4xx_cryp_aes.o(i.CRYP_AES_CCM) refers to stm32f4xx_cryp.o(i.CRYP_FIFOFlush) for CRYP_FIFOFlush
    stm32f4xx_cryp_aes.o(i.CRYP_AES_CCM) refers to stm32f4xx_cryp.o(i.CRYP_KeyInit) for CRYP_KeyInit
    stm32f4xx_cryp_aes.o(i.CRYP_AES_CCM) refers to stm32f4xx_cryp.o(i.CRYP_IVInit) for CRYP_IVInit
    stm32f4xx_cryp_aes.o(i.CRYP_AES_CCM) refers to stm32f4xx_cryp.o(i.CRYP_Init) for CRYP_Init
    stm32f4xx_cryp_aes.o(i.CRYP_AES_CCM) refers to stm32f4xx_cryp.o(i.CRYP_PhaseConfig) for CRYP_PhaseConfig
    stm32f4xx_cryp_aes.o(i.CRYP_AES_CCM) refers to stm32f4xx_cryp.o(i.CRYP_DataIn) for CRYP_DataIn
    stm32f4xx_cryp_aes.o(i.CRYP_AES_CCM) refers to stm32f4xx_cryp.o(i.CRYP_Cmd) for CRYP_Cmd
    stm32f4xx_cryp_aes.o(i.CRYP_AES_CCM) refers to stm32f4xx_cryp.o(i.CRYP_GetCmdStatus) for CRYP_GetCmdStatus
    stm32f4xx_cryp_aes.o(i.CRYP_AES_CCM) refers to stm32f4xx_cryp.o(i.CRYP_GetFlagStatus) for CRYP_GetFlagStatus
    stm32f4xx_cryp_aes.o(i.CRYP_AES_CCM) refers to stm32f4xx_cryp.o(i.CRYP_DataOut) for CRYP_DataOut
    stm32f4xx_cryp_aes.o(i.CRYP_AES_CTR) refers to stm32f4xx_cryp.o(i.CRYP_KeyStructInit) for CRYP_KeyStructInit
    stm32f4xx_cryp_aes.o(i.CRYP_AES_CTR) refers to stm32f4xx_cryp.o(i.CRYP_KeyInit) for CRYP_KeyInit
    stm32f4xx_cryp_aes.o(i.CRYP_AES_CTR) refers to stm32f4xx_cryp.o(i.CRYP_Init) for CRYP_Init
    stm32f4xx_cryp_aes.o(i.CRYP_AES_CTR) refers to stm32f4xx_cryp.o(i.CRYP_IVInit) for CRYP_IVInit
[...]
    _main_clock                              0x080101b5   Thumb Code     0  entry7b.o(.ARM.Collect$$$$00000008)
    _main_cpp_init                           0x080101b5   Thumb Code     0  entry8b.o(.ARM.Collect$$$$0000000A)
    _main_init                               0x080101b5   Thumb Code     0  entry9a.o(.ARM.Collect$$$$0000000B)
    __rt_final_cpp                           0x080101bd   Thumb Code     0  entry10a.o(.ARM.Collect$$$$0000000D)
    __rt_final_exit                          0x080101bd   Thumb Code     0  entry11a.o(.ARM.Collect$$$$0000000F)
    rt_set_PSP                               0x080101c1   Thumb Code     6  hal_cm4.o(.emb_text)
    rt_get_PSP                               0x080101c7   Thumb Code     6  hal_cm4.o(.emb_text)
    os_set_env                               0x080101cd   Thumb Code    24  hal_cm4.o(.emb_text)
    _alloc_box                               0x080101e9   Thumb Code    28  hal_cm4.o(.emb_text)
    _free_box                                0x08010209   Thumb Code    28  hal_cm4.o(.emb_text)
    SVC_Handler                              0x08010229   Thumb Code   180  hal_cm4.o(.emb_text)
    PendSV_Handler                           0x080102ed   Thumb Code   112  hal_cm4.o(.emb_text)
    SysTick_Handler                          0x08010361   Thumb Code     8  hal_cm4.o(.emb_text)
    OS_Tick_Handler                          0x08010369   Thumb Code    12  hal_cm4.o(.emb_text)
    Reset_Handler                            0x08010375   Thumb Code     8  startup_stm32f429_439xx.o(.text)
    ADC_IRQHandler                           0x0801038f   Thumb Code     0  startup_stm32f429_439xx.o(.text)
    CAN1_RX0_IRQHandler                      0x0801038f   Thumb Code     0  startup_stm32f429_439xx.o(.text)
    CAN1_RX1_IRQHandler                      0x0801038f   Thumb Code     0  startup_stm32f429_439xx.o(.text)
    CAN1_SCE_IRQHandler                      0x0801038f   Thumb Code     0  startup_stm32f429_439xx.o(.text)
    CAN1_TX_IRQHandler                       0x0801038f   Thumb Code     0  startup_stm32f429_439xx.o(.text)
    CAN2_RX0_IRQHandler                      0x0801038f   Thumb Code     0  startup_stm32f429_439xx.o(.text)
    CAN2_RX1_IRQHandler                      0x0801038f   Thumb Code     0  startup_stm32f429_439xx.o(.text)
    CAN2_SCE_IRQHandler                      0x0801038f   Thumb Code     0  startup_stm32f429_439xx.o(.text)
    CAN2_TX_IRQHandler                       0x0801038f   Thumb Code     0  startup_stm32f429_439xx.o(.text)
    CRYP_IRQHandler                          0x0801038f   Thumb Code     0  startup_stm32f429_439xx.o(.text)
    DCMI_IRQHandler                          0x0801038f   Thumb Code     0  startup_stm32f429_439xx.o(.text)
    DMA1_Stream0_IRQHandler                  0x0801038f   Thumb Code     0  startup_stm32f429_439xx.o(.text)
    DMA1_Stream1_IRQHandler                  0x0801038f   Thumb Code     0  startup_stm32f429_439xx.o(.text)
    DMA1_Stream2_IRQHandler                  0x0801038f   Thumb Code     0  startup_stm32f429_439xx.o(.text)
    DMA1_Stream3_IRQHandler                  0x0801038f   Thumb Code     0  startup_stm32f429_439xx.o(.text)
    DMA1_Stream4_IRQHandler                  0x0801038f   Thumb Code     0  startup_stm32f429_439xx.o(.text)
    DMA1_Stream5_IRQHandler                  0x0801038f   Thumb Code     0  startup_stm32f429_439xx.o(.text)
    DMA1_Stream6_IRQHandler                  0x0801038f   Thumb Code     0  startup_stm32f429_439xx.o(.text)
    DMA1_Stream7_IRQHandler                  0x0801038f   Thumb Code     0  startup_stm32f429_439xx.o(.text)
    DMA2D_IRQHandler                         0x0801038f   Thumb Code     0  startup_stm32f429_439xx.o(.text)
    DMA2_Stream0_IRQHandler                  0x0801038f   Thumb Code     0  startup_stm32f429_439xx.o(.text)
    DMA2_Stream1_IRQHandler                  0x0801038f   Thumb Code     0  startup_stm32f429_439xx.o(.text)
    DMA2_Stream2_IRQHandler                  0x0801038f   Thumb Code     0  startup_stm32f429_439xx.o(.text)
    DMA2_Stream3_IRQHandler                  0x0801038f   Thumb Code     0  startup_stm32f429_439xx.o(.text)
    DMA2_Stream4_IRQHandler                  0x0801038f   Thumb Code     0  startup_stm32f429_439xx.o(.text)
    DMA2_Stream5_IRQHandler                  0x0801038f   Thumb Code     0  startup_stm32f429_439xx.o(.text)
    DMA2_Stream6_IRQHandler                  0x0801038f   Thumb Code     0  startup_stm32f429_439xx.o(.text)
    DMA2_Stream7_IRQHandler                  0x0801038f   Thumb Code     0  startup_stm32f429_439xx.o(.text)
    ETH_IRQHandler                           0x0801038f   Thumb Code     0  startup_stm32f429_439xx.o(.text)
    ETH_WKUP_IRQHandler                      0x0801038f   Thumb Code     0  startup_stm32f429_439xx.o(.text)
    EXTI0_IRQHandler                         0x0801038f   Thumb Code     0  startup_stm32f429_439xx.o(.text)
    EXTI1_IRQHandler                         0x0801038f   Thumb Code     0  startup_stm32f429_439xx.o(.text)
    EXTI2_IRQHandler                         0x0801038f   Thumb Code     0  startup_stm32f429_439xx.o(.text)
    EXTI3_IRQHandler                         0x0801038f   Thumb Code     0  startup_stm32f429_439xx.o(.text)
    EXTI4_IRQHandler                         0x0801038f   Thumb Code     0  startup_stm32f429_439xx.o(.text)
    FLASH_IRQHandler                         0x0801038f   Thumb Code     0  startup_stm32f429_439xx.o(.text)
    FMC_IRQHandler                           0x0801038f   Thumb Code     0  startup_stm32f429_439xx.o(.text)
    FPU_IRQHandler                           0x0801038f   Thumb Code     0  startup_stm32f429_439xx.o(.text)
    HASH_RNG_IRQHandler                      0x0801038f   Thumb Code     0  startup_stm32f429_439xx.o(.text)
    I2C1_ER_IRQHandler                       0x0801038f   Thumb Code     0  startup_stm32f429_439xx.o(.text)
    I2C1_EV_IRQHandler                       0x0801038f   Thumb Code     0  startup_stm32f429_439xx.o(.text)
    I2C2_ER_IRQHandler                       0x0801038f   Thumb Code     0  startup_stm32f429_439xx.o(.text)
    I2C2_EV_IRQHandler                       0x0801038f   Thumb Code     0  startup_stm32f429_439xx.o(.text)
    I2C3_ER_IRQHandler                       0x0801038f   Thumb Code     0  startup_stm32f429_439xx.o(.text)
    I2C3_EV_IRQHandler                       0x0801038f   Thumb Code     0  startup_stm32f429_439xx.o(.text)
    LTDC_ER_IRQHandler                       0x0801038f   Thumb Code     0  startup_stm32f429_439xx.o(.text)
    LTDC_IRQHandler                          0x0801038f   Thumb Code     0  startup_stm32f429_439xx.o(.text)
    OTG_FS_IRQHandler                        0x0801038f   Thumb Code     0  startup_stm32f429_439xx.o(.text)
    OTG_FS_WKUP_IRQHandler                   0x0801038f   Thumb Code     0  startup_stm32f429_439xx.o(.text)
    OTG_HS_EP1_IN_IRQHandler                 0x0801038f   Thumb Code     0  startup_stm32f429_439xx.o(.text)
    OTG_HS_EP1_OUT_IRQHandler                0x0801038f   Thumb Code     0  startup_stm32f429_439xx.o(.text)
    OTG_HS_IRQHandler                        0x0801038f   Thumb Code     0  startup_stm32f429_439xx.o(.text)
    OTG_HS_WKUP_IRQHandler                   0x0801038f   Thumb Code     0  startup_stm32f429_439xx.o(.text)
    PVD_IRQHandler                           0x0801038f   Thumb Code     0  startup_stm32f429_439xx.o(.text)
    RCC_IRQHandler                           0x0801038f   Thumb Code     0  startup_stm32f429_439xx.o(.text)
    RTC_Alarm_IRQHandler                     0x0801038f   Thumb Code     0  startup_stm32f429_439xx.o(.text)
    RTC_WKUP_IRQHandler                      0x0801038f   Thumb Code     0  startup_stm32f429_439xx.o(.text)
    SAI1_IRQHandler                          0x0801038f   Thumb Code     0  startup_stm32f429_439xx.o(.text)
    SDIO_IRQHandler                          0x0801038f   Thumb Code     0  startup_stm32f429_439xx.o(.text)
    SPI1_IRQHandler                          0x0801038f   Thumb Code     0  startup_stm32f429_439xx.o(.text)
    SPI2_IRQHandler                          0x0801038f   Thumb Code     0  startup_stm32f429_439xx.o(.text)
    SPI3_IRQHandler                          0x0801038f   Thumb Code     0  startup_stm32f429_439xx.o(.text)
    SPI4_IRQHandler                          0x0801038f   Thumb Code     0  startup_stm32f429_439xx.o(.text)
    SPI5_IRQHandler                          0x0801038f   Thumb Code     0  startup_stm32f429_439xx.o(.text)
    SPI6_IRQHandler                          0x0801038f   Thumb Code     0  startup_stm32f429_439xx.o(.text)
    TAMP_STAMP_IRQHandler                    0x0801038f   Thumb Code     0  startup_stm32f429_439xx.o(.text)
    TIM1_BRK_TIM9_IRQHandler                 0x0801038f   Thumb Code     0  startup_stm32f429_439xx.o(.text)
    TIM1_CC_IRQHandler                       0x0801038f   Thumb Code     0  startup_stm32f429_439xx.o(.text)
    TIM1_TRG_COM_TIM11_IRQHandler            0x0801038f   Thumb Code     0  startup_stm32f429_439xx.o(.text)
    TIM1_UP_TIM10_IRQHandler                 0x0801038f   Thumb Code     0  startup_stm32f429_439xx.o(.text)
    TIM2_IRQHandler                          0x0801038f   Thumb Code     0  startup_stm32f429_439xx.o(.text)
    TIM3_IRQHandler                          0x0801038f   Thumb Code     0  startup_stm32f429_439xx.o(.text)
    TIM4_IRQHandler                          0x0801038f   Thumb Code     0  startup_stm32f429_439xx.o(.text)
    TIM5_IRQHandler                          0x0801038f   Thumb Code     0  startup_stm32f429_439xx.o(.text)
    TIM6_DAC_IRQHandler                      0x0801038f   Thumb Code     0  startup_stm32f429_439xx.o(.text)
    TIM7_IRQHandler                          0x0801038f   Thumb Code     0  startup_stm32f429_439xx.o(.text)
    TIM8_BRK_TIM12_IRQHandler                0x0801038f   Thumb Code     0  startup_stm32f429_439xx.o(.text)
    TIM8_CC_IRQHandler                       0x0801038f   Thumb Code     0  startup_stm32f429_439xx.o(.text)
    TIM8_TRG_COM_TIM14_IRQHandler            0x0801038f   Thumb Code     0  startup_stm32f429_439xx.o(.text)
    TIM8_UP_TIM13_IRQHandler                 0x0801038f   Thumb Code     0  startup_stm32f429_439xx.o(.text)
    UART4_IRQHandler                         0x0801038f   Thumb Code     0  startup_stm32f429_439xx.o(.text)
    UART5_IRQHandler                         0x0801038f   Thumb Code     0  startup_stm32f429_439xx.o(.text)
    UART7_IRQHandler                         0x0801038f   Thumb Code     0  startup_stm32f429_439xx.o(.text)
    UART8_IRQHandler                         0x0801038f   Thumb Code     0  startup_stm32f429_439xx.o(.text)
    USART2_IRQHandler                        0x0801038f   Thumb Code     0  startup_stm32f429_439xx.o(.text)
    USART3_IRQHandler                        0x0801038f   Thumb Code     0  startup_stm32f429_439xx.o(.text)
    USART6_IRQHandler                        0x0801038f   Thumb Code     0  startup_stm32f429_439xx.o(.text)
    WWDG_IRQHandler                          0x0801038f   Thumb Code     0  startup_stm32f429_439xx.o(.text)
    arm_mean_q15                             0x08010399   Thumb Code   192  arm_mean_q15.o(.text)
    __aeabi_memcpy                           0x08010459   Thumb Code    36  memcpya.o(.text)
    __aeabi_memcpy4                          0x08010459   Thumb Code     0  memcpya.o(.text)
    __aeabi_memcpy8                          0x08010459   Thumb Code     0  memcpya.o(.text)
    __aeabi_memset                           0x0801047d   Thumb Code    14  memseta.o(.text)
    __aeabi_memset4                          0x0801047d   Thumb Code     0  memseta.o(.text)
    __aeabi_memset8                          0x0801047d   Thumb Code     0  memseta.o(.text)
    __aeabi_memclr                           0x0801048b   Thumb Code     4  memseta.o(.text)
    __aeabi_memclr4                          0x0801048b   Thumb Code     0  memseta.o(.text)
    __aeabi_memclr8                          0x0801048b   Thumb Code     0  memseta.o(.text)
    _memset$wrapper                          0x0801048f   Thumb Code    18  memseta.o(.text)
    __aeabi_dmul                             0x080104a1   Thumb Code   228  dmul.o(.text)
    __aeabi_ddiv                             0x08010585   Thumb Code   222  ddiv.o(.text)
    __aeabi_i2d                              0x08010663   Thumb Code    34  dflti.o(.text)
    __aeabi_d2f                              0x08010685   Thumb Code    56  d2f.o(.text)
    __aeabi_uldivmod                         0x080106bd   Thumb Code    98  uldiv.o(.text)
    __I$use$fp                               0x0801071f   Thumb Code     0  iusefp.o(.text)
    _float_round                             0x0801071f   Thumb Code    18  fepilogue.o(.text)
    _float_epilogue                          0x08010731   Thumb Code    92  fepilogue.o(.text)
    _double_round                            0x0801078d   Thumb Code    30  depilogue.o(.text)
    _double_epilogue                         0x080107ab   Thumb Code   156  depilogue.o(.text)
    __scatterload                            0x08010849   Thumb Code    28  init.o(.text)
    __scatterload_rt2                        0x08010849   Thumb Code     0  init.o(.text)
    __aeabi_llsl                             0x0801086d   Thumb Code    30  llshl.o(.text)
    _ll_shift_l                              0x0801086d   Thumb Code     0  llshl.o(.text)
    __aeabi_llsr                             0x0801088b   Thumb Code    32  llushr.o(.text)
    _ll_ushift_r                             0x0801088b   Thumb Code     0  llushr.o(.text)
    SVC_Count                                0x080108ac   Data           4  svc_table.o(SVC_TABLE)
    ADC_Cmd                                  0x080108b1   Thumb Code    22  stm32f4xx_adc.o(i.ADC_Cmd)
    SVC_Table                                0x080108b0   Data           0  svc_table.o(SVC_TABLE)
    ADC_CommonInit                           0x080108c9   Thumb Code    34  stm32f4xx_adc.o(i.ADC_CommonInit)
    ADC_DMACmd                               0x080108f9   Thumb Code    22  stm32f4xx_adc.o(i.ADC_DMACmd)
    ADC_DMARequestAfterLastTransferCmd       0x0801090f   Thumb Code    22  stm32f4xx_adc.o(i.ADC_DMARequestAfterLastTransferCmd)
    ADC_Init                                 0x08010925   Thumb Code    74  stm32f4xx_adc.o(i.ADC_Init)
    ADC_RegularChannelConfig                 0x08010979   Thumb Code   184  stm32f4xx_adc.o(i.ADC_RegularChannelConfig)
    ADC_SoftwareStartConv                    0x08010a31   Thumb Code    10  stm32f4xx_adc.o(i.ADC_SoftwareStartConv)
    Abs_MinusOne                             0x08010a3b   Thumb Code    36  bsp_motor.o(i.Abs_MinusOne)
    Abs_PlusOne                              0x08010a5f   Thumb Code    36  bsp_motor.o(i.Abs_PlusOne)
    BusFault_Handler                         0x08010a83   Thumb Code     4  stm32f4xx_it.o(i.BusFault_Handler)
    CbrtedSeatLogic_BackClose_PressDown      0x08010a89   Thumb Code   132  user_controllogic.o(i.CbrtedSeatLogic_BackClose_PressDown)
    CbrtedSeatLogic_BackOpen_PressDown       0x08010b1d   Thumb Code   460  user_controllogic.o(i.CbrtedSeatLogic_BackOpen_PressDown)
    CbrtedSeatLogic_FootOpen_PressDown       0x08010d01   Thumb Code   130  user_controllogic.o(i.CbrtedSeatLogic_FootOpen_PressDown)
    CbrtedSeatLogic_Key_Popup                0x08010d95   Thumb Code    40  user_controllogic.o(i.CbrtedSeatLogic_Key_Popup)
    CbrtedSeatLogic_LegClose_PressDown       0x08010dc1   Thumb Code   772  user_controllogic.o(i.CbrtedSeatLogic_LegClose_PressDown)
    CbrtedSeatLogic_LegOpen_PressDown        0x080110dd   Thumb Code   132  user_controllogic.o(i.CbrtedSeatLogic_LegOpen_PressDown)
    CbrtedSeatLogic_OneKeyClose_PressDown    0x08011171   Thumb Code   316  user_controllogic.o(i.CbrtedSeatLogic_OneKeyClose_PressDown)
    CbrtedSeatLogic_OneKeyHalf_PressDown     0x080112bd   Thumb Code   394  user_controllogic.o(i.CbrtedSeatLogic_OneKeyHalf_PressDown)
    CbrtedSeatLogic_OneKeyOpen_PressDown     0x08011459   Thumb Code   310  user_controllogic.o(i.CbrtedSeatLogic_OneKeyOpen_PressDown)
    CheckSum                                 0x080115a1   Thumb Code    30  bsp_flash.o(i.CheckSum)
    ComFrame_Action_AppConfirm               0x080115c1   Thumb Code    52  user_comframe.o(i.ComFrame_Action_AppConfirm)
    ComFrame_Action_ConnectionConfirm        0x080115fd   Thumb Code    48  user_comframe.o(i.ComFrame_Action_ConnectionConfirm)
    ComFrame_Action_GotoTestMode             0x08011635   Thumb Code    54  user_comframe.o(i.ComFrame_Action_GotoTestMode)
    ComFrame_Action_OutTestMode              0x08011679   Thumb Code    54  user_comframe.o(i.ComFrame_Action_OutTestMode)
    ComFrame_Action_ReportAppVersion         0x080116bd   Thumb Code    56  user_comframe.o(i.ComFrame_Action_ReportAppVersion)
    ComFrame_Action_SystemReboot             0x08011701   Thumb Code    68  user_comframe.o(i.ComFrame_Action_SystemReboot)
    ComFrame_ConnectCMDAction                0x0801174d   Thumb Code    70  user_comframe.o(i.ComFrame_ConnectCMDAction)
    ComFrame_FrameCheck                      0x08011793   Thumb Code    54  user_comframe.o(i.ComFrame_FrameCheck)
    ComFrame_FrameCopyToBuf                  0x080117c9   Thumb Code    84  user_comframe.o(i.ComFrame_FrameCopyToBuf)
    ComFrame_GetCheckSum                     0x08011825   Thumb Code    32  user_comframe.o(i.ComFrame_GetCheckSum)
    ComFrame_KeyCMDAction                    0x08011845   Thumb Code   142  user_comframe.o(i.ComFrame_KeyCMDAction)
    ComFrame_ReadCMDAction                   0x080118d3   Thumb Code   118  user_comframe.o(i.ComFrame_ReadCMDAction)
    ComFrame_Read_GetAxisClosePosition       0x08011949   Thumb Code    98  user_comframe.o(i.ComFrame_Read_GetAxisClosePosition)
    ComFrame_Read_GetAxisHalfPosition        0x080119b9   Thumb Code   100  user_comframe.o(i.ComFrame_Read_GetAxisHalfPosition)
    ComFrame_Read_GetAxisOpenPosition        0x08011a29   Thumb Code    96  user_comframe.o(i.ComFrame_Read_GetAxisOpenPosition)
    ComFrame_Read_GetLinkPosition            0x08011a95   Thumb Code   104  user_comframe.o(i.ComFrame_Read_GetLinkPosition)
    ComFrame_Read_GetMotorCurrentNow         0x08011b09   Thumb Code    88  user_comframe.o(i.ComFrame_Read_GetMotorCurrentNow)
    ComFrame_Read_GetMotorPositionNow        0x08011b6d   Thumb Code    88  user_comframe.o(i.ComFrame_Read_GetMotorPositionNow)
    ComFrame_Read_GetMotorReverseFlag        0x08011bd1   Thumb Code    96  user_comframe.o(i.ComFrame_Read_GetMotorReverseFlag)
    ComFrame_Read_GetMotorSpeedofSet         0x08011c3d   Thumb Code    84  user_comframe.o(i.ComFrame_Read_GetMotorSpeedofSet)
    ComFrame_Read_GetPotenReverseFlag        0x08011c9d   Thumb Code    96  user_comframe.o(i.ComFrame_Read_GetPotenReverseFlag)
    ComFrame_WriteCMDAction                  0x08011d09   Thumb Code   118  user_comframe.o(i.ComFrame_WriteCMDAction)
    ComFrame_Write_SaveCbrtDataToFlash       0x08011d89   Thumb Code    80  user_comframe.o(i.ComFrame_Write_SaveCbrtDataToFlash)
    ComFrame_Write_SetAxisClosePosition      0x08011df1   Thumb Code   102  user_comframe.o(i.ComFrame_Write_SetAxisClosePosition)
    ComFrame_Write_SetAxisHalfPosition       0x08011e65   Thumb Code    84  user_comframe.o(i.ComFrame_Write_SetAxisHalfPosition)
    ComFrame_Write_SetAxisOpenPosition       0x08011ec5   Thumb Code   102  user_comframe.o(i.ComFrame_Write_SetAxisOpenPosition)
    ComFrame_Write_SetLinkPosition           0x08011f39   Thumb Code    90  user_comframe.o(i.ComFrame_Write_SetLinkPosition)
    ComFrame_Write_SetMotorReverseFlag       0x08011fa1   Thumb Code   102  user_comframe.o(i.ComFrame_Write_SetMotorReverseFlag)
    ComFrame_Write_SetMotorSpeed             0x08012015   Thumb Code    90  user_comframe.o(i.ComFrame_Write_SetMotorSpeed)
    ComFrame_Write_SetPotenReverseFlag       0x0801207d   Thumb Code   102  user_comframe.o(i.ComFrame_Write_SetPotenReverseFlag)
    ControlLogic_CbrtedSeat                  0x0801210d   Thumb Code   156  user_controllogic.o(i.ControlLogic_CbrtedSeat)
    ControlLogic_NonCbrtedSeat               0x080121a9   Thumb Code   222  user_controllogic.o(i.ControlLogic_NonCbrtedSeat)
    DMA_ClearFlag                            0x0801228d   Thumb Code    38  stm32f4xx_dma.o(i.DMA_ClearFlag)
    DMA_Cmd                                  0x080122c1   Thumb Code    22  stm32f4xx_dma.o(i.DMA_Cmd)
    DMA_DeInit                               0x080122d9   Thumb Code   324  stm32f4xx_dma.o(i.DMA_DeInit)
    DMA_GetCmdStatus                         0x08012431   Thumb Code    20  stm32f4xx_dma.o(i.DMA_GetCmdStatus)
    DMA_GetCurrDataCounter                   0x08012445   Thumb Code     8  stm32f4xx_dma.o(i.DMA_GetCurrDataCounter)
    DMA_GetFlagStatus                        0x0801244d   Thumb Code    54  stm32f4xx_dma.o(i.DMA_GetFlagStatus)
    DMA_Init                                 0x08012491   Thumb Code    82  stm32f4xx_dma.o(i.DMA_Init)
    DMA_SetCurrDataCounter                   0x080124e9   Thumb Code     4  stm32f4xx_dma.o(i.DMA_SetCurrDataCounter)
    DebugMon_Handler                         0x080124ed   Thumb Code     2  stm32f4xx_it.o(i.DebugMon_Handler)
    DmaReceiveReopen                         0x080124f1   Thumb Code    28  bsp_rs485.o(i.DmaReceiveReopen)
    DmaSendDataProc                          0x08012515   Thumb Code    56  bsp_rs485.o(i.DmaSendDataProc)
    EXTI15_10_IRQHandler                     0x08012559   Thumb Code    58  bsp_motor.o(i.EXTI15_10_IRQHandler)
    EXTI9_5_IRQHandler                       0x08012593   Thumb Code    32  bsp_motor.o(i.EXTI9_5_IRQHandler)
    EXTI_ClearITPendingBit                   0x080125b5   Thumb Code     6  stm32f4xx_exti.o(i.EXTI_ClearITPendingBit)
    EXTI_GetITStatus                         0x080125c1   Thumb Code    20  stm32f4xx_exti.o(i.EXTI_GetITStatus)
    EXTI_Init                                0x080125d9   Thumb Code   142  stm32f4xx_exti.o(i.EXTI_Init)
    FLASH_ClearFlag                          0x0801266d   Thumb Code     6  stm32f4xx_flash.o(i.FLASH_ClearFlag)
    FLASH_EraseSector                        0x08012679   Thumb Code   130  stm32f4xx_flash.o(i.FLASH_EraseSector)
    FLASH_GetStatus                          0x08012701   Thumb Code    80  stm32f4xx_flash.o(i.FLASH_GetStatus)
    FLASH_Lock                               0x08012755   Thumb Code    14  stm32f4xx_flash.o(i.FLASH_Lock)
    FLASH_ProgramByte                        0x08012769   Thumb Code    70  stm32f4xx_flash.o(i.FLASH_ProgramByte)
    FLASH_Unlock                             0x080127b5   Thumb Code    24  stm32f4xx_flash.o(i.FLASH_Unlock)
    FLASH_WaitForLastOperation               0x080127d9   Thumb Code    34  stm32f4xx_flash.o(i.FLASH_WaitForLastOperation)
    Flash_GetSector                          0x080127fd   Thumb Code   182  bsp_flash.o(i.Flash_GetSector)
    Flash_ReadBuf                            0x080128e1   Thumb Code    22  bsp_flash.o(i.Flash_ReadBuf)
    Flash_ReadRecord                         0x080128f9   Thumb Code    66  bsp_flash.o(i.Flash_ReadRecord)
    Flash_WriteBuf                           0x08012941   Thumb Code    68  bsp_flash.o(i.Flash_WriteBuf)
    Flash_WriteRecord                        0x08012985   Thumb Code    42  bsp_flash.o(i.Flash_WriteRecord)
    GPIO_Init                                0x080129b5   Thumb Code   144  stm32f4xx_gpio.o(i.GPIO_Init)
    GPIO_PinAFConfig                         0x08012a45   Thumb Code    70  stm32f4xx_gpio.o(i.GPIO_PinAFConfig)
    GPIO_ResetBits                           0x08012a8b   Thumb Code     4  stm32f4xx_gpio.o(i.GPIO_ResetBits)
    GPIO_SetBits                             0x08012a8f   Thumb Code     4  stm32f4xx_gpio.o(i.GPIO_SetBits)
    GetAllMotorStatus                        0x08012a95   Thumb Code    26  bsp.o(i.GetAllMotorStatus)
    HardFault_Handler                        0x08012ab5   Thumb Code     4  stm32f4xx_it.o(i.HardFault_Handler)
    InitDMAUart                              0x08012ab9   Thumb Code   248  bsp_rs485.o(i.InitDMAUart)
    InitUartMode                             0x08012c25   Thumb Code   122  bsp_rs485.o(i.InitUartMode)
    Key_GPIO_Init                            0x08012e01   Thumb Code    46  bsp_key.o(i.Key_GPIO_Init)
    Key_GetFromFIFO                          0x08012e35   Thumb Code    40  bsp_key.o(i.Key_GetFromFIFO)
    Key_Init                                 0x08012e69   Thumb Code    12  bsp_key.o(i.Key_Init)
    Key_PutIntoFIFO                          0x08012e75   Thumb Code    50  bsp_key.o(i.Key_PutIntoFIFO)
    Key_ScanAll                              0x08012eb5   Thumb Code    78  bsp_key.o(i.Key_ScanAll)
    Key_SetRowValue                          0x08012f05   Thumb Code   174  bsp_key.o(i.Key_SetRowValue)
    Key_SoftDelay                            0x08012fb9   Thumb Code    14  bsp_key.o(i.Key_SoftDelay)
    Key_Struct_Init                          0x08012fc9   Thumb Code   114  bsp_key.o(i.Key_Struct_Init)
    LED_GPIO_Config                          0x08013065   Thumb Code    60  bsp_led.o(i.LED_GPIO_Config)
    MemManage_Handler                        0x080130a5   Thumb Code     4  stm32f4xx_it.o(i.MemManage_Handler)
    MotorInit                                0x080130a9   Thumb Code    28  bsp_motor.o(i.MotorInit)
    MotorSpeedLimit                          0x080130c5   Thumb Code    80  user_controllogic.o(i.MotorSpeedLimit)
    Motor_ADCValueAverage                    0x08013119   Thumb Code   252  bsp_adc.o(i.Motor_ADCValueAverage)
    Motor_ADC_Init                           0x08013265   Thumb Code    30  bsp_adc.o(i.Motor_ADC_Init)
    Motor_ADC_SetCurrentChannel              0x080132f9   Thumb Code    72  bsp_adc.o(i.Motor_ADC_SetCurrentChannel)
    Motor_ADC_SetPotenChannel                0x08013345   Thumb Code    72  bsp_adc.o(i.Motor_ADC_SetPotenChannel)
    Motor_ADC_Start                          0x08013391   Thumb Code    26  bsp_adc.o(i.Motor_ADC_Start)
    Motor_ADC_Stop                           0x080133b5   Thumb Code    12  bsp_adc.o(i.Motor_ADC_Stop)
    Motor_Action_Normal                      0x080133c5   Thumb Code   204  bsp_motor.o(i.Motor_Action_Normal)
    Motor_BrakeON                            0x08013495   Thumb Code   118  bsp_motor.o(i.Motor_BrakeON)
    Motor_BrakeRelease                       0x0801351d   Thumb Code   118  bsp_motor.o(i.Motor_BrakeRelease)
    Motor_ChangeToStatus_Active              0x080135a5   Thumb Code   120  bsp_motor.o(i.Motor_ChangeToStatus_Active)
    Motor_ChangeToStatus_Standby             0x0801362d   Thumb Code   120  bsp_motor.o(i.Motor_ChangeToStatus_Standby)
    Motor_ControlPin_Init                    0x080136b5   Thumb Code   176  bsp_motor.o(i.Motor_ControlPin_Init)
    Motor_DMAConfig_CurrentMode              0x08013779   Thumb Code    94  bsp_adc.o(i.Motor_DMAConfig_CurrentMode)
    Motor_DMAConfig_PotenMode                0x080137e5   Thumb Code    92  bsp_adc.o(i.Motor_DMAConfig_PotenMode)
    Motor_DriveByStage                       0x0801384d   Thumb Code   118  bsp_motor.o(i.Motor_DriveByStage)
    Motor_FaultPin_Init                      0x080138c5   Thumb Code   322  bsp_motor.o(i.Motor_FaultPin_Init)
    Motor_GetChipStatus                      0x08013a11   Thumb Code    40  bsp_spi.o(i.Motor_GetChipStatus)
    Motor_GetCurrentValue                    0x08013a39   Thumb Code    30  bsp_adc.o(i.Motor_GetCurrentValue)
    Motor_GetPositionCurrentData             0x08013a61   Thumb Code    24  bsp_adc.o(i.Motor_GetPositionCurrentData)
    Motor_GetPotenValue                      0x08013a79   Thumb Code    30  bsp_adc.o(i.Motor_GetPotenValue)
    Motor_PWM_Init                           0x08013afd   Thumb Code    12  bsp_tim.o(i.Motor_PWM_Init)
    Motor_PWM_Output                         0x08013b09   Thumb Code   132  bsp_tim.o(i.Motor_PWM_Output)
    Motor_SPI_ChipDiselect                   0x08013c2d   Thumb Code    62  bsp_spi.o(i.Motor_SPI_ChipDiselect)
    Motor_SPI_ChipSelect                     0x08013c79   Thumb Code    62  bsp_spi.o(i.Motor_SPI_ChipSelect)
    Motor_SPI_Init                           0x08013cc5   Thumb Code   322  bsp_spi.o(i.Motor_SPI_Init)
    Motor_SPI_WriteWord                      0x08013e1d   Thumb Code    72  bsp_spi.o(i.Motor_SPI_WriteWord)
    Motor_SetMoveDirection                   0x08013e6d   Thumb Code   206  bsp_motor.o(i.Motor_SetMoveDirection)
    MySystemInit                             0x08013f4d   Thumb Code     8  system_stm32f4xx.o(i.MySystemInit)
    NMI_Handler                              0x08013f55   Thumb Code     2  stm32f4xx_it.o(i.NMI_Handler)
    NVIC_Init                                0x08013f59   Thumb Code   106  misc.o(i.NVIC_Init)
    NVIC_PriorityGroupConfig                 0x08013fd1   Thumb Code    10  misc.o(i.NVIC_PriorityGroupConfig)
    NVIC_SetVectorTable                      0x08013fe5   Thumb Code    12  misc.o(i.NVIC_SetVectorTable)
    NVM_I2C_Init                             0x08013ff9   Thumb Code    34  bsp_i2c.o(i.NVM_I2C_Init)
    NVM_I2C_Read                             0x08014021   Thumb Code   132  bsp_i2c.o(i.NVM_I2C_Read)
    PWR_BackupAccessCmd                      0x080140a5   Thumb Code     6  stm32f4xx_pwr.o(i.PWR_BackupAccessCmd)
    RCC_AHB1PeriphClockCmd                   0x080140b1   Thumb Code    26  stm32f4xx_rcc.o(i.RCC_AHB1PeriphClockCmd)
    RCC_APB1PeriphClockCmd                   0x080140d1   Thumb Code    26  stm32f4xx_rcc.o(i.RCC_APB1PeriphClockCmd)
    RCC_APB1PeriphResetCmd                   0x080140f1   Thumb Code    26  stm32f4xx_rcc.o(i.RCC_APB1PeriphResetCmd)
    RCC_APB2PeriphClockCmd                   0x08014111   Thumb Code    26  stm32f4xx_rcc.o(i.RCC_APB2PeriphClockCmd)
    RCC_APB2PeriphResetCmd                   0x08014131   Thumb Code    26  stm32f4xx_rcc.o(i.RCC_APB2PeriphResetCmd)
    RCC_GetClocksFreq                        0x08014151   Thumb Code   214  stm32f4xx_rcc.o(i.RCC_GetClocksFreq)
    RCC_GetFlagStatus                        0x08014239   Thumb Code    60  stm32f4xx_rcc.o(i.RCC_GetFlagStatus)
    RCC_LSEConfig                            0x08014279   Thumb Code    40  stm32f4xx_rcc.o(i.RCC_LSEConfig)
    RCC_RTCCLKCmd                            0x080142a5   Thumb Code     6  stm32f4xx_rcc.o(i.RCC_RTCCLKCmd)
    RCC_RTCCLKConfig                         0x080142b1   Thumb Code    50  stm32f4xx_rcc.o(i.RCC_RTCCLKConfig)
    RS485_UART_Init                          0x080142ed   Thumb Code    24  bsp_rs485.o(i.RS485_UART_Init)
    RTC_CLK_Config                           0x0801431b   Thumb Code    72  bsp_rtc.o(i.RTC_CLK_Config)
    RTC_CheckRTCSet                          0x08014365   Thumb Code    74  bsp_rtc.o(i.RTC_CheckRTCSet)
    RTC_EnterInitMode                        0x080143b9   Thumb Code    76  stm32f4xx_rtc.o(i.RTC_EnterInitMode)
    RTC_ExitInitMode                         0x08014409   Thumb Code    14  stm32f4xx_rtc.o(i.RTC_ExitInitMode)
    RTC_GetDate                              0x0801441d   Thumb Code    68  stm32f4xx_rtc.o(i.RTC_GetDate)
    RTC_GetTime                              0x08014469   Thumb Code    72  stm32f4xx_rtc.o(i.RTC_GetTime)
    RTC_Init                                 0x080144b9   Thumb Code    94  stm32f4xx_rtc.o(i.RTC_Init)
    RTC_ReadBackupRegister                   0x0801451d   Thumb Code    26  stm32f4xx_rtc.o(i.RTC_ReadBackupRegister)
    RTC_TimeAndDate_Get                      0x0801453d   Thumb Code    80  bsp_rtc.o(i.RTC_TimeAndDate_Get)
    RTC_WaitForSynchro                       0x08014595   Thumb Code    92  stm32f4xx_rtc.o(i.RTC_WaitForSynchro)
    RTX_Key_Init                             0x080145f5   Thumb Code    24  bsp_key.o(i.RTX_Key_Init)
    Record_RTC_Init                          0x08014619   Thumb Code    16  bsp_rtc.o(i.Record_RTC_Init)
    SPI_Cmd                                  0x0801462d   Thumb Code    24  stm32f4xx_spi.o(i.SPI_Cmd)
    SPI_I2S_GetFlagStatus                    0x08014645   Thumb Code    18  stm32f4xx_spi.o(i.SPI_I2S_GetFlagStatus)
    SPI_I2S_ReceiveData                      0x08014657   Thumb Code     6  stm32f4xx_spi.o(i.SPI_I2S_ReceiveData)
    SPI_I2S_SendData                         0x0801465d   Thumb Code     4  stm32f4xx_spi.o(i.SPI_I2S_SendData)
    SPI_Init                                 0x08014661   Thumb Code    60  stm32f4xx_spi.o(i.SPI_Init)
    SYSCFG_EXTILineConfig                    0x0801469d   Thumb Code    60  stm32f4xx_syscfg.o(i.SYSCFG_EXTILineConfig)
    SeatLogicDataInit                        0x080146dd   Thumb Code   224  user_controllogic.o(i.SeatLogicDataInit)
    SeekRecord                               0x080147cd   Thumb Code   154  bsp_i2c.o(i.SeekRecord)
    SystemInit                               0x0801498d   Thumb Code    88  system_stm32f4xx.o(i.SystemInit)
    TIM_Cmd                                  0x080149f5   Thumb Code    24  stm32f4xx_tim.o(i.TIM_Cmd)
    TIM_CtrlPWMOutputs                       0x08014a0d   Thumb Code    30  stm32f4xx_tim.o(i.TIM_CtrlPWMOutputs)
    TIM_OC1Init                              0x08014a2d   Thumb Code   114  stm32f4xx_tim.o(i.TIM_OC1Init)
    TIM_OC1PreloadConfig                     0x08014aa9   Thumb Code    18  stm32f4xx_tim.o(i.TIM_OC1PreloadConfig)
    TIM_OC2Init                              0x08014abd   Thumb Code   154  stm32f4xx_tim.o(i.TIM_OC2Init)
    TIM_OC2PreloadConfig                     0x08014b61   Thumb Code    26  stm32f4xx_tim.o(i.TIM_OC2PreloadConfig)
    TIM_OC3Init                              0x08014b7d   Thumb Code   150  stm32f4xx_tim.o(i.TIM_OC3Init)
    TIM_OC3PreloadConfig                     0x08014c1d   Thumb Code    18  stm32f4xx_tim.o(i.TIM_OC3PreloadConfig)
    TIM_OC4Init                              0x08014c31   Thumb Code   112  stm32f4xx_tim.o(i.TIM_OC4Init)
    TIM_OC4PreloadConfig                     0x08014ca9   Thumb Code    26  stm32f4xx_tim.o(i.TIM_OC4PreloadConfig)
    TIM_SetCompare1                          0x08014cc3   Thumb Code     4  stm32f4xx_tim.o(i.TIM_SetCompare1)
    TIM_SetCompare2                          0x08014cc7   Thumb Code     4  stm32f4xx_tim.o(i.TIM_SetCompare2)
    TIM_SetCompare3                          0x08014ccb   Thumb Code     4  stm32f4xx_tim.o(i.TIM_SetCompare3)
    TIM_SetCompare4                          0x08014ccf   Thumb Code     4  stm32f4xx_tim.o(i.TIM_SetCompare4)
    TIM_TimeBaseInit                         0x08014cd5   Thumb Code   104  stm32f4xx_tim.o(i.TIM_TimeBaseInit)
    Task_ADC_GetValue                        0x08014d59   Thumb Code    98  user_rtx.o(i.Task_ADC_GetValue)
    Task_Key_Scan                            0x08014de1   Thumb Code    16  user_rtx.o(i.Task_Key_Scan)
    Task_Seat_ControlLogic                   0x08014df5   Thumb Code    94  user_rtx.o(i.Task_Seat_ControlLogic)
    Task_System_Setup                        0x08014e61   Thumb Code   140  user_rtx.o(i.Task_System_Setup)
    Task_Uart_Receive                        0x08014f45   Thumb Code    52  user_rtx.o(i.Task_Uart_Receive)
    Task_Uart_Transmit                       0x08014f81   Thumb Code    40  user_rtx.o(i.Task_Uart_Transmit)
    USART1_IRQHandler                        0x08014fb9   Thumb Code   194  bsp_rs485.o(i.USART1_IRQHandler)
    USART_ClearFlag                          0x0801509d   Thumb Code    18  stm32f4xx_usart.o(i.USART_ClearFlag)
    USART_ClearITPendingBit                  0x080150af   Thumb Code    30  stm32f4xx_usart.o(i.USART_ClearITPendingBit)
    USART_Cmd                                0x080150cd   Thumb Code    24  stm32f4xx_usart.o(i.USART_Cmd)
    USART_DMACmd                             0x080150e5   Thumb Code    18  stm32f4xx_usart.o(i.USART_DMACmd)
    USART_DeInit                             0x080150f9   Thumb Code   206  stm32f4xx_usart.o(i.USART_DeInit)
    USART_GetFlagStatus                      0x080151e9   Thumb Code    26  stm32f4xx_usart.o(i.USART_GetFlagStatus)
    USART_GetITStatus                        0x08015203   Thumb Code    84  stm32f4xx_usart.o(i.USART_GetITStatus)
    USART_ITConfig                           0x08015257   Thumb Code    74  stm32f4xx_usart.o(i.USART_ITConfig)
    USART_Init                               0x080152a1   Thumb Code   204  stm32f4xx_usart.o(i.USART_Init)
    USART_ReceiveData                        0x08015375   Thumb Code    10  stm32f4xx_usart.o(i.USART_ReceiveData)
    UartDataProcess                          0x08015381   Thumb Code   164  user_comframe.o(i.UartDataProcess)
    UartSendBuf                              0x0801542d   Thumb Code    52  bsp_rs485.o(i.UartSendBuf)
    UsageFault_Handler                       0x08015469   Thumb Code     4  stm32f4xx_it.o(i.UsageFault_Handler)
    __0sprintf$8                             0x0801546d   Thumb Code    34  printf8.o(i.__0sprintf$8)
    __1sprintf$8                             0x0801546d   Thumb Code     0  printf8.o(i.__0sprintf$8)
    __2sprintf                               0x0801546d   Thumb Code     0  printf8.o(i.__0sprintf$8)
    __scatterload_copy                       0x08015495   Thumb Code    14  handlers.o(i.__scatterload_copy)
    __scatterload_null                       0x080154a3   Thumb Code     2  handlers.o(i.__scatterload_null)
    __scatterload_zeroinit                   0x080154a5   Thumb Code    14  handlers.o(i.__scatterload_zeroinit)
    _calloc_box                              0x080154b3   Thumb Code    30  rt_membox.o(i._calloc_box)
    _init_box                                0x080154d1   Thumb Code    70  rt_membox.o(i._init_box)
    bsp_Init                                 0x08015985   Thumb Code   302  bsp.o(i.bsp_Init)
    bsp_SetDefaultControlValue               0x08015bdd   Thumb Code    44  bsp.o(i.bsp_SetDefaultControlValue)
    data_Init                                0x08015c0d   Thumb Code   252  bsp.o(i.data_Init)
    dbg_init                                 0x08015e31   Thumb Code    34  hal_cm4.o(i.dbg_init)
    dbg_task_notify                          0x08015e61   Thumb Code    32  hal_cm4.o(i.dbg_task_notify)
    dbg_task_switch                          0x08015e81   Thumb Code    16  hal_cm4.o(i.dbg_task_switch)
    i2c_Ack                                  0x08015e91   Thumb Code    44  bsp_i2c.o(i.i2c_Ack)
    i2c_CheckDevice                          0x08015ec1   Thumb Code    52  bsp_i2c.o(i.i2c_CheckDevice)
    i2c_Init                                 0x08015f09   Thumb Code    52  bsp_i2c.o(i.i2c_Init)
    i2c_NAck                                 0x08015f41   Thumb Code    36  bsp_i2c.o(i.i2c_NAck)
    i2c_ReadByte                             0x08015f69   Thumb Code    62  bsp_i2c.o(i.i2c_ReadByte)
    i2c_SendByte                             0x08015fad   Thumb Code    80  bsp_i2c.o(i.i2c_SendByte)
    i2c_Start                                0x08016001   Thumb Code    42  bsp_i2c.o(i.i2c_Start)
    i2c_Stop                                 0x08016031   Thumb Code    32  bsp_i2c.o(i.i2c_Stop)
    i2c_WaitAck                              0x08016055   Thumb Code    56  bsp_i2c.o(i.i2c_WaitAck)
    isr_evt_set                              0x08016091   Thumb Code    34  rt_event.o(i.isr_evt_set)
    isr_sem_send                             0x080160b9   Thumb Code    16  rt_semaphore.o(i.isr_sem_send)
    main                                     0x080160c9   Thumb Code    38  main.o(i.main)
    os_error                                 0x08016101   Thumb Code     4  rtx_conf_cm.o(i.os_error)
    os_idle_demon                            0x08016105   Thumb Code     4  rtx_conf_cm.o(i.os_idle_demon)
    os_tick_init                             0x08016109   Thumb Code    32  rt_system.o(i.os_tick_init)
    os_tick_irqack                           0x08016131   Thumb Code     2  rt_system.o(i.os_tick_irqack)
    os_tmr_call                              0x08016133   Thumb Code     2  rtx_conf_cm.o(i.os_tmr_call)
    rt_alloc_box                             0x08016135   Thumb Code    26  rt_membox.o(i.rt_alloc_box)
    rt_block                                 0x08016151   Thumb Code    48  rt_task.o(i.rt_block)
    rt_chk_robin                             0x08016189   Thumb Code    60  rt_robin.o(i.rt_chk_robin)
    rt_dec_dly                               0x080161d1   Thumb Code   106  rt_list.o(i.rt_dec_dly)
    rt_dispatch                              0x08016245   Thumb Code    60  rt_task.o(i.rt_dispatch)
    rt_dly_wait                              0x08016289   Thumb Code     6  rt_time.o(i.rt_dly_wait)
    rt_evt_psh                               0x08016291   Thumb Code    72  rt_event.o(i.rt_evt_psh)
    rt_evt_set                               0x080162dd   Thumb Code    90  rt_event.o(i.rt_evt_set)
    rt_evt_wait                              0x0801633d   Thumb Code    56  rt_event.o(i.rt_evt_wait)
    rt_free_box                              0x08016379   Thumb Code    32  rt_membox.o(i.rt_free_box)
    rt_get_first                             0x08016399   Thumb Code    40  rt_list.o(i.rt_get_first)
    rt_init_robin                            0x0801640d   Thumb Code    14  rt_robin.o(i.rt_init_robin)
    rt_init_stack                            0x08016425   Thumb Code    70  hal_cm4.o(i.rt_init_stack)
    rt_mbx_init                              0x08016475   Thumb Code    24  rt_mailbox.o(i.rt_mbx_init)
    rt_mbx_psh                               0x0801648d   Thumb Code   206  rt_mailbox.o(i.rt_mbx_psh)
    rt_mbx_send                              0x08016561   Thumb Code   160  rt_mailbox.o(i.rt_mbx_send)
    rt_mbx_wait                              0x08016605   Thumb Code   182  rt_mailbox.o(i.rt_mbx_wait)
    rt_pop_req                               0x080166c1   Thumb Code   112  rt_system.o(i.rt_pop_req)
    rt_psh_req                               0x0801673d   Thumb Code    22  rt_system.o(i.rt_psh_req)
    rt_psq_enq                               0x0801675d   Thumb Code    88  rt_list.o(i.rt_psq_enq)
    rt_put_dly                               0x080167b9   Thumb Code    68  rt_list.o(i.rt_put_dly)
    rt_put_prio                              0x08016801   Thumb Code    54  rt_list.o(i.rt_put_prio)
    rt_put_rdy_first                         0x08016839   Thumb Code    14  rt_list.o(i.rt_put_rdy_first)
    rt_rmv_dly                               0x0801684d   Thumb Code    40  rt_list.o(i.rt_rmv_dly)
    rt_rmv_list                              0x08016875   Thumb Code    44  rt_list.o(i.rt_rmv_list)
    rt_sem_init                              0x080168a5   Thumb Code    12  rt_semaphore.o(i.rt_sem_init)
    rt_sem_psh                               0x080168b1   Thumb Code    46  rt_semaphore.o(i.rt_sem_psh)
    rt_sem_wait                              0x080168e5   Thumb Code    58  rt_semaphore.o(i.rt_sem_wait)
    rt_stk_check                             0x08016925   Thumb Code    28  rt_system.o(i.rt_stk_check)
    rt_switch_req                            0x08016949   Thumb Code    30  rt_task.o(i.rt_switch_req)
    rt_sys_init                              0x08016971   Thumb Code   268  rt_task.o(i.rt_sys_init)
    rt_systick                               0x08016ac5   Thumb Code    50  rt_system.o(i.rt_systick)
    rt_tmr_tick                              0x08016b05   Thumb Code    56  rt_timer.o(i.rt_tmr_tick)
    rt_tsk_create                            0x08016b45   Thumb Code   122  rt_task.o(i.rt_tsk_create)
    rt_tsk_delete                            0x08016bd5   Thumb Code   336  rt_task.o(i.rt_tsk_delete)
    rt_tsk_lock                              0x08016d41   Thumb Code    72  rt_system.o(i.rt_tsk_lock)
    rt_tsk_unlock                            0x08016d91   Thumb Code    72  rt_system.o(i.rt_tsk_unlock)
    os_maxtaskrun                            0x08016de0   Data           2  rtx_conf_cm.o(.constdata)
    os_stackinfo                             0x08016de4   Data           4  rtx_conf_cm.o(.constdata)
    os_rrobin                                0x08016de8   Data           4  rtx_conf_cm.o(.constdata)
    os_trv                                   0x08016dec   Data           4  rtx_conf_cm.o(.constdata)
    os_flags                                 0x08016df0   Data           1  rtx_conf_cm.o(.constdata)
    os_clockrate                             0x08016df4   Data           4  rtx_conf_cm.o(.constdata)
    os_timernum                              0x08016df8   Data           4  rtx_conf_cm.o(.constdata)
    mp_tcb_size                              0x08016dfc   Data           2  rtx_conf_cm.o(.constdata)
    mp_stk_size                              0x08016e00   Data           4  rtx_conf_cm.o(.constdata)
    os_fifo_size                             0x08016e04   Data           1  rtx_conf_cm.o(.constdata)
    mp_tmr_size                              0x08016e06   Data           2  rtx_conf_cm.o(.constdata)
    RL_RTX_Version                           0x08016e08   Data           4  rt_system.o(.constdata)
    Region$$Table$$Base                      0x08016e50   Number         0  anon$$obj.o(Region$$Table)
    Region$$Table$$Limit                     0x08016e70   Number         0  anon$$obj.o(Region$$Table)
    Seat_Position_Now                        0x20000010   Data           8  main.o(.data)
    Seat_Position_Last                       0x20000018   Data           8  main.o(.data)
    Axis_MoveVelocity                        0x20000020   Data           8  main.o(.data)
    Motor_Current_Now                        0x20000028   Data           8  main.o(.data)
    Motor_Status_Flag                        0x20000030   Data           4  main.o(.data)
    Motor_Status_IT                          0x20000034   Data           4  main.o(.data)
    RecordNum                                0x20000038   Data           4  main.o(.data)
    RecordStorageBlockNum                    0x2000003c   Data           1  main.o(.data)
    RecordSeekOK                             0x2000003d   Data           1  main.o(.data)
    CbrtDataOK                               0x2000003e   Data           1  main.o(.data)
    SeatStatus                               0x2000003f   Data           1  main.o(.data)
    TimeOfRtc                                0x20000040   Data           6  main.o(.data)
    AppVer                                   0x20000046   Data           1  main.o(.data)
    UART1_ReceiveSize                        0x20000048   Data           2  bsp_rs485.o(.data)
    UART1_TransmitSize                       0x2000004a   Data           2  bsp_rs485.o(.data)
    Flag_NVM_OK                              0x2000004c   Data           1  bsp_i2c.o(.data)
    RTC_Time_DefaultValue                    0x2000004d   Data           6  bsp_rtc.o(.data)
    Flag_RTC_OK                              0x20000053   Data           1  bsp_rtc.o(.data)
    MotorStage                               0x20000054   Data           4  bsp_motor.o(.data)
    m_tmr                                    0x20000058   Data           4  rtx_conf_cm.o(.data)
    comstrlen                                0x2000005c   Data           1  bsp.o(.data)
    HandleTaskUartRcv                        0x20000060   Data           4  user_rtx.o(.data)
    HandleTaskUartTsmt                       0x20000064   Data           4  user_rtx.o(.data)
    HandleTaskADCGetValue                    0x20000068   Data           4  user_rtx.o(.data)
    HandleTaskKeyScan                        0x2000006c   Data           4  user_rtx.o(.data)
    HandleTaskSeatControlLogic               0x20000070   Data           4  user_rtx.o(.data)
    HandleTaskSeatInfoRecord                 0x20000074   Data           4  user_rtx.o(.data)
    HandleTaskMotorStatusCheck               0x20000078   Data           4  user_rtx.o(.data)
    HandleTaskTaskSystemWatchdog             0x2000007c   Data           4  user_rtx.o(.data)
    UartTrans                                0x20000080   Data           8  user_rtx.o(.data)
    testMode                                 0x20000088   Data           1  user_rtx.o(.data)
    receiveFrameCounter                      0x2000008a   Data           1  user_comframe.o(.data)
    transmitFrame                            0x2000008b   Data           8  user_comframe.o(.data)
    transmitFrameLen                         0x20000093   Data           1  user_comframe.o(.data)
    os_tsk                                   0x20000094   Data           8  rt_task.o(.data)
    os_tick_irqn                             0x200000a0   Data           4  rt_system.o(.data)
    os_time                                  0x200000a4   Data           4  rt_time.o(.data)
    dbg_msg                                  0x200000a8   Data           1  hal_cm4.o(.data)
    os_tmr                                   0x200000ac   Data           8  rt_timer.o(.data)
    os_robin                                 0x200000b4   Data           8  rt_robin.o(.data)
    Axis_LinkPoint_Position                  0x200000c0   Data          10  main.o(.bss)
    Axis_Cbrt_Data                           0x200000ca   Data          36  main.o(.bss)
    SeatCbrtData                             0x200000ee   Data          47  main.o(.bss)
    Motor_Ctrl_Info                          0x2000011d   Data          44  main.o(.bss)
    SeatInfoRecordMemory                     0x20000149   Data         128  main.o(.bss)
    g_TxBuf                                  0x200003d0   Data         512  bsp_rs485.o(.bss)
    g_RxBuf                                  0x200005d0   Data         128  bsp_rs485.o(.bss)
    Motor_ADC_PotenValue                     0x20000650   Data          80  bsp_adc.o(.bss)
    Motor_ADC_CurrentValue                   0x200006a0   Data         800  bsp_adc.o(.bss)
    Motor_ADCValueArray_Poten1               0x200009c0   Data          20  bsp_adc.o(.bss)
    Motor_ADCValueArray_Poten2               0x200009d4   Data          20  bsp_adc.o(.bss)
    Motor_ADCValueArray_Poten3               0x200009e8   Data          20  bsp_adc.o(.bss)
    Motor_ADCValueArray_Poten4               0x200009fc   Data          20  bsp_adc.o(.bss)
    Motor_ADCValueArray_Current1             0x20000a10   Data         200  bsp_adc.o(.bss)
    Motor_ADCValueArray_Current2             0x20000ad8   Data         200  bsp_adc.o(.bss)
    Motor_ADCValueArray_Current3             0x20000ba0   Data         200  bsp_adc.o(.bss)
    Motor_ADCValueArray_Current4             0x20000c68   Data         200  bsp_adc.o(.bss)
    TIM_TimeBaseStructure                    0x20000d30   Data          12  bsp_tim.o(.bss)
    TIM_OCInitStructure                      0x20000d3c   Data          20  bsp_tim.o(.bss)
    mbx_KeyValue                             0x20000dbc   Data          56  bsp_key.o(.bss)
    KeyValuePool                             0x20000df4   Data          52  bsp_key.o(.bss)
    mp_tcb                                   0x20000e28   Data         908  rtx_conf_cm.o(.bss)
    mp_stk                                   0x200011b8   Data        7184  rtx_conf_cm.o(.bss)
    os_fifo                                  0x20002dc8   Data         132  rtx_conf_cm.o(.bss)
    os_active_TCB                            0x20002e4c   Data          64  rtx_conf_cm.o(.bss)
    comInfo                                  0x20002e8c   Data          80  bsp.o(.bss)
    Seat_Logic_Data                          0x200039e0   Data          34  user_controllogic.o(.bss)
    receiveFrameBuf                          0x20003a02   Data         128  user_comframe.o(.bss)
    os_idle_TCB                              0x20003a84   Data          56  rt_task.o(.bss)
    os_rdy                                   0x20003abc   Data          24  rt_list.o(.bss)
    os_dly                                   0x20003ad4   Data          24  rt_list.o(.bss)
    __initial_sp                             0x20004af0   Data           0  startup_stm32f429_439xx.o(STACK)



==============================================================================

Memory Map of the image

  Image Entry point : 0x080101ad

  Load Region LR_IROM1 (Base: 0x08010000, Size: 0x00006f2c, Max: 0x00040000, ABSOLUTE)

    Execution Region ER_IROM1 (Base: 0x08010000, Size: 0x00006e70, Max: 0x00040000, ABSOLUTE)

    Base Addr    Size         Type   Attr      Idx    E Section Name        Object

    0x08010000   0x000001ac   Data   RO            3    RESET               startup_stm32f429_439xx.o
    0x080101ac   0x00000000   Code   RO         7385  * .ARM.Collect$$$$00000000  mc_w.l(entry.o)
    0x080101ac   0x00000004   Code   RO         7663    .ARM.Collect$$$$00000001  mc_w.l(entry2.o)
    0x080101b0   0x00000004   Code   RO         7666    .ARM.Collect$$$$00000004  mc_w.l(entry5.o)
    0x080101b4   0x00000000   Code   RO         7668    .ARM.Collect$$$$00000008  mc_w.l(entry7b.o)
    0x080101b4   0x00000000   Code   RO         7670    .ARM.Collect$$$$0000000A  mc_w.l(entry8b.o)
    0x080101b4   0x00000008   Code   RO         7671    .ARM.Collect$$$$0000000B  mc_w.l(entry9a.o)
    0x080101bc   0x00000000   Code   RO         7673    .ARM.Collect$$$$0000000D  mc_w.l(entry10a.o)
    0x080101bc   0x00000000   Code   RO         7675    .ARM.Collect$$$$0000000F  mc_w.l(entry11a.o)
    0x080101bc   0x00000004   Code   RO         7664    .ARM.Collect$$$$00002712  mc_w.l(entry2.o)
    0x080101c0   0x000001b4   Code   RO         7214    .emb_text           RTX_CM4.LIB(hal_cm4.o)
    0x08010374   0x00000024   Code   RO            4    .text               startup_stm32f429_439xx.o
    0x08010398   0x000000c0   Code   RO         6787    .text               arm_cortexM4lf_math.lib(arm_mean_q15.o)
    0x08010458   0x00000024   Code   RO         7388    .text               mc_w.l(memcpya.o)
    0x0801047c   0x00000024   Code   RO         7390    .text               mc_w.l(memseta.o)
    0x080104a0   0x000000e4   Code   RO         7655    .text               mf_w.l(dmul.o)
    0x08010584   0x000000de   Code   RO         7657    .text               mf_w.l(ddiv.o)
    0x08010662   0x00000022   Code   RO         7659    .text               mf_w.l(dflti.o)
    0x08010684   0x00000038   Code   RO         7661    .text               mf_w.l(d2f.o)
    0x080106bc   0x00000062   Code   RO         7680    .text               mc_w.l(uldiv.o)
    0x0801071e   0x00000000   Code   RO         7682    .text               mc_w.l(iusefp.o)
    0x0801071e   0x0000006e   Code   RO         7683    .text               mf_w.l(fepilogue.o)
    0x0801078c   0x000000ba   Code   RO         7685    .text               mf_w.l(depilogue.o)
    0x08010846   0x00000002   PAD
    0x08010848   0x00000024   Code   RO         7693    .text               mc_w.l(init.o)
    0x0801086c   0x0000001e   Code   RO         7695    .text               mc_w.l(llshl.o)
    0x0801088a   0x00000020   Code   RO         7697    .text               mc_w.l(llushr.o)
    0x080108aa   0x00000002   PAD
    0x080108ac   0x00000004   Code   RO         7382    SVC_TABLE           RTX_CM4.LIB(svc_table.o)
    0x080108b0   0x00000016   Code   RO          228    i.ADC_Cmd           stm32f4xx_adc.o
    0x080108c6   0x00000002   PAD
    0x080108c8   0x00000030   Code   RO          229    i.ADC_CommonInit    stm32f4xx_adc.o
    0x080108f8   0x00000016   Code   RO          232    i.ADC_DMACmd        stm32f4xx_adc.o
    0x0801090e   0x00000016   Code   RO          233    i.ADC_DMARequestAfterLastTransferCmd  stm32f4xx_adc.o
    0x08010924   0x00000054   Code   RO          248    i.ADC_Init          stm32f4xx_adc.o
    0x08010978   0x000000b8   Code   RO          253    i.ADC_RegularChannelConfig  stm32f4xx_adc.o
    0x08010a30   0x0000000a   Code   RO          255    i.ADC_SoftwareStartConv  stm32f4xx_adc.o
    0x08010a3a   0x00000024   Code   RO         5929    i.Abs_MinusOne      bsp_motor.o
    0x08010a5e   0x00000024   Code   RO         5930    i.Abs_PlusOne       bsp_motor.o
    0x08010a82   0x00000004   Code   RO         5317    i.BusFault_Handler  stm32f4xx_it.o
    0x08010a86   0x00000002   PAD
    0x08010a88   0x00000094   Code   RO         6462    i.CbrtedSeatLogic_BackClose_PressDown  user_controllogic.o
    0x08010b1c   0x000001e4   Code   RO         6463    i.CbrtedSeatLogic_BackOpen_PressDown  user_controllogic.o
    0x08010d00   0x00000094   Code   RO         6465    i.CbrtedSeatLogic_FootOpen_PressDown  user_controllogic.o
    0x08010d94   0x0000002c   Code   RO         6466    i.CbrtedSeatLogic_Key_Popup  user_controllogic.o
    0x08010dc0   0x0000031c   Code   RO         6467    i.CbrtedSeatLogic_LegClose_PressDown  user_controllogic.o
    0x080110dc   0x00000094   Code   RO         6468    i.CbrtedSeatLogic_LegOpen_PressDown  user_controllogic.o
    0x08011170   0x0000014c   Code   RO         6469    i.CbrtedSeatLogic_OneKeyClose_PressDown  user_controllogic.o
    0x080112bc   0x0000019c   Code   RO         6470    i.CbrtedSeatLogic_OneKeyHalf_PressDown  user_controllogic.o
    0x08011458   0x00000148   Code   RO         6471    i.CbrtedSeatLogic_OneKeyOpen_PressDown  user_controllogic.o
    0x080115a0   0x0000001e   Code   RO         6315    i.CheckSum          bsp_flash.o
    0x080115be   0x00000002   PAD
    0x080115c0   0x0000003c   Code   RO         6571    i.ComFrame_Action_AppConfirm  user_comframe.o
    0x080115fc   0x00000038   Code   RO         6572    i.ComFrame_Action_ConnectionConfirm  user_comframe.o
    0x08011634   0x00000044   Code   RO         6573    i.ComFrame_Action_GotoTestMode  user_comframe.o
    0x08011678   0x00000044   Code   RO         6574    i.ComFrame_Action_OutTestMode  user_comframe.o
    0x080116bc   0x00000044   Code   RO         6575    i.ComFrame_Action_ReportAppVersion  user_comframe.o
    0x08011700   0x0000004c   Code   RO         6576    i.ComFrame_Action_SystemReboot  user_comframe.o
    0x0801174c   0x00000046   Code   RO         6577    i.ComFrame_ConnectCMDAction  user_comframe.o
    0x08011792   0x00000036   Code   RO         6578    i.ComFrame_FrameCheck  user_comframe.o
    0x080117c8   0x0000005c   Code   RO         6579    i.ComFrame_FrameCopyToBuf  user_comframe.o
    0x08011824   0x00000020   Code   RO         6580    i.ComFrame_GetCheckSum  user_comframe.o
    0x08011844   0x0000008e   Code   RO         6581    i.ComFrame_KeyCMDAction  user_comframe.o
    0x080118d2   0x00000076   Code   RO         6582    i.ComFrame_ReadCMDAction  user_comframe.o
    0x08011948   0x00000070   Code   RO         6583    i.ComFrame_Read_GetAxisClosePosition  user_comframe.o
    0x080119b8   0x00000070   Code   RO         6584    i.ComFrame_Read_GetAxisHalfPosition  user_comframe.o
    0x08011a28   0x0000006c   Code   RO         6585    i.ComFrame_Read_GetAxisOpenPosition  user_comframe.o
    0x08011a94   0x00000074   Code   RO         6586    i.ComFrame_Read_GetLinkPosition  user_comframe.o
    0x08011b08   0x00000064   Code   RO         6587    i.ComFrame_Read_GetMotorCurrentNow  user_comframe.o
    0x08011b6c   0x00000064   Code   RO         6588    i.ComFrame_Read_GetMotorPositionNow  user_comframe.o
    0x08011bd0   0x0000006c   Code   RO         6589    i.ComFrame_Read_GetMotorReverseFlag  user_comframe.o
    0x08011c3c   0x00000060   Code   RO         6590    i.ComFrame_Read_GetMotorSpeedofSet  user_comframe.o
    0x08011c9c   0x0000006c   Code   RO         6591    i.ComFrame_Read_GetPotenReverseFlag  user_comframe.o
    0x08011d08   0x00000080   Code   RO         6592    i.ComFrame_WriteCMDAction  user_comframe.o
    0x08011d88   0x00000068   Code   RO         6593    i.ComFrame_Write_SaveCbrtDataToFlash  user_comframe.o
    0x08011df0   0x00000074   Code   RO         6594    i.ComFrame_Write_SetAxisClosePosition  user_comframe.o
    0x08011e64   0x00000060   Code   RO         6595    i.ComFrame_Write_SetAxisHalfPosition  user_comframe.o
    0x08011ec4   0x00000074   Code   RO         6596    i.ComFrame_Write_SetAxisOpenPosition  user_comframe.o
    0x08011f38   0x00000068   Code   RO         6597    i.ComFrame_Write_SetLinkPosition  user_comframe.o
    0x08011fa0   0x00000074   Code   RO         6598    i.ComFrame_Write_SetMotorReverseFlag  user_comframe.o
    0x08012014   0x00000068   Code   RO         6599    i.ComFrame_Write_SetMotorSpeed  user_comframe.o
    0x0801207c   0x00000074   Code   RO         6600    i.ComFrame_Write_SetPotenReverseFlag  user_comframe.o
    0x080120f0   0x0000001c   Code   RO         5439    i.ConfigUartNVIC    bsp_rs485.o
    0x0801210c   0x0000009c   Code   RO         6472    i.ControlLogic_CbrtedSeat  user_controllogic.o
    0x080121a8   0x000000e4   Code   RO         6473    i.ControlLogic_NonCbrtedSeat  user_controllogic.o
    0x0801228c   0x00000034   Code   RO         1247    i.DMA_ClearFlag     stm32f4xx_dma.o
    0x080122c0   0x00000016   Code   RO         1249    i.DMA_Cmd           stm32f4xx_dma.o
    0x080122d6   0x00000002   PAD
    0x080122d8   0x00000158   Code   RO         1250    i.DMA_DeInit        stm32f4xx_dma.o
    0x08012430   0x00000014   Code   RO         1254    i.DMA_GetCmdStatus  stm32f4xx_dma.o
    0x08012444   0x00000008   Code   RO         1255    i.DMA_GetCurrDataCounter  stm32f4xx_dma.o
    0x0801244c   0x00000044   Code   RO         1258    i.DMA_GetFlagStatus  stm32f4xx_dma.o
    0x08012490   0x00000058   Code   RO         1261    i.DMA_Init          stm32f4xx_dma.o
    0x080124e8   0x00000004   Code   RO         1264    i.DMA_SetCurrDataCounter  stm32f4xx_dma.o
    0x080124ec   0x00000002   Code   RO         5318    i.DebugMon_Handler  stm32f4xx_it.o
    0x080124ee   0x00000002   PAD
    0x080124f0   0x00000024   Code   RO         5440    i.DmaReceiveReopen  bsp_rs485.o
    0x08012514   0x00000044   Code   RO         5441    i.DmaSendDataProc   bsp_rs485.o
    0x08012558   0x0000003a   Code   RO         5931    i.EXTI15_10_IRQHandler  bsp_motor.o
    0x08012592   0x00000020   Code   RO         5932    i.EXTI9_5_IRQHandler  bsp_motor.o
    0x080125b2   0x00000002   PAD
    0x080125b4   0x0000000c   Code   RO         1533    i.EXTI_ClearITPendingBit  stm32f4xx_exti.o
    0x080125c0   0x00000018   Code   RO         1537    i.EXTI_GetITStatus  stm32f4xx_exti.o
    0x080125d8   0x00000094   Code   RO         1538    i.EXTI_Init         stm32f4xx_exti.o
    0x0801266c   0x0000000c   Code   RO         1598    i.FLASH_ClearFlag   stm32f4xx_flash.o
    0x08012678   0x00000088   Code   RO         1604    i.FLASH_EraseSector  stm32f4xx_flash.o
    0x08012700   0x00000054   Code   RO         1606    i.FLASH_GetStatus   stm32f4xx_flash.o
    0x08012754   0x00000014   Code   RO         1610    i.FLASH_Lock        stm32f4xx_flash.o
    0x08012768   0x0000004c   Code   RO         1631    i.FLASH_ProgramByte  stm32f4xx_flash.o
    0x080127b4   0x00000024   Code   RO         1636    i.FLASH_Unlock      stm32f4xx_flash.o
    0x080127d8   0x00000022   Code   RO         1637    i.FLASH_WaitForLastOperation  stm32f4xx_flash.o
    0x080127fa   0x00000002   PAD
    0x080127fc   0x000000e4   Code   RO         6316    i.Flash_GetSector   bsp_flash.o
    0x080128e0   0x00000016   Code   RO         6317    i.Flash_ReadBuf     bsp_flash.o
    0x080128f6   0x00000002   PAD
    0x080128f8   0x00000048   Code   RO         6318    i.Flash_ReadRecord  bsp_flash.o
    0x08012940   0x00000044   Code   RO         6319    i.Flash_WriteBuf    bsp_flash.o
    0x08012984   0x00000030   Code   RO         6320    i.Flash_WriteRecord  bsp_flash.o
    0x080129b4   0x00000090   Code   RO         2094    i.GPIO_Init         stm32f4xx_gpio.o
    0x08012a44   0x00000046   Code   RO         2095    i.GPIO_PinAFConfig  stm32f4xx_gpio.o
    0x08012a8a   0x00000004   Code   RO         2101    i.GPIO_ResetBits    stm32f4xx_gpio.o
    0x08012a8e   0x00000004   Code   RO         2102    i.GPIO_SetBits      stm32f4xx_gpio.o
    0x08012a92   0x00000002   PAD
    0x08012a94   0x00000020   Code   RO         6234    i.GetAllMotorStatus  bsp.o
    0x08012ab4   0x00000004   Code   RO         5319    i.HardFault_Handler  stm32f4xx_it.o
    0x08012ab8   0x00000108   Code   RO         5442    i.InitDMAUart       bsp_rs485.o
    0x08012bc0   0x00000064   Code   RO         5443    i.InitUartGPIO      bsp_rs485.o
    0x08012c24   0x00000080   Code   RO         5444    i.InitUartMode      bsp_rs485.o
    0x08012ca4   0x00000030   Code   RO         5445    i.InitUartVar       bsp_rs485.o
    0x08012cd4   0x00000014   Code   RO         6074    i.IsKeyDown0        bsp_key.o
    0x08012ce8   0x00000014   Code   RO         6075    i.IsKeyDown1        bsp_key.o
    0x08012cfc   0x00000014   Code   RO         6076    i.IsKeyDown2        bsp_key.o
    0x08012d10   0x00000014   Code   RO         6077    i.IsKeyDown3        bsp_key.o
    0x08012d24   0x00000014   Code   RO         6078    i.IsKeyDown4        bsp_key.o
    0x08012d38   0x00000014   Code   RO         6079    i.IsKeyDown5        bsp_key.o
    0x08012d4c   0x00000014   Code   RO         6080    i.IsKeyDown6        bsp_key.o
    0x08012d60   0x00000014   Code   RO         6081    i.IsKeyDown7        bsp_key.o
    0x08012d74   0x00000014   Code   RO         6082    i.IsKeyDown8        bsp_key.o
    0x08012d88   0x00000078   Code   RO         6083    i.Key_DetectOneStatus  bsp_key.o
    0x08012e00   0x00000034   Code   RO         6084    i.Key_GPIO_Init     bsp_key.o
    0x08012e34   0x00000034   Code   RO         6085    i.Key_GetFromFIFO   bsp_key.o
    0x08012e68   0x0000000c   Code   RO         6086    i.Key_Init          bsp_key.o
    0x08012e74   0x00000040   Code   RO         6087    i.Key_PutIntoFIFO   bsp_key.o
    0x08012eb4   0x0000004e   Code   RO         6088    i.Key_ScanAll       bsp_key.o
    0x08012f02   0x00000002   PAD
    0x08012f04   0x000000b4   Code   RO         6089    i.Key_SetRowValue   bsp_key.o
    0x08012fb8   0x0000000e   Code   RO         6090    i.Key_SoftDelay     bsp_key.o
    0x08012fc6   0x00000002   PAD
    0x08012fc8   0x0000009c   Code   RO         6091    i.Key_Struct_Init   bsp_key.o
    0x08013064   0x00000040   Code   RO         5382    i.LED_GPIO_Config   bsp_led.o
    0x080130a4   0x00000004   Code   RO         5320    i.MemManage_Handler  stm32f4xx_it.o
    0x080130a8   0x0000001c   Code   RO         5933    i.MotorInit         bsp_motor.o
    0x080130c4   0x00000054   Code   RO         6474    i.MotorSpeedLimit   user_controllogic.o
    0x08013118   0x00000124   Code   RO         5761    i.Motor_ADCValueAverage  bsp_adc.o
    0x0801323c   0x00000028   Code   RO         5762    i.Motor_ADC_GPIO_Config  bsp_adc.o
    0x08013264   0x00000028   Code   RO         5763    i.Motor_ADC_Init    bsp_adc.o
    0x0801328c   0x0000006c   Code   RO         5764    i.Motor_ADC_Mode_Config  bsp_adc.o
    0x080132f8   0x0000004c   Code   RO         5765    i.Motor_ADC_SetCurrentChannel  bsp_adc.o
    0x08013344   0x0000004c   Code   RO         5766    i.Motor_ADC_SetPotenChannel  bsp_adc.o
    0x08013390   0x00000024   Code   RO         5767    i.Motor_ADC_Start   bsp_adc.o
    0x080133b4   0x00000010   Code   RO         5768    i.Motor_ADC_Stop    bsp_adc.o
    0x080133c4   0x000000d0   Code   RO         5935    i.Motor_Action_Normal  bsp_motor.o
    0x08013494   0x00000088   Code   RO         5936    i.Motor_BrakeON     bsp_motor.o
    0x0801351c   0x00000088   Code   RO         5937    i.Motor_BrakeRelease  bsp_motor.o
    0x080135a4   0x00000088   Code   RO         5938    i.Motor_ChangeToStatus_Active  bsp_motor.o
    0x0801362c   0x00000088   Code   RO         5940    i.Motor_ChangeToStatus_Standby  bsp_motor.o
    0x080136b4   0x000000c4   Code   RO         5941    i.Motor_ControlPin_Init  bsp_motor.o
    0x08013778   0x0000006c   Code   RO         5769    i.Motor_DMAConfig_CurrentMode  bsp_adc.o
    0x080137e4   0x00000068   Code   RO         5770    i.Motor_DMAConfig_PotenMode  bsp_adc.o
    0x0801384c   0x00000076   Code   RO         5942    i.Motor_DriveByStage  bsp_motor.o
    0x080138c2   0x00000002   PAD
    0x080138c4   0x0000014c   Code   RO         5944    i.Motor_FaultPin_Init  bsp_motor.o
    0x08013a10   0x00000028   Code   RO         5695    i.Motor_GetChipStatus  bsp_spi.o
    0x08013a38   0x00000028   Code   RO         5771    i.Motor_GetCurrentValue  bsp_adc.o
    0x08013a60   0x00000018   Code   RO         5772    i.Motor_GetPositionCurrentData  bsp_adc.o
    0x08013a78   0x00000028   Code   RO         5773    i.Motor_GetPotenValue  bsp_adc.o
    0x08013aa0   0x0000005c   Code   RO         5870    i.Motor_PWM_GPIO_Config  bsp_tim.o
    0x08013afc   0x0000000c   Code   RO         5871    i.Motor_PWM_Init    bsp_tim.o
    0x08013b08   0x0000008c   Code   RO         5872    i.Motor_PWM_Output  bsp_tim.o
    0x08013b94   0x00000098   Code   RO         5874    i.Motor_PWM_TIM_Mode_Config  bsp_tim.o
    0x08013c2c   0x0000004c   Code   RO         5696    i.Motor_SPI_ChipDiselect  bsp_spi.o
    0x08013c78   0x0000004c   Code   RO         5697    i.Motor_SPI_ChipSelect  bsp_spi.o
    0x08013cc4   0x00000158   Code   RO         5698    i.Motor_SPI_Init    bsp_spi.o
    0x08013e1c   0x00000050   Code   RO         5699    i.Motor_SPI_WriteWord  bsp_spi.o
    0x08013e6c   0x000000e0   Code   RO         5945    i.Motor_SetMoveDirection  bsp_motor.o
    0x08013f4c   0x00000008   Code   RO           13    i.MySystemInit      system_stm32f4xx.o
    0x08013f54   0x00000002   Code   RO         5321    i.NMI_Handler       stm32f4xx_it.o
    0x08013f56   0x00000002   PAD
    0x08013f58   0x00000078   Code   RO          170    i.NVIC_Init         misc.o
    0x08013fd0   0x00000014   Code   RO          171    i.NVIC_PriorityGroupConfig  misc.o
    0x08013fe4   0x00000014   Code   RO          172    i.NVIC_SetVectorTable  misc.o
    0x08013ff8   0x00000028   Code   RO         5531    i.NVM_I2C_Init      bsp_i2c.o
    0x08014020   0x00000084   Code   RO         5532    i.NVM_I2C_Read      bsp_i2c.o
    0x080140a4   0x0000000c   Code   RO         2882    i.PWR_BackupAccessCmd  stm32f4xx_pwr.o
    0x080140b0   0x00000020   Code   RO         3029    i.RCC_AHB1PeriphClockCmd  stm32f4xx_rcc.o
    0x080140d0   0x00000020   Code   RO         3038    i.RCC_APB1PeriphClockCmd  stm32f4xx_rcc.o
    0x080140f0   0x00000020   Code   RO         3040    i.RCC_APB1PeriphResetCmd  stm32f4xx_rcc.o
    0x08014110   0x00000020   Code   RO         3041    i.RCC_APB2PeriphClockCmd  stm32f4xx_rcc.o
    0x08014130   0x00000020   Code   RO         3043    i.RCC_APB2PeriphResetCmd  stm32f4xx_rcc.o
    0x08014150   0x000000e8   Code   RO         3050    i.RCC_GetClocksFreq  stm32f4xx_rcc.o
    0x08014238   0x00000040   Code   RO         3051    i.RCC_GetFlagStatus  stm32f4xx_rcc.o
    0x08014278   0x0000002c   Code   RO         3059    i.RCC_LSEConfig     stm32f4xx_rcc.o
    0x080142a4   0x0000000c   Code   RO         3073    i.RCC_RTCCLKCmd     stm32f4xx_rcc.o
    0x080142b0   0x0000003c   Code   RO         3074    i.RCC_RTCCLKConfig  stm32f4xx_rcc.o
    0x080142ec   0x00000018   Code   RO         5446    i.RS485_UART_Init   bsp_rs485.o
    0x08014304   0x00000016   Code   RO         3436    i.RTC_Bcd2ToByte    stm32f4xx_rtc.o
    0x0801431a   0x00000048   Code   RO         5641    i.RTC_CLK_Config    bsp_rtc.o
    0x08014362   0x00000002   PAD
    0x08014364   0x00000054   Code   RO         5642    i.RTC_CheckRTCSet   bsp_rtc.o
    0x080143b8   0x00000050   Code   RO         3448    i.RTC_EnterInitMode  stm32f4xx_rtc.o
    0x08014408   0x00000014   Code   RO         3449    i.RTC_ExitInitMode  stm32f4xx_rtc.o
    0x0801441c   0x0000004c   Code   RO         3452    i.RTC_GetDate       stm32f4xx_rtc.o
    0x08014468   0x00000050   Code   RO         3457    i.RTC_GetTime       stm32f4xx_rtc.o
    0x080144b8   0x00000064   Code   RO         3462    i.RTC_Init          stm32f4xx_rtc.o
    0x0801451c   0x00000020   Code   RO         3465    i.RTC_ReadBackupRegister  stm32f4xx_rtc.o
    0x0801453c   0x00000058   Code   RO         5643    i.RTC_TimeAndDate_Get  bsp_rtc.o
    0x08014594   0x00000060   Code   RO         3485    i.RTC_WaitForSynchro  stm32f4xx_rtc.o
    0x080145f4   0x00000024   Code   RO         6092    i.RTX_Key_Init      bsp_key.o
    0x08014618   0x00000014   Code   RO         5645    i.Record_RTC_Init   bsp_rtc.o
    0x0801462c   0x00000018   Code   RO         4184    i.SPI_Cmd           stm32f4xx_spi.o
    0x08014644   0x00000012   Code   RO         4192    i.SPI_I2S_GetFlagStatus  stm32f4xx_spi.o
    0x08014656   0x00000006   Code   RO         4195    i.SPI_I2S_ReceiveData  stm32f4xx_spi.o
    0x0801465c   0x00000004   Code   RO         4196    i.SPI_I2S_SendData  stm32f4xx_spi.o
    0x08014660   0x0000003c   Code   RO         4197    i.SPI_Init          stm32f4xx_spi.o
    0x0801469c   0x00000040   Code   RO         4349    i.SYSCFG_EXTILineConfig  stm32f4xx_syscfg.o
    0x080146dc   0x000000f0   Code   RO         6475    i.SeatLogicDataInit  user_controllogic.o
    0x080147cc   0x000000a0   Code   RO         5534    i.SeekRecord        bsp_i2c.o
    0x0801486c   0x00000120   Code   RO           14    i.SetSysClock       system_stm32f4xx.o
    0x0801498c   0x00000068   Code   RO           16    i.SystemInit        system_stm32f4xx.o
    0x080149f4   0x00000018   Code   RO         4422    i.TIM_Cmd           stm32f4xx_tim.o
    0x08014a0c   0x0000001e   Code   RO         4424    i.TIM_CtrlPWMOutputs  stm32f4xx_tim.o
    0x08014a2a   0x00000002   PAD
    0x08014a2c   0x0000007c   Code   RO         4451    i.TIM_OC1Init       stm32f4xx_tim.o
    0x08014aa8   0x00000012   Code   RO         4454    i.TIM_OC1PreloadConfig  stm32f4xx_tim.o
    0x08014aba   0x00000002   PAD
    0x08014abc   0x000000a4   Code   RO         4456    i.TIM_OC2Init       stm32f4xx_tim.o
    0x08014b60   0x0000001a   Code   RO         4459    i.TIM_OC2PreloadConfig  stm32f4xx_tim.o
    0x08014b7a   0x00000002   PAD
    0x08014b7c   0x000000a0   Code   RO         4461    i.TIM_OC3Init       stm32f4xx_tim.o
    0x08014c1c   0x00000012   Code   RO         4464    i.TIM_OC3PreloadConfig  stm32f4xx_tim.o
    0x08014c2e   0x00000002   PAD
    0x08014c30   0x00000078   Code   RO         4466    i.TIM_OC4Init       stm32f4xx_tim.o
    0x08014ca8   0x0000001a   Code   RO         4468    i.TIM_OC4PreloadConfig  stm32f4xx_tim.o
    0x08014cc2   0x00000004   Code   RO         4484    i.TIM_SetCompare1   stm32f4xx_tim.o
    0x08014cc6   0x00000004   Code   RO         4485    i.TIM_SetCompare2   stm32f4xx_tim.o
    0x08014cca   0x00000004   Code   RO         4486    i.TIM_SetCompare3   stm32f4xx_tim.o
    0x08014cce   0x00000004   Code   RO         4487    i.TIM_SetCompare4   stm32f4xx_tim.o
    0x08014cd2   0x00000002   PAD
    0x08014cd4   0x00000084   Code   RO         4494    i.TIM_TimeBaseInit  stm32f4xx_tim.o
    0x08014d58   0x00000088   Code   RO         6375    i.Task_ADC_GetValue  user_rtx.o
    0x08014de0   0x00000014   Code   RO         6376    i.Task_Key_Scan     user_rtx.o
    0x08014df4   0x0000006c   Code   RO         6378    i.Task_Seat_ControlLogic  user_rtx.o
    0x08014e60   0x000000e4   Code   RO         6380    i.Task_System_Setup  user_rtx.o
    0x08014f44   0x0000003c   Code   RO         6382    i.Task_Uart_Receive  user_rtx.o
    0x08014f80   0x00000038   Code   RO         6383    i.Task_Uart_Transmit  user_rtx.o
    0x08014fb8   0x000000e4   Code   RO         5447    i.USART1_IRQHandler  bsp_rs485.o
    0x0801509c   0x00000012   Code   RO         4972    i.USART_ClearFlag   stm32f4xx_usart.o
    0x080150ae   0x0000001e   Code   RO         4973    i.USART_ClearITPendingBit  stm32f4xx_usart.o
    0x080150cc   0x00000018   Code   RO         4976    i.USART_Cmd         stm32f4xx_usart.o
    0x080150e4   0x00000012   Code   RO         4977    i.USART_DMACmd      stm32f4xx_usart.o
    0x080150f6   0x00000002   PAD
    0x080150f8   0x000000f0   Code   RO         4978    i.USART_DeInit      stm32f4xx_usart.o
    0x080151e8   0x0000001a   Code   RO         4979    i.USART_GetFlagStatus  stm32f4xx_usart.o
    0x08015202   0x00000054   Code   RO         4980    i.USART_GetITStatus  stm32f4xx_usart.o
    0x08015256   0x0000004a   Code   RO         4982    i.USART_ITConfig    stm32f4xx_usart.o
    0x080152a0   0x000000d4   Code   RO         4983    i.USART_Init        stm32f4xx_usart.o
    0x08015374   0x0000000a   Code   RO         4990    i.USART_ReceiveData  stm32f4xx_usart.o
    0x0801537e   0x00000002   PAD
    0x08015380   0x000000ac   Code   RO         6601    i.UartDataProcess   user_comframe.o
    0x0801542c   0x0000003c   Code   RO         5448    i.UartSendBuf       bsp_rs485.o
    0x08015468   0x00000004   Code   RO         5322    i.UsageFault_Handler  stm32f4xx_it.o
    0x0801546c   0x00000028   Code   RO         7603    i.__0sprintf$8      mc_w.l(printf8.o)
    0x08015494   0x0000000e   Code   RO         7703    i.__scatterload_copy  mc_w.l(handlers.o)
    0x080154a2   0x00000002   Code   RO         7704    i.__scatterload_null  mc_w.l(handlers.o)
    0x080154a4   0x0000000e   Code   RO         7705    i.__scatterload_zeroinit  mc_w.l(handlers.o)
    0x080154b2   0x0000001e   Code   RO         7184    i._calloc_box       RTX_CM4.LIB(rt_membox.o)
    0x080154d0   0x00000046   Code   RO         7185    i._init_box         RTX_CM4.LIB(rt_membox.o)
    0x08015516   0x00000002   PAD
    0x08015518   0x00000410   Code   RO         7608    i._printf_core      mc_w.l(printf8.o)
    0x08015928   0x00000024   Code   RO         7609    i._printf_post_padding  mc_w.l(printf8.o)
    0x0801594c   0x0000002e   Code   RO         7610    i._printf_pre_padding  mc_w.l(printf8.o)
    0x0801597a   0x0000000a   Code   RO         7612    i._sputc            mc_w.l(printf8.o)
    0x08015984   0x00000258   Code   RO         6235    i.bsp_Init          bsp.o
    0x08015bdc   0x00000030   Code   RO         6236    i.bsp_SetDefaultControlValue  bsp.o
    0x08015c0c   0x00000224   Code   RO         6239    i.data_Init         bsp.o
    0x08015e30   0x00000030   Code   RO         7215    i.dbg_init          RTX_CM4.LIB(hal_cm4.o)
    0x08015e60   0x00000020   Code   RO         7216    i.dbg_task_notify   RTX_CM4.LIB(hal_cm4.o)
    0x08015e80   0x00000010   Code   RO         7217    i.dbg_task_switch   RTX_CM4.LIB(hal_cm4.o)
    0x08015e90   0x00000030   Code   RO         5536    i.i2c_Ack           bsp_i2c.o
    0x08015ec0   0x00000038   Code   RO         5537    i.i2c_CheckDevice   bsp_i2c.o
    0x08015ef8   0x0000000e   Code   RO         5538    i.i2c_Delay         bsp_i2c.o
    0x08015f06   0x00000002   PAD
    0x08015f08   0x00000038   Code   RO         5539    i.i2c_Init          bsp_i2c.o
    0x08015f40   0x00000028   Code   RO         5540    i.i2c_NAck          bsp_i2c.o
    0x08015f68   0x00000044   Code   RO         5541    i.i2c_ReadByte      bsp_i2c.o
    0x08015fac   0x00000054   Code   RO         5542    i.i2c_SendByte      bsp_i2c.o
    0x08016000   0x00000030   Code   RO         5543    i.i2c_Start         bsp_i2c.o
    0x08016030   0x00000024   Code   RO         5544    i.i2c_Stop          bsp_i2c.o
    0x08016054   0x0000003c   Code   RO         5545    i.i2c_WaitAck       bsp_i2c.o
    0x08016090   0x00000028   Code   RO         7021    i.isr_evt_set       RTX_CM4.LIB(rt_event.o)
    0x080160b8   0x00000010   Code   RO         7115    i.isr_sem_send      RTX_CM4.LIB(rt_semaphore.o)
    0x080160c8   0x00000038   Code   RO         5230    i.main              main.o
    0x08016100   0x00000004   Code   RO         6199    i.os_error          rtx_conf_cm.o
    0x08016104   0x00000004   Code   RO         6200    i.os_idle_demon     rtx_conf_cm.o
    0x08016108   0x00000028   Code   RO         6933    i.os_tick_init      RTX_CM4.LIB(rt_system.o)
    0x08016130   0x00000002   Code   RO         6934    i.os_tick_irqack    RTX_CM4.LIB(rt_system.o)
    0x08016132   0x00000002   Code   RO         6201    i.os_tmr_call       rtx_conf_cm.o
    0x08016134   0x0000001a   Code   RO         7186    i.rt_alloc_box      RTX_CM4.LIB(rt_membox.o)
    0x0801614e   0x00000002   PAD
    0x08016150   0x00000038   Code   RO         6833    i.rt_block          RTX_CM4.LIB(rt_task.o)
    0x08016188   0x00000048   Code   RO         7361    i.rt_chk_robin      RTX_CM4.LIB(rt_robin.o)
    0x080161d0   0x00000074   Code   RO         7255    i.rt_dec_dly        RTX_CM4.LIB(rt_list.o)
    0x08016244   0x00000044   Code   RO         6834    i.rt_dispatch       RTX_CM4.LIB(rt_task.o)
    0x08016288   0x00000006   Code   RO         7151    i.rt_dly_wait       RTX_CM4.LIB(rt_time.o)
    0x0801628e   0x00000002   PAD
    0x08016290   0x0000004c   Code   RO         7024    i.rt_evt_psh        RTX_CM4.LIB(rt_event.o)
    0x080162dc   0x00000060   Code   RO         7025    i.rt_evt_set        RTX_CM4.LIB(rt_event.o)
    0x0801633c   0x0000003c   Code   RO         7026    i.rt_evt_wait       RTX_CM4.LIB(rt_event.o)
    0x08016378   0x00000020   Code   RO         7187    i.rt_free_box       RTX_CM4.LIB(rt_membox.o)
    0x08016398   0x00000028   Code   RO         7256    i.rt_get_first      RTX_CM4.LIB(rt_list.o)
    0x080163c0   0x0000004c   Code   RO         6835    i.rt_init_context   RTX_CM4.LIB(rt_task.o)
    0x0801640c   0x00000018   Code   RO         7362    i.rt_init_robin     RTX_CM4.LIB(rt_robin.o)
    0x08016424   0x00000050   Code   RO         7218    i.rt_init_stack     RTX_CM4.LIB(hal_cm4.o)
    0x08016474   0x00000018   Code   RO         7066    i.rt_mbx_init       RTX_CM4.LIB(rt_mailbox.o)
    0x0801648c   0x000000d4   Code   RO         7067    i.rt_mbx_psh        RTX_CM4.LIB(rt_mailbox.o)
    0x08016560   0x000000a4   Code   RO         7068    i.rt_mbx_send       RTX_CM4.LIB(rt_mailbox.o)
    0x08016604   0x000000bc   Code   RO         7069    i.rt_mbx_wait       RTX_CM4.LIB(rt_mailbox.o)
    0x080166c0   0x0000007c   Code   RO         6935    i.rt_pop_req        RTX_CM4.LIB(rt_system.o)
    0x0801673c   0x00000020   Code   RO         6936    i.rt_psh_req        RTX_CM4.LIB(rt_system.o)
    0x0801675c   0x0000005c   Code   RO         7258    i.rt_psq_enq        RTX_CM4.LIB(rt_list.o)
    0x080167b8   0x00000048   Code   RO         7259    i.rt_put_dly        RTX_CM4.LIB(rt_list.o)
    0x08016800   0x00000036   Code   RO         7260    i.rt_put_prio       RTX_CM4.LIB(rt_list.o)
    0x08016836   0x00000002   PAD
    0x08016838   0x00000014   Code   RO         7261    i.rt_put_rdy_first  RTX_CM4.LIB(rt_list.o)
    0x0801684c   0x00000028   Code   RO         7263    i.rt_rmv_dly        RTX_CM4.LIB(rt_list.o)
    0x08016874   0x00000030   Code   RO         7264    i.rt_rmv_list       RTX_CM4.LIB(rt_list.o)
    0x080168a4   0x0000000c   Code   RO         7116    i.rt_sem_init       RTX_CM4.LIB(rt_semaphore.o)
    0x080168b0   0x00000034   Code   RO         7117    i.rt_sem_psh        RTX_CM4.LIB(rt_semaphore.o)
    0x080168e4   0x00000040   Code   RO         7119    i.rt_sem_wait       RTX_CM4.LIB(rt_semaphore.o)
    0x08016924   0x00000024   Code   RO         6938    i.rt_stk_check      RTX_CM4.LIB(rt_system.o)
    0x08016948   0x00000028   Code   RO         6836    i.rt_switch_req     RTX_CM4.LIB(rt_task.o)
    0x08016970   0x00000154   Code   RO         6837    i.rt_sys_init       RTX_CM4.LIB(rt_task.o)
    0x08016ac4   0x00000040   Code   RO         6940    i.rt_systick        RTX_CM4.LIB(rt_system.o)
    0x08016b04   0x00000040   Code   RO         7336    i.rt_tmr_tick       RTX_CM4.LIB(rt_timer.o)
    0x08016b44   0x00000090   Code   RO         6838    i.rt_tsk_create     RTX_CM4.LIB(rt_task.o)
    0x08016bd4   0x0000016c   Code   RO         6839    i.rt_tsk_delete     RTX_CM4.LIB(rt_task.o)
    0x08016d40   0x00000050   Code   RO         6941    i.rt_tsk_lock       RTX_CM4.LIB(rt_system.o)
    0x08016d90   0x00000050   Code   RO         6942    i.rt_tsk_unlock     RTX_CM4.LIB(rt_system.o)
    0x08016de0   0x00000028   Data   RO         6203    .constdata          rtx_conf_cm.o
    0x08016e08   0x00000004   Data   RO         6943    .constdata          RTX_CM4.LIB(rt_system.o)
    0x08016e0c   0x00000044   Data   RO         6241    .conststring        bsp.o
    0x08016e50   0x00000020   Data   RO         7701    Region$$Table       anon$$obj.o


    Execution Region RW_IRAM1 (Base: 0x20000000, Size: 0x00004af0, Max: 0x00040000, ABSOLUTE)

    Base Addr    Size         Type   Attr      Idx    E Section Name        Object

    0x20000000   0x00000010   Data   RW         3082    .data               stm32f4xx_rcc.o
    0x20000010   0x00000037   Data   RW         5232    .data               main.o
    0x20000047   0x00000001   PAD
    0x20000048   0x00000004   Data   RW         5452    .data               bsp_rs485.o
    0x2000004c   0x00000001   Data   RW         5546    .data               bsp_i2c.o
    0x2000004d   0x00000007   Data   RW         5646    .data               bsp_rtc.o
    0x20000054   0x00000004   Data   RW         5947    .data               bsp_motor.o
    0x20000058   0x00000004   Data   RW         6204    .data               rtx_conf_cm.o
    0x2000005c   0x00000001   Data   RW         6242    .data               bsp.o
    0x2000005d   0x00000003   PAD
    0x20000060   0x0000002a   Data   RW         6385    .data               user_rtx.o
    0x2000008a   0x0000000a   Data   RW         6603    .data               user_comframe.o
    0x20000094   0x00000008   Data   RW         6844    .data               RTX_CM4.LIB(rt_task.o)
    0x2000009c   0x00000008   Data   RW         6944    .data               RTX_CM4.LIB(rt_system.o)
    0x200000a4   0x00000004   Data   RW         7155    .data               RTX_CM4.LIB(rt_time.o)
    0x200000a8   0x00000001   Data   RW         7219    .data               RTX_CM4.LIB(hal_cm4.o)
    0x200000a9   0x00000003   PAD
    0x200000ac   0x00000008   Data   RW         7337    .data               RTX_CM4.LIB(rt_timer.o)
    0x200000b4   0x00000008   Data   RW         7363    .data               RTX_CM4.LIB(rt_robin.o)
    0x200000bc   0x00000004   PAD
    0x200000c0   0x00000310   Zero   RW         5231    .bss                main.o
    0x200003d0   0x00000280   Zero   RW         5451    .bss                bsp_rs485.o
    0x20000650   0x000006e0   Zero   RW         5774    .bss                bsp_adc.o
    0x20000d30   0x00000020   Zero   RW         5875    .bss                bsp_tim.o
    0x20000d50   0x000000d8   Zero   RW         6093    .bss                bsp_key.o
    0x20000e28   0x00002064   Zero   RW         6202    .bss                rtx_conf_cm.o
    0x20002e8c   0x00000050   Zero   RW         6240    .bss                bsp.o
    0x20002edc   0x00000004   PAD
    0x20002ee0   0x00000b00   Zero   RW         6384    .bss                user_rtx.o
    0x200039e0   0x00000022   Zero   RW         6476    .bss                user_controllogic.o
    0x20003a02   0x00000080   Zero   RW         6602    .bss                user_comframe.o
    0x20003a82   0x00000002   PAD
    0x20003a84   0x00000038   Zero   RW         6843    .bss                RTX_CM4.LIB(rt_task.o)
    0x20003abc   0x00000030   Zero   RW         7265    .bss                RTX_CM4.LIB(rt_list.o)
    0x20003aec   0x00000004   PAD
    0x20003af0   0x00001000   Zero   RW            1    STACK               startup_stm32f429_439xx.o


==============================================================================

Image component sizes


      Code (inc. data)   RO Data    RW Data    ZI Data      Debug   Object Name

      1228        604         68          1         80       3445   bsp.o
      1000        126          0          0       1760       8739   bsp_adc.o
       468         58          0          0          0       4685   bsp_flash.o
       842         52          0          1          0       9114   bsp_i2c.o
       944        150          0          0        216      12532   bsp_key.o
        64          4          0          0          0        542   bsp_led.o
      1812        150          0          4          0       9558   bsp_motor.o
       984        106          0          4        640       6434   bsp_rs485.o
       264         22          0          7          0      10107   bsp_rtc.o
       616         58          0          0          0       3549   bsp_spi.o
       396         24          0          0         32       2556   bsp_tim.o
        56         18          0         55        784      11441   main.o
       160         32          0          0          0       2329   misc.o
        10          0         40          4       8292       2628   rtx_conf_cm.o
        36          8        428          0       4096        972   startup_stm32f429_439xx.o
       392         24          0          0          0       5959   stm32f4xx_adc.o
       606         54          0          0          0       6719   stm32f4xx_dma.o
       184         16          0          0          0       2340   stm32f4xx_exti.o
       398         40          0          0          0       4949   stm32f4xx_flash.o
       222          0          0          0          0       3175   stm32f4xx_gpio.o
        20          0          0          0          0       2769   stm32f4xx_it.o
        12          6          0          0          0        586   stm32f4xx_pwr.o
       572         72          0         16          0       8792   stm32f4xx_rcc.o
       506         42          0          0          0       6448   stm32f4xx_rtc.o
       112          0          0          0          0       3846   stm32f4xx_spi.o
        64          4          0          0          0        704   stm32f4xx_syscfg.o
       858         66          0          0          0      10854   stm32f4xx_tim.o
       736         42          0          0          0       8054   stm32f4xx_usart.o
       400         32          0          0          0     362288   system_stm32f4xx.o
      3036        380          0         10        128      49858   user_comframe.o
      3548        226          0          0         34      10906   user_controllogic.o
       608        168          0         42       2816      13205   user_rtx.o

    ----------------------------------------------------------------------
     21198       2584        568        148      18884     590083   Object Totals
         0          0         32          0          0          0   (incl. Generated)
        44          0          0          4          6          0   (incl. Padding)

    ----------------------------------------------------------------------

      Code (inc. data)   RO Data    RW Data    ZI Data      Debug   Library Member Name

       612         56          0          1          0       3045   hal_cm4.o
       272         20          0          0          0       2622   rt_event.o
       482         28          0          0         48       7588   rt_list.o
       588         16          0          0          0       3115   rt_mailbox.o
       158          0          0          0          0       2563   rt_membox.o
        96         22          0          8          0       1142   rt_robin.o
       144         12          0          0          0       2268   rt_semaphore.o
       458         68          4          8          0       4972   rt_system.o
      1088        154          0          8         56       7598   rt_task.o
         6          0          0          4          0        624   rt_time.o
        64          8          0          8          0        679   rt_timer.o
         4          4          0          0          0        168   svc_table.o
       192          0          0          0          0      17263   arm_mean_q15.o
         0          0          0          0          0          0   entry.o
         0          0          0          0          0          0   entry10a.o
         0          0          0          0          0          0   entry11a.o
         8          4          0          0          0          0   entry2.o
         4          0          0          0          0          0   entry5.o
         0          0          0          0          0          0   entry7b.o
         0          0          0          0          0          0   entry8b.o
         8          4          0          0          0          0   entry9a.o
        30          0          0          0          0          0   handlers.o
        36          8          0          0          0         68   init.o
         0          0          0          0          0          0   iusefp.o
        30          0          0          0          0         68   llshl.o
        32          0          0          0          0         68   llushr.o
        36          0          0          0          0         68   memcpya.o
        36          0          0          0          0        108   memseta.o
      1172         50          0          0          0        420   printf8.o
        98          0          0          0          0         92   uldiv.o
        56          0          0          0          0         88   d2f.o
       222          0          0          0          0        100   ddiv.o
       186          0          0          0          0        176   depilogue.o
        34          0          0          0          0         76   dflti.o
       228          0          0          0          0         96   dmul.o
       110          0          0          0          0        168   fepilogue.o

    ----------------------------------------------------------------------
      6502        454          4         40        112      55243   Library Totals
        12          0          0          3          8          0   (incl. Padding)

    ----------------------------------------------------------------------

      Code (inc. data)   RO Data    RW Data    ZI Data      Debug   Library Name

      3972        388          4         37        104      36384   RTX_CM4.LIB
       192          0          0          0          0      17263   arm_cortexM4lf_math.lib
      1490         66          0          0          0        892   mc_w.l
       836          0          0          0          0        704   mf_w.l

    ----------------------------------------------------------------------
      6502        454          4         40        112      55243   Library Totals

    ----------------------------------------------------------------------

==============================================================================


      Code (inc. data)   RO Data    RW Data    ZI Data      Debug   

     27700       3038        572        188      18996     617050   Grand Totals
     27700       3038        572        188      18996     617050   ELF Image Totals
     27700       3038        572        188          0          0   ROM Totals

==============================================================================

    Total RO  Size (Code + RO Data)                28272 (  27.61kB)
    Total RW  Size (RW Data + ZI Data)             19184 (  18.73kB)
    Total ROM Size (Code + RO Data + RW Data)      28460 (  27.79kB)

==============================================================================

